Archive member included to satisfy reference by file (symbol)

C:\Users\B4T\Documents\sloeber-workspace\TEST_MKR1010\Release\arduino.ar(CDC.cpp.o)
                              .\sloeber.ino.cpp.o (Serial_::begin(unsigned long))
C:\Users\B4T\Documents\sloeber-workspace\TEST_MKR1010\Release\arduino.ar(PluggableUSB.cpp.o)
                              C:\Users\B4T\Documents\sloeber-workspace\TEST_MKR1010\Release\arduino.ar(CDC.cpp.o) (PluggableUSB_::plug(PluggableUSBModule*))
C:\Users\B4T\Documents\sloeber-workspace\TEST_MKR1010\Release\arduino.ar(USBCore.cpp.o)
                              C:\Users\B4T\Documents\sloeber-workspace\TEST_MKR1010\Release\arduino.ar(CDC.cpp.o) (usbd)
C:\Users\B4T\Documents\sloeber-workspace\TEST_MKR1010\Release\arduino.ar(Print.cpp.o)
                              .\app.cpp.o (Print::print(char const*))
C:\Users\B4T\Documents\sloeber-workspace\TEST_MKR1010\Release\arduino.ar(Reset.cpp.o)
                              C:\Users\B4T\Documents\sloeber-workspace\TEST_MKR1010\Release\arduino.ar(CDC.cpp.o) (initiateReset)
C:\Users\B4T\Documents\sloeber-workspace\TEST_MKR1010\Release\arduino.ar(SERCOM.cpp.o)
                              .\core\variant\variant.cpp.o (SERCOM::SERCOM(Sercom*))
C:\Users\B4T\Documents\sloeber-workspace\TEST_MKR1010\Release\arduino.ar(Uart.cpp.o)
                              .\core\variant\variant.cpp.o (Uart::Uart(SERCOM*, unsigned char, unsigned char, SercomRXPad, SercomUartTXPad, unsigned char, unsigned char))
C:\Users\B4T\Documents\sloeber-workspace\TEST_MKR1010\Release\arduino.ar(abi.cpp.o)
                              C:\Users\B4T\Documents\sloeber-workspace\TEST_MKR1010\Release\arduino.ar(Print.cpp.o) (__cxa_pure_virtual)
C:\Users\B4T\Documents\sloeber-workspace\TEST_MKR1010\Release\arduino.ar(cortex_handlers.c.o)
                              (Reset_Handler)
C:\Users\B4T\Documents\sloeber-workspace\TEST_MKR1010\Release\arduino.ar(delay.c.o)
                              .\DynamentSensor.cpp.o (millis)
C:\Users\B4T\Documents\sloeber-workspace\TEST_MKR1010\Release\arduino.ar(hooks.c.o)
                              C:\Users\B4T\Documents\sloeber-workspace\TEST_MKR1010\Release\arduino.ar(delay.c.o) (yield)
C:\Users\B4T\Documents\sloeber-workspace\TEST_MKR1010\Release\arduino.ar(main.cpp.o)
                              c:/users/b4t/downloads/sloeber-ide-v4.4.3-win32.win32.x86_64/sloeber/arduinoplugin/packages/arduino/tools/arm-none-eabi-gcc/7-2017q4/bin/../lib/gcc/arm-none-eabi/7.2.1/../../../../arm-none-eabi/lib/thumb/v6-m/crt0.o (main)
C:\Users\B4T\Documents\sloeber-workspace\TEST_MKR1010\Release\arduino.ar(new.cpp.o)
                              C:\Users\B4T\Documents\sloeber-workspace\TEST_MKR1010\Release\arduino.ar(USBCore.cpp.o) (operator new(unsigned int))
C:\Users\B4T\Documents\sloeber-workspace\TEST_MKR1010\Release\arduino.ar(startup.c.o)
                              C:\Users\B4T\Documents\sloeber-workspace\TEST_MKR1010\Release\arduino.ar(cortex_handlers.c.o) (SystemInit)
C:\Users\B4T\Documents\sloeber-workspace\TEST_MKR1010\Release\arduino.ar(wiring.c.o)
                              C:\Users\B4T\Documents\sloeber-workspace\TEST_MKR1010\Release\arduino.ar(main.cpp.o) (init)
C:\Users\B4T\Documents\sloeber-workspace\TEST_MKR1010\Release\arduino.ar(wiring_analog.c.o)
                              C:\Users\B4T\Documents\sloeber-workspace\TEST_MKR1010\Release\arduino.ar(wiring.c.o) (analogReference)
C:\Users\B4T\Documents\sloeber-workspace\TEST_MKR1010\Release\arduino.ar(wiring_digital.c.o)
                              .\core\variant\variant.cpp.o (pinMode)
C:\Users\B4T\Documents\sloeber-workspace\TEST_MKR1010\Release\arduino.ar(wiring_private.c.o)
                              .\core\variant\variant.cpp.o (pinPeripheral)
c:/users/b4t/downloads/sloeber-ide-v4.4.3-win32.win32.x86_64/sloeber/arduinoplugin/packages/arduino/tools/arm-none-eabi-gcc/7-2017q4/bin/../lib/gcc/arm-none-eabi/7.2.1/thumb/v6-m\libgcc.a(_thumb1_case_uqi.o)
                              .\app.cpp.o (__gnu_thumb1_case_uqi)
c:/users/b4t/downloads/sloeber-ide-v4.4.3-win32.win32.x86_64/sloeber/arduinoplugin/packages/arduino/tools/arm-none-eabi-gcc/7-2017q4/bin/../lib/gcc/arm-none-eabi/7.2.1/thumb/v6-m\libgcc.a(_udivsi3.o)
                              C:\Users\B4T\Documents\sloeber-workspace\TEST_MKR1010\Release\arduino.ar(USBCore.cpp.o) (__aeabi_uidiv)
c:/users/b4t/downloads/sloeber-ide-v4.4.3-win32.win32.x86_64/sloeber/arduinoplugin/packages/arduino/tools/arm-none-eabi-gcc/7-2017q4/bin/../lib/gcc/arm-none-eabi/7.2.1/thumb/v6-m\libgcc.a(_divsi3.o)
                              C:\Users\B4T\Documents\sloeber-workspace\TEST_MKR1010\Release\arduino.ar(USBCore.cpp.o) (__aeabi_idiv)
c:/users/b4t/downloads/sloeber-ide-v4.4.3-win32.win32.x86_64/sloeber/arduinoplugin/packages/arduino/tools/arm-none-eabi-gcc/7-2017q4/bin/../lib/gcc/arm-none-eabi/7.2.1/thumb/v6-m\libgcc.a(_dvmd_tls.o)
[...]
Memory Configuration

Name             Origin             Length             Attributes
FLASH            0x00002000         0x0003e000         xr
RAM              0x20000000         0x00008000         xrw
*default*        0x00000000         0xffffffff

Linker script and memory map

LOAD c:/users/b4t/downloads/sloeber-ide-v4.4.3-win32.win32.x86_64/sloeber/arduinoplugin/packages/arduino/tools/arm-none-eabi-gcc/7-2017q4/bin/../lib/gcc/arm-none-eabi/7.2.1/thumb/v6-m/crti.o
LOAD c:/users/b4t/downloads/sloeber-ide-v4.4.3-win32.win32.x86_64/sloeber/arduinoplugin/packages/arduino/tools/arm-none-eabi-gcc/7-2017q4/bin/../lib/gcc/arm-none-eabi/7.2.1/thumb/v6-m/crtbegin.o
LOAD c:/users/b4t/downloads/sloeber-ide-v4.4.3-win32.win32.x86_64/sloeber/arduinoplugin/packages/arduino/tools/arm-none-eabi-gcc/7-2017q4/bin/../lib/gcc/arm-none-eabi/7.2.1/../../../../arm-none-eabi/lib/thumb/v6-m/crt0.o
LOAD .\DynamentSensor.cpp.o
LOAD .\app.cpp.o
LOAD .\sloeber.ino.cpp.o
LOAD .\store.cpp.o
LOAD .\core\variant\variant.cpp.o
START GROUP
LOAD C:\Users\B4T\Downloads\sloeber-ide-V4.4.3-win32.win32.x86_64\Sloeber\arduinoPlugin\packages\arduino\tools\CMSIS\4.5.0/CMSIS/Lib/GCC/\libarm_cortexM0l_math.a
LOAD C:\Users\B4T\Documents\sloeber-workspace\TEST_MKR1010\Release\arduino.ar
END GROUP
LOAD c:/users/b4t/downloads/sloeber-ide-v4.4.3-win32.win32.x86_64/sloeber/arduinoplugin/packages/arduino/tools/arm-none-eabi-gcc/7-2017q4/bin/../lib/gcc/arm-none-eabi/7.2.1/../../../../arm-none-eabi/lib/thumb/v6-m\libstdc++_nano.a
LOAD c:/users/b4t/downloads/sloeber-ide-v4.4.3-win32.win32.x86_64/sloeber/arduinoplugin/packages/arduino/tools/arm-none-eabi-gcc/7-2017q4/bin/../lib/gcc/arm-none-eabi/7.2.1/../../../../arm-none-eabi/lib/thumb/v6-m\libm.a
START GROUP
LOAD c:/users/b4t/downloads/sloeber-ide-v4.4.3-win32.win32.x86_64/sloeber/arduinoplugin/packages/arduino/tools/arm-none-eabi-gcc/7-2017q4/bin/../lib/gcc/arm-none-eabi/7.2.1/thumb/v6-m\libgcc.a
LOAD c:/users/b4t/downloads/sloeber-ide-v4.4.3-win32.win32.x86_64/sloeber/arduinoplugin/packages/arduino/tools/arm-none-eabi-gcc/7-2017q4/bin/../lib/gcc/arm-none-eabi/7.2.1/../../../../arm-none-eabi/lib/thumb/v6-m\libc_nano.a
END GROUP
START GROUP
LOAD c:/users/b4t/downloads/sloeber-ide-v4.4.3-win32.win32.x86_64/sloeber/arduinoplugin/packages/arduino/tools/arm-none-eabi-gcc/7-2017q4/bin/../lib/gcc/arm-none-eabi/7.2.1/thumb/v6-m\libgcc.a
LOAD c:/users/b4t/downloads/sloeber-ide-v4.4.3-win32.win32.x86_64/sloeber/arduinoplugin/packages/arduino/tools/arm-none-eabi-gcc/7-2017q4/bin/../lib/gcc/arm-none-eabi/7.2.1/../../../../arm-none-eabi/lib/thumb/v6-m\libc_nano.a
LOAD c:/users/b4t/downloads/sloeber-ide-v4.4.3-win32.win32.x86_64/sloeber/arduinoplugin/packages/arduino/tools/arm-none-eabi-gcc/7-2017q4/bin/../lib/gcc/arm-none-eabi/7.2.1/../../../../arm-none-eabi/lib/thumb/v6-m\libnosys.a
END GROUP
START GROUP
LOAD c:/users/b4t/downloads/sloeber-ide-v4.4.3-win32.win32.x86_64/sloeber/arduinoplugin/packages/arduino/tools/arm-none-eabi-gcc/7-2017q4/bin/../lib/gcc/arm-none-eabi/7.2.1/thumb/v6-m\libgcc.a
LOAD c:/users/b4t/downloads/sloeber-ide-v4.4.3-win32.win32.x86_64/sloeber/arduinoplugin/packages/arduino/tools/arm-none-eabi-gcc/7-2017q4/bin/../lib/gcc/arm-none-eabi/7.2.1/../../../../arm-none-eabi/lib/thumb/v6-m\libc_nano.a
LOAD c:/users/b4t/downloads/sloeber-ide-v4.4.3-win32.win32.x86_64/sloeber/arduinoplugin/packages/arduino/tools/arm-none-eabi-gcc/7-2017q4/bin/../lib/gcc/arm-none-eabi/7.2.1/../../../../arm-none-eabi/lib/thumb/v6-m\libnosys.a
END GROUP
LOAD c:/users/b4t/downloads/sloeber-ide-v4.4.3-win32.win32.x86_64/sloeber/arduinoplugin/packages/arduino/tools/arm-none-eabi-gcc/7-2017q4/bin/../lib/gcc/arm-none-eabi/7.2.1/thumb/v6-m/crtend.o
LOAD c:/users/b4t/downloads/sloeber-ide-v4.4.3-win32.win32.x86_64/sloeber/arduinoplugin/packages/arduino/tools/arm-none-eabi-gcc/7-2017q4/bin/../lib/gcc/arm-none-eabi/7.2.1/thumb/v6-m/crtn.o

.text           0x00002000     0x5844
                0x00002000                __text_start__ = .
 *(.sketch_boot)
                0x00002000                . = ALIGN (0x2000)
 *(.isr_vector)
 .isr_vector    0x00002000       0xb4 C:\Users\B4T\Documents\sloeber-workspace\TEST_MKR1010\Release\arduino.ar(cortex_handlers.c.o)
                0x00002000                exception_table
 *(.text*)
 .text          0x000020b4       0x48 c:/users/b4t/downloads/sloeber-ide-v4.4.3-win32.win32.x86_64/sloeber/arduinoplugin/packages/arduino/tools/arm-none-eabi-gcc/7-2017q4/bin/../lib/gcc/arm-none-eabi/7.2.1/thumb/v6-m/crtbegin.o
 .text._ZN14DynamentSensorC2ER14HardwareSerial
                0x000020fc       0x56 .\DynamentSensor.cpp.o
                0x000020fc                DynamentSensor::DynamentSensor(HardwareSerial&)
                0x000020fc                DynamentSensor::DynamentSensor(HardwareSerial&)
 .text._ZNK14DynamentSensor11getResponseEv
                0x00002152        0x8 .\DynamentSensor.cpp.o
                0x00002152                DynamentSensor::getResponse() const
 .text._ZNK14DynamentSensor17getLatestGasValueEv
                0x0000215a        0x6 .\DynamentSensor.cpp.o
                0x0000215a                DynamentSensor::getLatestGasValue() const
 .text._ZNK14DynamentSensor18getLatestGasValue2Ev
                0x00002160        0x6 .\DynamentSensor.cpp.o
                0x00002160                DynamentSensor::getLatestGasValue2() const
 .text._ZNK14DynamentSensor16getLatestStatus1Ev
                0x00002166        0x8 .\DynamentSensor.cpp.o
                0x00002166                DynamentSensor::getLatestStatus1() const
 .text._ZNK14DynamentSensor16getLatestStatus2Ev
                0x0000216e        0x8 .\DynamentSensor.cpp.o
                0x0000216e                DynamentSensor::getLatestStatus2() const
 .text._ZN14DynamentSensor10resetStateEv
                0x00002176       0x46 .\DynamentSensor.cpp.o
                0x00002176                DynamentSensor::resetState()
 .text._ZN14DynamentSensor5beginEm
                0x000021bc       0x22 .\DynamentSensor.cpp.o
                0x000021bc                DynamentSensor::begin(unsigned long)
 *fill*         0x000021de        0x2 
 .text._ZN14DynamentSensor10sendPacketEhhhPKh
                0x000021e0       0xec .\DynamentSensor.cpp.o
                0x000021e0                DynamentSensor::sendPacket(unsigned char, unsigned char, unsigned char, unsigned char const*)
 .text._ZN14DynamentSensor20sendLiveData2RequestEv
                0x000022cc       0x3a .\DynamentSensor.cpp.o
                0x000022cc                DynamentSensor::sendLiveData2Request()
 *fill*         0x00002306        0x2 
 .text._ZN14DynamentSensor21readLiveData2ResponseEPKhi
                0x00002308       0x78 .\DynamentSensor.cpp.o
                0x00002308                DynamentSensor::readLiveData2Response(unsigned char const*, int)
 .text._ZN14DynamentSensor21processReceivedPacketEv
                0x00002380       0x52 .\DynamentSensor.cpp.o
                0x00002380                DynamentSensor::processReceivedPacket()
 .text._ZN14DynamentSensor19processIncomingByteEh
                0x000023d2      0x1bc .\DynamentSensor.cpp.o
                0x000023d2                DynamentSensor::processIncomingByte(unsigned char)
 .text._ZN14DynamentSensor4pollEv
                0x0000258e       0x26 .\DynamentSensor.cpp.o
                0x0000258e                DynamentSensor::poll()
 .text._Z28InitialiseDynamentSensorTaskv
                0x000025b4      0x198 .\app.cpp.o
                0x000025b4                InitialiseDynamentSensorTask()
 .text.startup._GLOBAL__sub_I_dynament
                0x0000274c       0x14 .\app.cpp.o
 .text.setup    0x00002760       0x2c .\sloeber.ino.cpp.o
                0x00002760                setup
 .text.loop     0x0000278c        0x8 .\sloeber.ino.cpp.o
                0x0000278c                loop
 .text._Z11Store_Clearv
                0x00002794       0x14 .\store.cpp.o
                0x00002794                Store_Clear()
 .text._Z10Store_Initv
                0x000027a8        0x8 .\store.cpp.o
                0x000027a8                Store_Init()
 .text._Z11initVariantv
                0x000027b0       0xf8 .\core\variant\variant.cpp.o
                0x000027b0                initVariant()
 .text.SERCOM5_Handler
                0x000028a8       0x10 .\core\variant\variant.cpp.o
                0x000028a8                SERCOM5_Handler
 .text.SERCOM4_Handler
                0x000028b8       0x10 .\core\variant\variant.cpp.o
                0x000028b8                SERCOM4_Handler
 .text.startup._GLOBAL__sub_I_g_APinDescription
                0x000028c8       0xa0 .\core\variant\variant.cpp.o
 .text._ZN7Serial_13getDescriptorER8USBSetup
                0x00002968        0x4 C:\Users\B4T\Documents\sloeber-workspace\TEST_MKR1010\Release\arduino.ar(CDC.cpp.o)
                0x00002968                Serial_::getDescriptor(USBSetup&)
 .text._ZL5utox8mPc
                0x0000296c       0x24 C:\Users\B4T\Documents\sloeber-workspace\TEST_MKR1010\Release\arduino.ar(CDC.cpp.o)
 .text._ZN7Serial_12getShortNameEPc
                0x00002990       0x44 C:\Users\B4T\Documents\sloeber-workspace\TEST_MKR1010\Release\arduino.ar(CDC.cpp.o)
                0x00002990                Serial_::getShortName(char*)
 .text._ZThn16_N7Serial_12getShortNameEPc
                0x000029d4       0x10 C:\Users\B4T\Documents\sloeber-workspace\TEST_MKR1010\Release\arduino.ar(CDC.cpp.o)
                0x000029d4                non-virtual thunk to Serial_::getShortName(char*)
 .text._ZN7Serial_14handleEndpointEi
                0x000029e4        0x2 C:\Users\B4T\Documents\sloeber-workspace\TEST_MKR1010\Release\arduino.ar(CDC.cpp.o)
                0x000029e4                Serial_::handleEndpoint(int)
 .text._ZN7Serial_17availableForWriteEv
                0x000029e6        0x4 C:\Users\B4T\Documents\sloeber-workspace\TEST_MKR1010\Release\arduino.ar(CDC.cpp.o)
                0x000029e6                Serial_::availableForWrite()
 .text._ZN7Serial_5writeEh
                0x000029ea       0x14 C:\Users\B4T\Documents\sloeber-workspace\TEST_MKR1010\Release\arduino.ar(CDC.cpp.o)
                0x000029ea                Serial_::write(unsigned char)
 *fill*         0x000029fe        0x2 
 .text._ZN7Serial_12getInterfaceEPh
                0x00002a00      0x11c C:\Users\B4T\Documents\sloeber-workspace\TEST_MKR1010\Release\arduino.ar(CDC.cpp.o)
                0x00002a00                Serial_::getInterface(unsigned char*)
 .text._ZThn16_N7Serial_12getInterfaceEPh
                0x00002b1c       0x10 C:\Users\B4T\Documents\sloeber-workspace\TEST_MKR1010\Release\arduino.ar(CDC.cpp.o)
                0x00002b1c                non-virtual thunk to Serial_::getInterface(unsigned char*)
 .text._ZN7Serial_5setupER8USBSetup
                0x00002b2c       0xa8 C:\Users\B4T\Documents\sloeber-workspace\TEST_MKR1010\Release\arduino.ar(CDC.cpp.o)
                0x00002b2c                Serial_::setup(USBSetup&)
 .text._ZThn16_N7Serial_5setupER8USBSetup
                0x00002bd4       0x10 C:\Users\B4T\Documents\sloeber-workspace\TEST_MKR1010\Release\arduino.ar(CDC.cpp.o)
                0x00002bd4                non-virtual thunk to Serial_::setup(USBSetup&)
 .text._ZN7Serial_9availableEv
                0x00002be4       0x20 C:\Users\B4T\Documents\sloeber-workspace\TEST_MKR1010\Release\arduino.ar(CDC.cpp.o)
                0x00002be4                Serial_::available()
 .text._ZN7Serial_5flushEv
                0x00002c04        0xe C:\Users\B4T\Documents\sloeber-workspace\TEST_MKR1010\Release\arduino.ar(CDC.cpp.o)
                0x00002c04                Serial_::flush()
 .text._ZN7Serial_5clearEv
                0x00002c12        0xe C:\Users\B4T\Documents\sloeber-workspace\TEST_MKR1010\Release\arduino.ar(CDC.cpp.o)
                0x00002c12                Serial_::clear()
 .text._ZN7Serial_5writeEPKhj
                0x00002c20       0x1e C:\Users\B4T\Documents\sloeber-workspace\TEST_MKR1010\Release\arduino.ar(CDC.cpp.o)
                0x00002c20                Serial_::write(unsigned char const*, unsigned int)
 *fill*         0x00002c3e        0x2 
 .text._ZN7Serial_4peekEv
                0x00002c40       0x1c C:\Users\B4T\Documents\sloeber-workspace\TEST_MKR1010\Release\arduino.ar(CDC.cpp.o)
                0x00002c40                Serial_::peek()
 .text._ZN7Serial_4readEv
                0x00002c5c       0x24 C:\Users\B4T\Documents\sloeber-workspace\TEST_MKR1010\Release\arduino.ar(CDC.cpp.o)
                0x00002c5c                Serial_::read()
 .text._ZThn16_N7Serial_14handleEndpointEi
                0x00002c80        0x2 C:\Users\B4T\Documents\sloeber-workspace\TEST_MKR1010\Release\arduino.ar(CDC.cpp.o)
                0x00002c80                non-virtual thunk to Serial_::handleEndpoint(int)
 .text._ZThn16_N7Serial_13getDescriptorER8USBSetup
                0x00002c82        0x4 C:\Users\B4T\Documents\sloeber-workspace\TEST_MKR1010\Release\arduino.ar(CDC.cpp.o)
                0x00002c82                non-virtual thunk to Serial_::getDescriptor(USBSetup&)
 .text.resetExternalChip
                0x00002c86        0x2 C:\Users\B4T\Documents\sloeber-workspace\TEST_MKR1010\Release\arduino.ar(CDC.cpp.o)
                0x00002c86                resetExternalChip
 .text._ZN7Serial_C2ER14USBDeviceClass
                0x00002c88       0x50 C:\Users\B4T\Documents\sloeber-workspace\TEST_MKR1010\Release\arduino.ar(CDC.cpp.o)
                0x00002c88                Serial_::Serial_(USBDeviceClass&)
                0x00002c88                Serial_::Serial_(USBDeviceClass&)
 .text._ZN7Serial_15enableInterruptEv
                0x00002cd8       0x30 C:\Users\B4T\Documents\sloeber-workspace\TEST_MKR1010\Release\arduino.ar(CDC.cpp.o)
                0x00002cd8                Serial_::enableInterrupt()
 .text._ZN7Serial_5beginEm
                0x00002d08        0x2 C:\Users\B4T\Documents\sloeber-workspace\TEST_MKR1010\Release\arduino.ar(CDC.cpp.o)
                0x00002d08                Serial_::begin(unsigned long)
 *fill*         0x00002d0a        0x2 
 .text._ZN7Serial_cvbEv
                0x00002d0c       0x28 C:\Users\B4T\Documents\sloeber-workspace\TEST_MKR1010\Release\arduino.ar(CDC.cpp.o)
                0x00002d0c                Serial_::operator bool()
 .text.startup._GLOBAL__sub_I__ZN7Serial_12getInterfaceEPh
                0x00002d34       0x14 C:\Users\B4T\Documents\sloeber-workspace\TEST_MKR1010\Release\arduino.ar(CDC.cpp.o)
 .text._ZN13PluggableUSB_12getInterfaceEPh
                0x00002d48       0x28 C:\Users\B4T\Documents\sloeber-workspace\TEST_MKR1010\Release\arduino.ar(PluggableUSB.cpp.o)
                0x00002d48                PluggableUSB_::getInterface(unsigned char*)
 .text._ZN13PluggableUSB_13getDescriptorER8USBSetup
                0x00002d70       0x20 C:\Users\B4T\Documents\sloeber-workspace\TEST_MKR1010\Release\arduino.ar(PluggableUSB.cpp.o)
                0x00002d70                PluggableUSB_::getDescriptor(USBSetup&)
 .text._ZN13PluggableUSB_12getShortNameEPc
                0x00002d90       0x26 C:\Users\B4T\Documents\sloeber-workspace\TEST_MKR1010\Release\arduino.ar(PluggableUSB.cpp.o)
                0x00002d90                PluggableUSB_::getShortName(char*)
 .text._ZN13PluggableUSB_5setupER8USBSetup
                0x00002db6       0x20 C:\Users\B4T\Documents\sloeber-workspace\TEST_MKR1010\Release\arduino.ar(PluggableUSB.cpp.o)
                0x00002db6                PluggableUSB_::setup(USBSetup&)
 .text._ZN13PluggableUSB_14handleEndpointEi
                0x00002dd6       0x1a C:\Users\B4T\Documents\sloeber-workspace\TEST_MKR1010\Release\arduino.ar(PluggableUSB.cpp.o)
                0x00002dd6                PluggableUSB_::handleEndpoint(int)
 .text._ZN13PluggableUSB_4plugEP18PluggableUSBModule
                0x00002df0       0x58 C:\Users\B4T\Documents\sloeber-workspace\TEST_MKR1010\Release\arduino.ar(PluggableUSB.cpp.o)
                0x00002df0                PluggableUSB_::plug(PluggableUSBModule*)
 .text._Z12PluggableUSBv
                0x00002e48       0x24 C:\Users\B4T\Documents\sloeber-workspace\TEST_MKR1010\Release\arduino.ar(PluggableUSB.cpp.o)
                0x00002e48                PluggableUSB()
 .text._ZN26DoubleBufferedEPOutHandlerD2Ev
                0x00002e6c        0x2 C:\Users\B4T\Documents\sloeber-workspace\TEST_MKR1010\Release\arduino.ar(USBCore.cpp.o)
                0x00002e6c                DoubleBufferedEPOutHandler::~DoubleBufferedEPOutHandler()
                0x00002e6c                DoubleBufferedEPOutHandler::~DoubleBufferedEPOutHandler()
 .text._ZN26DoubleBufferedEPOutHandlerD0Ev
                0x00002e6e        0xc C:\Users\B4T\Documents\sloeber-workspace\TEST_MKR1010\Release\arduino.ar(USBCore.cpp.o)
                0x00002e6e                DoubleBufferedEPOutHandler::~DoubleBufferedEPOutHandler()
 *fill*         0x00002e7a        0x2 
 .text._ZN14USBDeviceClass6initEPEmm.part.7
                0x00002e7c       0xc4 C:\Users\B4T\Documents\sloeber-workspace\TEST_MKR1010\Release\arduino.ar(USBCore.cpp.o)
 .text._ZN7__GuardC2Ev
                0x00002f40        0xe C:\Users\B4T\Documents\sloeber-workspace\TEST_MKR1010\Release\arduino.ar(USBCore.cpp.o)
                0x00002f40                __Guard::__Guard()
                0x00002f40                __Guard::__Guard()
 .text._ZN7__GuardD2Ev
                0x00002f4e        0xe C:\Users\B4T\Documents\sloeber-workspace\TEST_MKR1010\Release\arduino.ar(USBCore.cpp.o)
                0x00002f4e                __Guard::~__Guard()
                0x00002f4e                __Guard::~__Guard()
 .text._ZNK26DoubleBufferedEPOutHandler10_availableEv
                0x00002f5c       0x70 C:\Users\B4T\Documents\sloeber-workspace\TEST_MKR1010\Release\arduino.ar(USBCore.cpp.o)
                0x00002f5c                DoubleBufferedEPOutHandler::_available() const
 .text._ZN26DoubleBufferedEPOutHandler7releaseEv
                0x00002fcc       0x3c C:\Users\B4T\Documents\sloeber-workspace\TEST_MKR1010\Release\arduino.ar(USBCore.cpp.o)
                0x00002fcc                DoubleBufferedEPOutHandler::release()
 .text._ZN26DoubleBufferedEPOutHandler14handleEndpointEv
                0x00003008       0xea C:\Users\B4T\Documents\sloeber-workspace\TEST_MKR1010\Release\arduino.ar(USBCore.cpp.o)
                0x00003008                DoubleBufferedEPOutHandler::handleEndpoint()
 .text._ZN26DoubleBufferedEPOutHandler5_recvEv
                0x000030f2      0x198 C:\Users\B4T\Documents\sloeber-workspace\TEST_MKR1010\Release\arduino.ar(USBCore.cpp.o)
                0x000030f2                DoubleBufferedEPOutHandler::_recv()
 .text._ZN26DoubleBufferedEPOutHandler4peekEv
                0x0000328a       0x22 C:\Users\B4T\Documents\sloeber-workspace\TEST_MKR1010\Release\arduino.ar(USBCore.cpp.o)
                0x0000328a                DoubleBufferedEPOutHandler::peek()
 .text._ZN26DoubleBufferedEPOutHandler9availableEv
                0x000032ac       0x18 C:\Users\B4T\Documents\sloeber-workspace\TEST_MKR1010\Release\arduino.ar(USBCore.cpp.o)
                0x000032ac                DoubleBufferedEPOutHandler::available()
 .text._ZN26DoubleBufferedEPOutHandler4recvEPvm
                0x000032c4       0x72 C:\Users\B4T\Documents\sloeber-workspace\TEST_MKR1010\Release\arduino.ar(USBCore.cpp.o)
                0x000032c4                DoubleBufferedEPOutHandler::recv(void*, unsigned long)
 .text._ZN14USBDeviceClass14SendInterfacesEPm
                0x00003336       0x20 C:\Users\B4T\Documents\sloeber-workspace\TEST_MKR1010\Release\arduino.ar(USBCore.cpp.o)
                0x00003336                USBDeviceClass::SendInterfaces(unsigned long*)
 *fill*         0x00003356        0x2 
 .text._ZN14USBDeviceClass4initEv
                0x00003358      0x15c C:\Users\B4T\Documents\sloeber-workspace\TEST_MKR1010\Release\arduino.ar(USBCore.cpp.o)
                0x00003358                USBDeviceClass::init()
 .text._ZN14USBDeviceClass6attachEv
                0x000034b4       0x34 C:\Users\B4T\Documents\sloeber-workspace\TEST_MKR1010\Release\arduino.ar(USBCore.cpp.o)
                0x000034b4                USBDeviceClass::attach()
 .text._ZN14USBDeviceClass10setAddressEm
                0x000034e8       0x48 C:\Users\B4T\Documents\sloeber-workspace\TEST_MKR1010\Release\arduino.ar(USBCore.cpp.o)
                0x000034e8                USBDeviceClass::setAddress(unsigned long)
 .text._ZN14USBDeviceClass25handleClassInterfaceSetupER8USBSetup
                0x00003530       0x24 C:\Users\B4T\Documents\sloeber-workspace\TEST_MKR1010\Release\arduino.ar(USBCore.cpp.o)
                0x00003530                USBDeviceClass::handleClassInterfaceSetup(USBSetup&)
 .text._ZN14USBDeviceClass6initEPEmm
                0x00003554      0x120 C:\Users\B4T\Documents\sloeber-workspace\TEST_MKR1010\Release\arduino.ar(USBCore.cpp.o)
                0x00003554                USBDeviceClass::initEP(unsigned long, unsigned long)
 .text._ZN14USBDeviceClass13initEndpointsEv
                0x00003674       0x24 C:\Users\B4T\Documents\sloeber-workspace\TEST_MKR1010\Release\arduino.ar(USBCore.cpp.o)
                0x00003674                USBDeviceClass::initEndpoints()
 .text._ZN14USBDeviceClass5clearEm
                0x00003698       0x38 C:\Users\B4T\Documents\sloeber-workspace\TEST_MKR1010\Release\arduino.ar(USBCore.cpp.o)
                0x00003698                USBDeviceClass::clear(unsigned long)
 .text._ZN14USBDeviceClass9availableEm
                0x000036d0       0x2c C:\Users\B4T\Documents\sloeber-workspace\TEST_MKR1010\Release\arduino.ar(USBCore.cpp.o)
                0x000036d0                USBDeviceClass::available(unsigned long)
 .text._ZN14USBDeviceClass5flushEm
                0x000036fc       0x2c C:\Users\B4T\Documents\sloeber-workspace\TEST_MKR1010\Release\arduino.ar(USBCore.cpp.o)
                0x000036fc                USBDeviceClass::flush(unsigned long)
 .text._ZN14USBDeviceClass4recvEmPvm
                0x00003728       0xc0 C:\Users\B4T\Documents\sloeber-workspace\TEST_MKR1010\Release\arduino.ar(USBCore.cpp.o)
                0x00003728                USBDeviceClass::recv(unsigned long, void*, unsigned long)
 .text._ZN14USBDeviceClass4recvEm
                0x000037e8       0x1c C:\Users\B4T\Documents\sloeber-workspace\TEST_MKR1010\Release\arduino.ar(USBCore.cpp.o)
                0x000037e8                USBDeviceClass::recv(unsigned long)
 .text._ZN14USBDeviceClass14armRecvCtrlOUTEm
                0x00003804       0x5c C:\Users\B4T\Documents\sloeber-workspace\TEST_MKR1010\Release\arduino.ar(USBCore.cpp.o)
                0x00003804                USBDeviceClass::armRecvCtrlOUT(unsigned long)
 .text._ZN14USBDeviceClass11recvControlEPvm
                0x00003860       0x28 C:\Users\B4T\Documents\sloeber-workspace\TEST_MKR1010\Release\arduino.ar(USBCore.cpp.o)
                0x00003860                USBDeviceClass::recvControl(void*, unsigned long)
 .text._ZN14USBDeviceClass4sendEmPKvm
                0x00003888      0x10c C:\Users\B4T\Documents\sloeber-workspace\TEST_MKR1010\Release\arduino.ar(USBCore.cpp.o)
                0x00003888                USBDeviceClass::send(unsigned long, void const*, unsigned long)
 .text._ZN14USBDeviceClass7armSendEmPKvm
                0x00003994       0x48 C:\Users\B4T\Documents\sloeber-workspace\TEST_MKR1010\Release\arduino.ar(USBCore.cpp.o)
                0x00003994                USBDeviceClass::armSend(unsigned long, void const*, unsigned long)
 .text._ZN14USBDeviceClass11sendControlEPKvm
                0x000039dc       0x54 C:\Users\B4T\Documents\sloeber-workspace\TEST_MKR1010\Release\arduino.ar(USBCore.cpp.o)
                0x000039dc                USBDeviceClass::sendControl(void const*, unsigned long)
 .text._ZN14USBDeviceClass20sendStringDescriptorEPKhm
                0x00003a30       0x64 C:\Users\B4T\Documents\sloeber-workspace\TEST_MKR1010\Release\arduino.ar(USBCore.cpp.o)
                0x00003a30                USBDeviceClass::sendStringDescriptor(unsigned char const*, unsigned long)
 .text._ZN14USBDeviceClass17sendConfigurationEm
                0x00003a94       0x80 C:\Users\B4T\Documents\sloeber-workspace\TEST_MKR1010\Release\arduino.ar(USBCore.cpp.o)
                0x00003a94                USBDeviceClass::sendConfiguration(unsigned long)
 .text._ZN14USBDeviceClass14sendDescriptorER8USBSetup
                0x00003b14       0xe0 C:\Users\B4T\Documents\sloeber-workspace\TEST_MKR1010\Release\arduino.ar(USBCore.cpp.o)
                0x00003b14                USBDeviceClass::sendDescriptor(USBSetup&)
 .text._ZN14USBDeviceClass7sendZlpEm
                0x00003bf4       0x18 C:\Users\B4T\Documents\sloeber-workspace\TEST_MKR1010\Release\arduino.ar(USBCore.cpp.o)
                0x00003bf4                USBDeviceClass::sendZlp(unsigned long)
 .text._ZN14USBDeviceClass19handleStandardSetupER8USBSetup
                0x00003c0c       0xf0 C:\Users\B4T\Documents\sloeber-workspace\TEST_MKR1010\Release\arduino.ar(USBCore.cpp.o)
                0x00003c0c                USBDeviceClass::handleStandardSetup(USBSetup&)
 .text._ZN14USBDeviceClass10ISRHandlerEv
                0x00003cfc      0x108 C:\Users\B4T\Documents\sloeber-workspace\TEST_MKR1010\Release\arduino.ar(USBCore.cpp.o)
                0x00003cfc                USBDeviceClass::ISRHandler()
 .text.UDD_Handler
                0x00003e04       0x10 C:\Users\B4T\Documents\sloeber-workspace\TEST_MKR1010\Release\arduino.ar(USBCore.cpp.o)
                0x00003e04                UDD_Handler
 .text.startup._GLOBAL__sub_I_usbd
                0x00003e14       0x10 C:\Users\B4T\Documents\sloeber-workspace\TEST_MKR1010\Release\arduino.ar(USBCore.cpp.o)
 .text._ZN5Print5writeEPKhj
                0x00003e24       0x28 C:\Users\B4T\Documents\sloeber-workspace\TEST_MKR1010\Release\arduino.ar(Print.cpp.o)
                0x00003e24                Print::write(unsigned char const*, unsigned int)
 .text._ZN5Print5writeEPKc.part.2
                0x00003e4c       0x1a C:\Users\B4T\Documents\sloeber-workspace\TEST_MKR1010\Release\arduino.ar(Print.cpp.o)
 .text._ZN5Print5writeEPKc
                0x00003e66       0x10 C:\Users\B4T\Documents\sloeber-workspace\TEST_MKR1010\Release\arduino.ar(Print.cpp.o)
                0x00003e66                Print::write(char const*)
 .text._ZN5Print5printEPKc
                0x00003e76        0x8 C:\Users\B4T\Documents\sloeber-workspace\TEST_MKR1010\Release\arduino.ar(Print.cpp.o)
                0x00003e76                Print::print(char const*)
 .text._ZN5Print5printEc
                0x00003e7e        0xa C:\Users\B4T\Documents\sloeber-workspace\TEST_MKR1010\Release\arduino.ar(Print.cpp.o)
                0x00003e7e                Print::print(char)
 .text._ZN5Print7printlnEv
                0x00003e88       0x10 C:\Users\B4T\Documents\sloeber-workspace\TEST_MKR1010\Release\arduino.ar(Print.cpp.o)
                0x00003e88                Print::println()
 .text._ZN5Print7printlnEPKc
                0x00003e98       0x14 C:\Users\B4T\Documents\sloeber-workspace\TEST_MKR1010\Release\arduino.ar(Print.cpp.o)
                0x00003e98                Print::println(char const*)
 .text._ZN5Print11printNumberEmh
                0x00003eac       0x48 C:\Users\B4T\Documents\sloeber-workspace\TEST_MKR1010\Release\arduino.ar(Print.cpp.o)
                0x00003eac                Print::printNumber(unsigned long, unsigned char)
 .text._ZN5Print5printEli
                0x00003ef4       0x3e C:\Users\B4T\Documents\sloeber-workspace\TEST_MKR1010\Release\arduino.ar(Print.cpp.o)
                0x00003ef4                Print::print(long, int)
 .text._ZN5Print7printlnEii
                0x00003f32       0x14 C:\Users\B4T\Documents\sloeber-workspace\TEST_MKR1010\Release\arduino.ar(Print.cpp.o)
                0x00003f32                Print::println(int, int)
 *fill*         0x00003f46        0x2 
 .text._ZN5Print10printFloatEdh
                0x00003f48      0x168 C:\Users\B4T\Documents\sloeber-workspace\TEST_MKR1010\Release\arduino.ar(Print.cpp.o)
                0x00003f48                Print::printFloat(double, unsigned char)
 .text._ZN5Print7printlnEdi
                0x000040b0       0x20 C:\Users\B4T\Documents\sloeber-workspace\TEST_MKR1010\Release\arduino.ar(Print.cpp.o)
                0x000040b0                Print::println(double, int)
 .text.initiateReset
                0x000040d0       0x14 C:\Users\B4T\Documents\sloeber-workspace\TEST_MKR1010\Release\arduino.ar(Reset.cpp.o)
                0x000040d0                initiateReset
 .text.cancelReset
                0x000040e4       0x10 C:\Users\B4T\Documents\sloeber-workspace\TEST_MKR1010\Release\arduino.ar(Reset.cpp.o)
                0x000040e4                cancelReset
 .text.tickReset
                0x000040f4       0x78 C:\Users\B4T\Documents\sloeber-workspace\TEST_MKR1010\Release\arduino.ar(Reset.cpp.o)
                0x000040f4                tickReset
 .text._ZN6SERCOMC2EP6Sercom
                0x0000416c        0x4 C:\Users\B4T\Documents\sloeber-workspace\TEST_MKR1010\Release\arduino.ar(SERCOM.cpp.o)
                0x0000416c                SERCOM::SERCOM(Sercom*)
                0x0000416c                SERCOM::SERCOM(Sercom*)
 .text._ZN6SERCOM9initFrameE18SercomUartCharSize15SercomDataOrder16SercomParityMode19SercomNumberStopBit
                0x00004170       0x3a C:\Users\B4T\Documents\sloeber-workspace\TEST_MKR1010\Release\arduino.ar(SERCOM.cpp.o)
                0x00004170                SERCOM::initFrame(SercomUartCharSize, SercomDataOrder, SercomParityMode, SercomNumberStopBit)
 .text._ZN6SERCOM8initPadsE15SercomUartTXPad11SercomRXPad
                0x000041aa       0x26 C:\Users\B4T\Documents\sloeber-workspace\TEST_MKR1010\Release\arduino.ar(SERCOM.cpp.o)
                0x000041aa                SERCOM::initPads(SercomUartTXPad, SercomRXPad)
 .text._ZN6SERCOM9resetUARTEv
                0x000041d0       0x1a C:\Users\B4T\Documents\sloeber-workspace\TEST_MKR1010\Release\arduino.ar(SERCOM.cpp.o)
                0x000041d0                SERCOM::resetUART()
 .text._ZN6SERCOM10enableUARTEv
                0x000041ea       0x14 C:\Users\B4T\Documents\sloeber-workspace\TEST_MKR1010\Release\arduino.ar(SERCOM.cpp.o)
                0x000041ea                SERCOM::enableUART()
 .text._ZN6SERCOM9flushUARTEv
                0x000041fe       0x10 C:\Users\B4T\Documents\sloeber-workspace\TEST_MKR1010\Release\arduino.ar(SERCOM.cpp.o)
                0x000041fe                SERCOM::flushUART()
 .text._ZN6SERCOM15clearStatusUARTEv
                0x0000420e        0x8 C:\Users\B4T\Documents\sloeber-workspace\TEST_MKR1010\Release\arduino.ar(SERCOM.cpp.o)
                0x0000420e                SERCOM::clearStatusUART()
 .text._ZN6SERCOM17availableDataUARTEv
                0x00004216        0xa C:\Users\B4T\Documents\sloeber-workspace\TEST_MKR1010\Release\arduino.ar(SERCOM.cpp.o)
                0x00004216                SERCOM::availableDataUART()
 .text._ZN6SERCOM11isUARTErrorEv
                0x00004220        0x8 C:\Users\B4T\Documents\sloeber-workspace\TEST_MKR1010\Release\arduino.ar(SERCOM.cpp.o)
                0x00004220                SERCOM::isUARTError()
 .text._ZN6SERCOM20acknowledgeUARTErrorEv
                0x00004228        0xe C:\Users\B4T\Documents\sloeber-workspace\TEST_MKR1010\Release\arduino.ar(SERCOM.cpp.o)
                0x00004228                SERCOM::acknowledgeUARTError()
 .text._ZN6SERCOM16isFrameErrorUARTEv
                0x00004236        0xa C:\Users\B4T\Documents\sloeber-workspace\TEST_MKR1010\Release\arduino.ar(SERCOM.cpp.o)
                0x00004236                SERCOM::isFrameErrorUART()
 .text._ZN6SERCOM19clearFrameErrorUARTEv
                0x00004240        0xc C:\Users\B4T\Documents\sloeber-workspace\TEST_MKR1010\Release\arduino.ar(SERCOM.cpp.o)
                0x00004240                SERCOM::clearFrameErrorUART()
 .text._ZN6SERCOM23isDataRegisterEmptyUARTEv
                0x0000424c        0xa C:\Users\B4T\Documents\sloeber-workspace\TEST_MKR1010\Release\arduino.ar(SERCOM.cpp.o)
                0x0000424c                SERCOM::isDataRegisterEmptyUART()
 .text._ZN6SERCOM12readDataUARTEv
                0x00004256        0x8 C:\Users\B4T\Documents\sloeber-workspace\TEST_MKR1010\Release\arduino.ar(SERCOM.cpp.o)
                0x00004256                SERCOM::readDataUART()
 .text._ZN6SERCOM13writeDataUARTEh
                0x0000425e       0x10 C:\Users\B4T\Documents\sloeber-workspace\TEST_MKR1010\Release\arduino.ar(SERCOM.cpp.o)
                0x0000425e                SERCOM::writeDataUART(unsigned char)
 .text._ZN6SERCOM36enableDataRegisterEmptyInterruptUARTEv
                0x0000426e        0x8 C:\Users\B4T\Documents\sloeber-workspace\TEST_MKR1010\Release\arduino.ar(SERCOM.cpp.o)
                0x0000426e                SERCOM::enableDataRegisterEmptyInterruptUART()
 .text._ZN6SERCOM37disableDataRegisterEmptyInterruptUARTEv
                0x00004276        0x8 C:\Users\B4T\Documents\sloeber-workspace\TEST_MKR1010\Release\arduino.ar(SERCOM.cpp.o)
                0x00004276                SERCOM::disableDataRegisterEmptyInterruptUART()
 .text._ZN6SERCOM9resetWIREEv
                0x0000427e       0x1a C:\Users\B4T\Documents\sloeber-workspace\TEST_MKR1010\Release\arduino.ar(SERCOM.cpp.o)
                0x0000427e                SERCOM::resetWIRE()
 .text._ZN6SERCOM10enableWIREEv
                0x00004298       0x2a C:\Users\B4T\Documents\sloeber-workspace\TEST_MKR1010\Release\arduino.ar(SERCOM.cpp.o)
                0x00004298                SERCOM::enableWIRE()
 .text._ZN6SERCOM11disableWIREEv
                0x000042c2       0x14 C:\Users\B4T\Documents\sloeber-workspace\TEST_MKR1010\Release\arduino.ar(SERCOM.cpp.o)
                0x000042c2                SERCOM::disableWIRE()
 *fill*         0x000042d6        0x2 
 .text._ZN6SERCOM22prepareCommandBitsWireEh
                0x000042d8       0x2c C:\Users\B4T\Documents\sloeber-workspace\TEST_MKR1010\Release\arduino.ar(SERCOM.cpp.o)
                0x000042d8                SERCOM::prepareCommandBitsWire(unsigned char)
 .text._ZN6SERCOM21startTransmissionWIREEh23SercomWireReadWriteFlag
                0x00004304       0x84 C:\Users\B4T\Documents\sloeber-workspace\TEST_MKR1010\Release\arduino.ar(SERCOM.cpp.o)
                0x00004304                SERCOM::startTransmissionWIRE(unsigned char, SercomWireReadWriteFlag)
 .text._ZN6SERCOM18sendDataMasterWIREEh
                0x00004388       0x24 C:\Users\B4T\Documents\sloeber-workspace\TEST_MKR1010\Release\arduino.ar(SERCOM.cpp.o)
                0x00004388                SERCOM::sendDataMasterWIRE(unsigned char)
 .text._ZN6SERCOM13initClockNVICEv
                0x000043ac       0xa8 C:\Users\B4T\Documents\sloeber-workspace\TEST_MKR1010\Release\arduino.ar(SERCOM.cpp.o)
                0x000043ac                SERCOM::initClockNVIC()
 .text._ZN6SERCOM8initUARTE14SercomUartMode20SercomUartSampleRatem
                0x00004454       0x6c C:\Users\B4T\Documents\sloeber-workspace\TEST_MKR1010\Release\arduino.ar(SERCOM.cpp.o)
                0x00004454                SERCOM::initUART(SercomUartMode, SercomUartSampleRate, unsigned long)
 .text._ZN6SERCOM14initMasterWIREEm
                0x000044c0       0x54 C:\Users\B4T\Documents\sloeber-workspace\TEST_MKR1010\Release\arduino.ar(SERCOM.cpp.o)
                0x000044c0                SERCOM::initMasterWIRE(unsigned long)
 .text._ZN4UartcvbEv
                0x00004514        0x4 C:\Users\B4T\Documents\sloeber-workspace\TEST_MKR1010\Release\arduino.ar(Uart.cpp.o)
                0x00004514                Uart::operator bool()
 .text._ZN4Uart5beginEm
                0x00004518       0x10 C:\Users\B4T\Documents\sloeber-workspace\TEST_MKR1010\Release\arduino.ar(Uart.cpp.o)
                0x00004518                Uart::begin(unsigned long)
 .text._ZN4Uart4peekEv
                0x00004528       0x1a C:\Users\B4T\Documents\sloeber-workspace\TEST_MKR1010\Release\arduino.ar(Uart.cpp.o)
                0x00004528                Uart::peek()
 .text._ZN4Uart3endEv
                0x00004542       0x20 C:\Users\B4T\Documents\sloeber-workspace\TEST_MKR1010\Release\arduino.ar(Uart.cpp.o)
                0x00004542                Uart::end()
 .text._ZN4Uart16extractNbStopBitEt
                0x00004562        0xc C:\Users\B4T\Documents\sloeber-workspace\TEST_MKR1010\Release\arduino.ar(Uart.cpp.o)
                0x00004562                Uart::extractNbStopBit(unsigned short)
 .text._ZN4Uart15extractCharSizeEt
                0x0000456e       0x28 C:\Users\B4T\Documents\sloeber-workspace\TEST_MKR1010\Release\arduino.ar(Uart.cpp.o)
                0x0000456e                Uart::extractCharSize(unsigned short)
 .text._ZN4Uart13extractParityEt
                0x00004596       0x14 C:\Users\B4T\Documents\sloeber-workspace\TEST_MKR1010\Release\arduino.ar(Uart.cpp.o)
                0x00004596                Uart::extractParity(unsigned short)
 *fill*         0x000045aa        0x2 
 .text._ZN4Uart5beginEmt
                0x000045ac       0xf8 C:\Users\B4T\Documents\sloeber-workspace\TEST_MKR1010\Release\arduino.ar(Uart.cpp.o)
                0x000045ac                Uart::begin(unsigned long, unsigned short)
 .text._ZN11RingBufferNILi256EEC2Ev
                0x000046a4       0x1c C:\Users\B4T\Documents\sloeber-workspace\TEST_MKR1010\Release\arduino.ar(Uart.cpp.o)
                0x000046a4                RingBufferN<256>::RingBufferN()
                0x000046a4                RingBufferN<256>::RingBufferN()
 .text._ZN4UartC2EP6SERCOMhh11SercomRXPad15SercomUartTXPadhh
                0x000046c0       0x88 C:\Users\B4T\Documents\sloeber-workspace\TEST_MKR1010\Release\arduino.ar(Uart.cpp.o)
                0x000046c0                Uart::Uart(SERCOM*, unsigned char, unsigned char, SercomRXPad, SercomUartTXPad, unsigned char, unsigned char)
                0x000046c0                Uart::Uart(SERCOM*, unsigned char, unsigned char, SercomRXPad, SercomUartTXPad, unsigned char, unsigned char)
 .text._ZN4UartC2EP6SERCOMhh11SercomRXPad15SercomUartTXPad
                0x00004748       0x74 C:\Users\B4T\Documents\sloeber-workspace\TEST_MKR1010\Release\arduino.ar(Uart.cpp.o)
                0x00004748                Uart::Uart(SERCOM*, unsigned char, unsigned char, SercomRXPad, SercomUartTXPad)
                0x00004748                Uart::Uart(SERCOM*, unsigned char, unsigned char, SercomRXPad, SercomUartTXPad)
 .text._ZN11RingBufferNILi256EE9availableEv
                0x000047bc       0x12 C:\Users\B4T\Documents\sloeber-workspace\TEST_MKR1010\Release\arduino.ar(Uart.cpp.o)
                0x000047bc                RingBufferN<256>::available()
 .text._ZN4Uart5flushEv
                0x000047ce       0x1a C:\Users\B4T\Documents\sloeber-workspace\TEST_MKR1010\Release\arduino.ar(Uart.cpp.o)
                0x000047ce                Uart::flush()
 .text._ZN4Uart9availableEv
                0x000047e8        0xa C:\Users\B4T\Documents\sloeber-workspace\TEST_MKR1010\Release\arduino.ar(Uart.cpp.o)
                0x000047e8                Uart::available()
 .text._ZN11RingBufferNILi256EE17availableForStoreEv
                0x000047f2       0x20 C:\Users\B4T\Documents\sloeber-workspace\TEST_MKR1010\Release\arduino.ar(Uart.cpp.o)
                0x000047f2                RingBufferN<256>::availableForStore()
 .text._ZN4Uart17availableForWriteEv
                0x00004812        0xc C:\Users\B4T\Documents\sloeber-workspace\TEST_MKR1010\Release\arduino.ar(Uart.cpp.o)
                0x00004812                Uart::availableForWrite()
 .text._ZN4Uart10IrqHandlerEv
                0x0000481e       0xcc C:\Users\B4T\Documents\sloeber-workspace\TEST_MKR1010\Release\arduino.ar(Uart.cpp.o)
                0x0000481e                Uart::IrqHandler()
 *fill*         0x000048ea        0x2 
 .text._ZN4Uart5writeEh
                0x000048ec       0xb4 C:\Users\B4T\Documents\sloeber-workspace\TEST_MKR1010\Release\arduino.ar(Uart.cpp.o)
                0x000048ec                Uart::write(unsigned char)
 .text._ZN4Uart4readEv
                0x000049a0       0x4c C:\Users\B4T\Documents\sloeber-workspace\TEST_MKR1010\Release\arduino.ar(Uart.cpp.o)
                0x000049a0                Uart::read()
 .text.Dummy_Handler
                0x000049ec        0x2 C:\Users\B4T\Documents\sloeber-workspace\TEST_MKR1010\Release\arduino.ar(cortex_handlers.c.o)
                0x000049ec                DMAC_Handler
                0x000049ec                HardFault_Handler
                0x000049ec                AC_Handler
                0x000049ec                PendSV_Handler
                0x000049ec                NMI_Handler
                0x000049ec                TC7_Handler
                0x000049ec                SERCOM1_Handler
                0x000049ec                ADC_Handler
                0x000049ec                TCC1_Handler
                0x000049ec                SERCOM2_Handler
                0x000049ec                TCC0_Handler
                0x000049ec                RTC_Handler
                0x000049ec                EIC_Handler
                0x000049ec                TC6_Handler
                0x000049ec                WDT_Handler
                0x000049ec                TC4_Handler
                0x000049ec                TC3_Handler
                0x000049ec                Dummy_Handler
                0x000049ec                PM_Handler
                0x000049ec                SVC_Handler
                0x000049ec                TCC2_Handler
                0x000049ec                EVSYS_Handler
                0x000049ec                SERCOM3_Handler
                0x000049ec                I2S_Handler
                0x000049ec                NVMCTRL_Handler
                0x000049ec                SERCOM0_Handler
                0x000049ec                DAC_Handler
                0x000049ec                PTC_Handler
                0x000049ec                SYSCTRL_Handler
 *fill*         0x000049ee        0x2 
 .text.USB_Handler
                0x000049f0       0x14 C:\Users\B4T\Documents\sloeber-workspace\TEST_MKR1010\Release\arduino.ar(cortex_handlers.c.o)
                0x000049f0                USB_Handler
 .text.Reset_Handler
                0x00004a04       0x54 C:\Users\B4T\Documents\sloeber-workspace\TEST_MKR1010\Release\arduino.ar(cortex_handlers.c.o)
                0x00004a04                Reset_Handler
 .text.SysTick_Handler
                0x00004a58       0x10 C:\Users\B4T\Documents\sloeber-workspace\TEST_MKR1010\Release\arduino.ar(cortex_handlers.c.o)
                0x00004a58                SysTick_Handler
 .text.USB_SetHandler
                0x00004a68        0xc C:\Users\B4T\Documents\sloeber-workspace\TEST_MKR1010\Release\arduino.ar(cortex_handlers.c.o)
                0x00004a68                USB_SetHandler
 .text.millis   0x00004a74        0xc C:\Users\B4T\Documents\sloeber-workspace\TEST_MKR1010\Release\arduino.ar(delay.c.o)
                0x00004a74                millis
 .text.micros   0x00004a80       0x60 C:\Users\B4T\Documents\sloeber-workspace\TEST_MKR1010\Release\arduino.ar(delay.c.o)
                0x00004a80                micros
 .text.delay    0x00004ae0       0x30 C:\Users\B4T\Documents\sloeber-workspace\TEST_MKR1010\Release\arduino.ar(delay.c.o)
                0x00004ae0                delay
 .text.SysTick_DefaultHandler
                0x00004b10       0x14 C:\Users\B4T\Documents\sloeber-workspace\TEST_MKR1010\Release\arduino.ar(delay.c.o)
                0x00004b10                SysTick_DefaultHandler
 .text.__empty  0x00004b24        0x2 C:\Users\B4T\Documents\sloeber-workspace\TEST_MKR1010\Release\arduino.ar(hooks.c.o)
                0x00004b24                yield
 .text.__false  0x00004b26        0x4 C:\Users\B4T\Documents\sloeber-workspace\TEST_MKR1010\Release\arduino.ar(hooks.c.o)
                0x00004b26                sysTickHook
 *fill*         0x00004b2a        0x2 
 .text.startup.main
                0x00004b2c       0x40 C:\Users\B4T\Documents\sloeber-workspace\TEST_MKR1010\Release\arduino.ar(main.cpp.o)
                0x00004b2c                main
 .text._Znwj    0x00004b6c        0x8 C:\Users\B4T\Documents\sloeber-workspace\TEST_MKR1010\Release\arduino.ar(new.cpp.o)
                0x00004b6c                operator new(unsigned int)
 .text._ZdlPv   0x00004b74        0x8 C:\Users\B4T\Documents\sloeber-workspace\TEST_MKR1010\Release\arduino.ar(new.cpp.o)
                0x00004b74                operator delete(void*)
 .text.SystemInit
                0x00004b7c      0x160 C:\Users\B4T\Documents\sloeber-workspace\TEST_MKR1010\Release\arduino.ar(startup.c.o)
                0x00004b7c                SystemInit
 .text.init     0x00004cdc       0xf0 C:\Users\B4T\Documents\sloeber-workspace\TEST_MKR1010\Release\arduino.ar(wiring.c.o)
                0x00004cdc                init
 .text.mapResolution
                0x00004dcc       0x12 C:\Users\B4T\Documents\sloeber-workspace\TEST_MKR1010\Release\arduino.ar(wiring_analog.c.o)
 *fill*         0x00004dde        0x2 
 .text.analogReference
                0x00004de0       0x64 C:\Users\B4T\Documents\sloeber-workspace\TEST_MKR1010\Release\arduino.ar(wiring_analog.c.o)
                0x00004de0                analogReference
 .text.analogRead
                0x00004e44       0xd8 C:\Users\B4T\Documents\sloeber-workspace\TEST_MKR1010\Release\arduino.ar(wiring_analog.c.o)
                0x00004e44                analogRead
 .text.pinMode  0x00004f1c       0x98 C:\Users\B4T\Documents\sloeber-workspace\TEST_MKR1010\Release\arduino.ar(wiring_digital.c.o)
                0x00004f1c                pinMode
 .text.digitalWrite
                0x00004fb4       0x58 C:\Users\B4T\Documents\sloeber-workspace\TEST_MKR1010\Release\arduino.ar(wiring_digital.c.o)
                0x00004fb4                digitalWrite
 .text.pinPeripheral
                0x0000500c       0xc0 C:\Users\B4T\Documents\sloeber-workspace\TEST_MKR1010\Release\arduino.ar(wiring_private.c.o)
                0x0000500c                pinPeripheral
 .text          0x000050cc       0x14 c:/users/b4t/downloads/sloeber-ide-v4.4.3-win32.win32.x86_64/sloeber/arduinoplugin/packages/arduino/tools/arm-none-eabi-gcc/7-2017q4/bin/../lib/gcc/arm-none-eabi/7.2.1/thumb/v6-m\libgcc.a(_thumb1_case_uqi.o)
                0x000050cc                __gnu_thumb1_case_uqi
 .text          0x000050e0      0x114 c:/users/b4t/downloads/sloeber-ide-v4.4.3-win32.win32.x86_64/sloeber/arduinoplugin/packages/arduino/tools/arm-none-eabi-gcc/7-2017q4/bin/../lib/gcc/arm-none-eabi/7.2.1/thumb/v6-m\libgcc.a(_udivsi3.o)
                0x000050e0                __aeabi_uidiv
                0x000050e0                __udivsi3
                0x000051ec                __aeabi_uidivmod
 .text          0x000051f4        0x4 c:/users/b4t/downloads/sloeber-ide-v4.4.3-win32.win32.x86_64/sloeber/arduinoplugin/packages/arduino/tools/arm-none-eabi-gcc/7-2017q4/bin/../lib/gcc/arm-none-eabi/7.2.1/thumb/v6-m\libgcc.a(_dvmd_tls.o)
                0x000051f4                __aeabi_idiv0
                0x000051f4                __aeabi_ldiv0
 .text          0x000051f8       0x7c c:/users/b4t/downloads/sloeber-ide-v4.4.3-win32.win32.x86_64/sloeber/arduinoplugin/packages/arduino/tools/arm-none-eabi-gcc/7-2017q4/bin/../lib/gcc/arm-none-eabi/7.2.1/thumb/v6-m\libgcc.a(_arm_cmpdf2.o)
                0x000051f8                __aeabi_cdrcmple
                0x00005208                __aeabi_cdcmple
                0x00005208                __aeabi_cdcmpeq
                0x00005218                __aeabi_dcmpeq
                0x00005224                __aeabi_dcmplt
                0x00005238                __aeabi_dcmple
                0x0000524c                __aeabi_dcmpgt
                0x00005260                __aeabi_dcmpge
 .text          0x00005274       0x74 c:/users/b4t/downloads/sloeber-ide-v4.4.3-win32.win32.x86_64/sloeber/arduinoplugin/packages/arduino/tools/arm-none-eabi-gcc/7-2017q4/bin/../lib/gcc/arm-none-eabi/7.2.1/thumb/v6-m\libgcc.a(_arm_cmpsf2.o)
                0x00005274                __aeabi_cfrcmple
                0x0000527c                __aeabi_cfcmpeq
                0x0000527c                __aeabi_cfcmple
                0x0000528c                __aeabi_fcmpeq
                0x00005298                __aeabi_fcmplt
                0x000052ac                __aeabi_fcmple
                0x000052c0                __aeabi_fcmpgt
                0x000052d4                __aeabi_fcmpge
 .text          0x000052e8       0x3c c:/users/b4t/downloads/sloeber-ide-v4.4.3-win32.win32.x86_64/sloeber/arduinoplugin/packages/arduino/tools/arm-none-eabi-gcc/7-2017q4/bin/../lib/gcc/arm-none-eabi/7.2.1/thumb/v6-m\libgcc.a(_fixunsdfsi.o)
                0x000052e8                __aeabi_d2uiz
                0x000052e8                __fixunsdfsi
 .text          0x00005324       0x50 c:/users/b4t/downloads/sloeber-ide-v4.4.3-win32.win32.x86_64/sloeber/arduinoplugin/packages/arduino/tools/arm-none-eabi-gcc/7-2017q4/bin/../lib/gcc/arm-none-eabi/7.2.1/thumb/v6-m\libgcc.a(eqsf2.o)
                0x00005324                __eqsf2
                0x00005324                __nesf2
 .text          0x00005374       0x9c c:/users/b4t/downloads/sloeber-ide-v4.4.3-win32.win32.x86_64/sloeber/arduinoplugin/packages/arduino/tools/arm-none-eabi-gcc/7-2017q4/bin/../lib/gcc/arm-none-eabi/7.2.1/thumb/v6-m\libgcc.a(gesf2.o)
                0x00005374                __gesf2
                0x00005374                __gtsf2
 .text          0x00005410       0xa0 c:/users/b4t/downloads/sloeber-ide-v4.4.3-win32.win32.x86_64/sloeber/arduinoplugin/packages/arduino/tools/arm-none-eabi-gcc/7-2017q4/bin/../lib/gcc/arm-none-eabi/7.2.1/thumb/v6-m\libgcc.a(lesf2.o)
                0x00005410                __ltsf2
                0x00005410                __lesf2
 .text          0x000054b0      0x638 c:/users/b4t/downloads/sloeber-ide-v4.4.3-win32.win32.x86_64/sloeber/arduinoplugin/packages/arduino/tools/arm-none-eabi-gcc/7-2017q4/bin/../lib/gcc/arm-none-eabi/7.2.1/thumb/v6-m\libgcc.a(adddf3.o)
                0x000054b0                __aeabi_dadd
 .text          0x00005ae8      0x604 c:/users/b4t/downloads/sloeber-ide-v4.4.3-win32.win32.x86_64/sloeber/arduinoplugin/packages/arduino/tools/arm-none-eabi-gcc/7-2017q4/bin/../lib/gcc/arm-none-eabi/7.2.1/thumb/v6-m\libgcc.a(divdf3.o)
                0x00005ae8                __aeabi_ddiv
 .text          0x000060ec       0x78 c:/users/b4t/downloads/sloeber-ide-v4.4.3-win32.win32.x86_64/sloeber/arduinoplugin/packages/arduino/tools/arm-none-eabi-gcc/7-2017q4/bin/../lib/gcc/arm-none-eabi/7.2.1/thumb/v6-m\libgcc.a(eqdf2.o)
                0x000060ec                __nedf2
                0x000060ec                __eqdf2
 .text          0x00006164       0xc8 c:/users/b4t/downloads/sloeber-ide-v4.4.3-win32.win32.x86_64/sloeber/arduinoplugin/packages/arduino/tools/arm-none-eabi-gcc/7-2017q4/bin/../lib/gcc/arm-none-eabi/7.2.1/thumb/v6-m\libgcc.a(gedf2.o)
                0x00006164                __gedf2
                0x00006164                __gtdf2
 .text          0x0000622c       0xd0 c:/users/b4t/downloads/sloeber-ide-v4.4.3-win32.win32.x86_64/sloeber/arduinoplugin/packages/arduino/tools/arm-none-eabi-gcc/7-2017q4/bin/../lib/gcc/arm-none-eabi/7.2.1/thumb/v6-m\libgcc.a(ledf2.o)
                0x0000622c                __ledf2
                0x0000622c                __ltdf2
 .text          0x000062fc      0x4e4 c:/users/b4t/downloads/sloeber-ide-v4.4.3-win32.win32.x86_64/sloeber/arduinoplugin/packages/arduino/tools/arm-none-eabi-gcc/7-2017q4/bin/../lib/gcc/arm-none-eabi/7.2.1/thumb/v6-m\libgcc.a(muldf3.o)
                0x000062fc                __aeabi_dmul
 .text          0x000067e0      0x690 c:/users/b4t/downloads/sloeber-ide-v4.4.3-win32.win32.x86_64/sloeber/arduinoplugin/packages/arduino/tools/arm-none-eabi-gcc/7-2017q4/bin/../lib/gcc/arm-none-eabi/7.2.1/thumb/v6-m\libgcc.a(subdf3.o)
                0x000067e0                __aeabi_dsub
 .text          0x00006e70       0x38 c:/users/b4t/downloads/sloeber-ide-v4.4.3-win32.win32.x86_64/sloeber/arduinoplugin/packages/arduino/tools/arm-none-eabi-gcc/7-2017q4/bin/../lib/gcc/arm-none-eabi/7.2.1/thumb/v6-m\libgcc.a(unorddf2.o)
                0x00006e70                __aeabi_dcmpun
 .text          0x00006ea8       0x6c c:/users/b4t/downloads/sloeber-ide-v4.4.3-win32.win32.x86_64/sloeber/arduinoplugin/packages/arduino/tools/arm-none-eabi-gcc/7-2017q4/bin/../lib/gcc/arm-none-eabi/7.2.1/thumb/v6-m\libgcc.a(fixdfsi.o)
                0x00006ea8                __aeabi_d2iz
 .text          0x00006f14       0x64 c:/users/b4t/downloads/sloeber-ide-v4.4.3-win32.win32.x86_64/sloeber/arduinoplugin/packages/arduino/tools/arm-none-eabi-gcc/7-2017q4/bin/../lib/gcc/arm-none-eabi/7.2.1/thumb/v6-m\libgcc.a(floatunsidf.o)
                0x00006f14                __aeabi_ui2d
 .text          0x00006f78       0xa4 c:/users/b4t/downloads/sloeber-ide-v4.4.3-win32.win32.x86_64/sloeber/arduinoplugin/packages/arduino/tools/arm-none-eabi-gcc/7-2017q4/bin/../lib/gcc/arm-none-eabi/7.2.1/thumb/v6-m\libgcc.a(extendsfdf2.o)
                0x00006f78                __aeabi_f2d
 .text          0x0000701c       0x3c c:/users/b4t/downloads/sloeber-ide-v4.4.3-win32.win32.x86_64/sloeber/arduinoplugin/packages/arduino/tools/arm-none-eabi-gcc/7-2017q4/bin/../lib/gcc/arm-none-eabi/7.2.1/thumb/v6-m\libgcc.a(_clzsi2.o)
                0x0000701c                __clzsi2
 .text.__libc_init_array
                0x00007058       0x48 c:/users/b4t/downloads/sloeber-ide-v4.4.3-win32.win32.x86_64/sloeber/arduinoplugin/packages/arduino/tools/arm-none-eabi-gcc/7-2017q4/bin/../lib/gcc/arm-none-eabi/7.2.1/../../../../arm-none-eabi/lib/thumb/v6-m\libc_nano.a(lib_a-init.o)
                0x00007058                __libc_init_array
 .text.malloc   0x000070a0       0x14 c:/users/b4t/downloads/sloeber-ide-v4.4.3-win32.win32.x86_64/sloeber/arduinoplugin/packages/arduino/tools/arm-none-eabi-gcc/7-2017q4/bin/../lib/gcc/arm-none-eabi/7.2.1/../../../../arm-none-eabi/lib/thumb/v6-m\libc_nano.a(lib_a-malloc.o)
                0x000070a0                malloc
 .text.free     0x000070b4       0x14 c:/users/b4t/downloads/sloeber-ide-v4.4.3-win32.win32.x86_64/sloeber/arduinoplugin/packages/arduino/tools/arm-none-eabi-gcc/7-2017q4/bin/../lib/gcc/arm-none-eabi/7.2.1/../../../../arm-none-eabi/lib/thumb/v6-m\libc_nano.a(lib_a-malloc.o)
                0x000070b4                free
 .text.memcpy   0x000070c8       0x12 c:/users/b4t/downloads/sloeber-ide-v4.4.3-win32.win32.x86_64/sloeber/arduinoplugin/packages/arduino/tools/arm-none-eabi-gcc/7-2017q4/bin/../lib/gcc/arm-none-eabi/7.2.1/../../../../arm-none-eabi/lib/thumb/v6-m\libc_nano.a(lib_a-memcpy-stub.o)
                0x000070c8                memcpy
 .text.memset   0x000070da       0x10 c:/users/b4t/downloads/sloeber-ide-v4.4.3-win32.win32.x86_64/sloeber/arduinoplugin/packages/arduino/tools/arm-none-eabi-gcc/7-2017q4/bin/../lib/gcc/arm-none-eabi/7.2.1/../../../../arm-none-eabi/lib/thumb/v6-m\libc_nano.a(lib_a-memset.o)
                0x000070da                memset
 *fill*         0x000070ea        0x2 
 .text._free_r  0x000070ec       0x94 c:/users/b4t/downloads/sloeber-ide-v4.4.3-win32.win32.x86_64/sloeber/arduinoplugin/packages/arduino/tools/arm-none-eabi-gcc/7-2017q4/bin/../lib/gcc/arm-none-eabi/7.2.1/../../../../arm-none-eabi/lib/thumb/v6-m\libc_nano.a(lib_a-nano-freer.o)
                0x000070ec                _free_r
 .text._malloc_r
                0x00007180       0xbc c:/users/b4t/downloads/sloeber-ide-v4.4.3-win32.win32.x86_64/sloeber/arduinoplugin/packages/arduino/tools/arm-none-eabi-gcc/7-2017q4/bin/../lib/gcc/arm-none-eabi/7.2.1/../../../../arm-none-eabi/lib/thumb/v6-m\libc_nano.a(lib_a-nano-mallocr.o)
                0x00007180                _malloc_r
 .text._sbrk_r  0x0000723c       0x24 c:/users/b4t/downloads/sloeber-ide-v4.4.3-win32.win32.x86_64/sloeber/arduinoplugin/packages/arduino/tools/arm-none-eabi-gcc/7-2017q4/bin/../lib/gcc/arm-none-eabi/7.2.1/../../../../arm-none-eabi/lib/thumb/v6-m\libc_nano.a(lib_a-sbrkr.o)
                0x0000723c                _sbrk_r
 .text          0x00007260        0xe c:/users/b4t/downloads/sloeber-ide-v4.4.3-win32.win32.x86_64/sloeber/arduinoplugin/packages/arduino/tools/arm-none-eabi-gcc/7-2017q4/bin/../lib/gcc/arm-none-eabi/7.2.1/../../../../arm-none-eabi/lib/thumb/v6-m\libc_nano.a(lib_a-strlen.o)
                0x00007260                strlen
 .text.__malloc_lock
                0x0000726e        0x2 c:/users/b4t/downloads/sloeber-ide-v4.4.3-win32.win32.x86_64/sloeber/arduinoplugin/packages/arduino/tools/arm-none-eabi-gcc/7-2017q4/bin/../lib/gcc/arm-none-eabi/7.2.1/../../../../arm-none-eabi/lib/thumb/v6-m\libc_nano.a(lib_a-mlock.o)
                0x0000726e                __malloc_lock
 .text.__malloc_unlock
                0x00007270        0x2 c:/users/b4t/downloads/sloeber-ide-v4.4.3-win32.win32.x86_64/sloeber/arduinoplugin/packages/arduino/tools/arm-none-eabi-gcc/7-2017q4/bin/../lib/gcc/arm-none-eabi/7.2.1/../../../../arm-none-eabi/lib/thumb/v6-m\libc_nano.a(lib_a-mlock.o)
                0x00007270                __malloc_unlock
 *fill*         0x00007272        0x2 
 .text._sbrk    0x00007274       0x1c c:/users/b4t/downloads/sloeber-ide-v4.4.3-win32.win32.x86_64/sloeber/arduinoplugin/packages/arduino/tools/arm-none-eabi-gcc/7-2017q4/bin/../lib/gcc/arm-none-eabi/7.2.1/../../../../arm-none-eabi/lib/thumb/v6-m\libnosys.a(sbrk.o)
                0x00007274                _sbrk
 *(.init)
 .init          0x00007290        0x4 c:/users/b4t/downloads/sloeber-ide-v4.4.3-win32.win32.x86_64/sloeber/arduinoplugin/packages/arduino/tools/arm-none-eabi-gcc/7-2017q4/bin/../lib/gcc/arm-none-eabi/7.2.1/thumb/v6-m/crti.o
                0x00007290                _init
 .init          0x00007294        0x8 c:/users/b4t/downloads/sloeber-ide-v4.4.3-win32.win32.x86_64/sloeber/arduinoplugin/packages/arduino/tools/arm-none-eabi-gcc/7-2017q4/bin/../lib/gcc/arm-none-eabi/7.2.1/thumb/v6-m/crtn.o
 *(.fini)
 .fini          0x0000729c        0x4 c:/users/b4t/downloads/sloeber-ide-v4.4.3-win32.win32.x86_64/sloeber/arduinoplugin/packages/arduino/tools/arm-none-eabi-gcc/7-2017q4/bin/../lib/gcc/arm-none-eabi/7.2.1/thumb/v6-m/crti.o
                0x0000729c                _fini
 .fini          0x000072a0        0x8 c:/users/b4t/downloads/sloeber-ide-v4.4.3-win32.win32.x86_64/sloeber/arduinoplugin/packages/arduino/tools/arm-none-eabi-gcc/7-2017q4/bin/../lib/gcc/arm-none-eabi/7.2.1/thumb/v6-m/crtn.o
 *crtbegin.o(.ctors)
 *crtbegin?.o(.ctors)
 *(EXCLUDE_FILE(*crtend.o *crtend?.o) .ctors)
 *(SORT_BY_NAME(.ctors.*))
 *(.ctors)
 *crtbegin.o(.dtors)
 *crtbegin?.o(.dtors)
 *(EXCLUDE_FILE(*crtend.o *crtend?.o) .dtors)
 *(SORT_BY_NAME(.dtors.*))
 *(.dtors)
 *(.rodata*)
 .rodata._Z28InitialiseDynamentSensorTaskv.str1.1
                0x000072a8       0xb3 .\app.cpp.o
 .rodata.setup.str1.1
                0x0000735b        0xd .\sloeber.ino.cpp.o
 .rodata.g_APinDescription
                0x00007368      0x360 .\core\variant\variant.cpp.o
                0x00007368                g_APinDescription
 .rodata._ZTV7Serial_
                0x000076c8       0x58 C:\Users\B4T\Documents\sloeber-workspace\TEST_MKR1010\Release\arduino.ar(CDC.cpp.o)
                0x000076c8                vtable for Serial_
 .rodata._ZTV26DoubleBufferedEPOutHandler
                0x00007720       0x24 C:\Users\B4T\Documents\sloeber-workspace\TEST_MKR1010\Release\arduino.ar(USBCore.cpp.o)
                0x00007720                vtable for DoubleBufferedEPOutHandler
 .rodata._ZL14STRING_PRODUCT
                0x00007744       0x16 C:\Users\B4T\Documents\sloeber-workspace\TEST_MKR1010\Release\arduino.ar(USBCore.cpp.o)
 .rodata._ZL15STRING_LANGUAGE
                0x0000775a        0x4 C:\Users\B4T\Documents\sloeber-workspace\TEST_MKR1010\Release\arduino.ar(USBCore.cpp.o)
 .rodata._ZL19STRING_MANUFACTURER
                0x0000775e        0xc C:\Users\B4T\Documents\sloeber-workspace\TEST_MKR1010\Release\arduino.ar(USBCore.cpp.o)
 .rodata._ZL21USB_DeviceDescriptorB
                0x0000776a       0x12 C:\Users\B4T\Documents\sloeber-workspace\TEST_MKR1010\Release\arduino.ar(USBCore.cpp.o)
 .rodata._ZN5Print10printFloatEdh.str1.1
                0x0000777c        0xc C:\Users\B4T\Documents\sloeber-workspace\TEST_MKR1010\Release\arduino.ar(Print.cpp.o)
 .rodata._ZN5Print7printlnEv.str1.1
                0x00007788        0x3 C:\Users\B4T\Documents\sloeber-workspace\TEST_MKR1010\Release\arduino.ar(Print.cpp.o)
 *fill*         0x0000778b        0x1 
 .rodata._ZTV4Uart
                0x0000778c       0x34 C:\Users\B4T\Documents\sloeber-workspace\TEST_MKR1010\Release\arduino.ar(Uart.cpp.o)
                0x0000778c                vtable for Uart
 .rodata        0x000077c0       0x40 c:/users/b4t/downloads/sloeber-ide-v4.4.3-win32.win32.x86_64/sloeber/arduinoplugin/packages/arduino/tools/arm-none-eabi-gcc/7-2017q4/bin/../lib/gcc/arm-none-eabi/7.2.1/thumb/v6-m\libgcc.a(divdf3.o)
 .rodata        0x00007800       0x40 c:/users/b4t/downloads/sloeber-ide-v4.4.3-win32.win32.x86_64/sloeber/arduinoplugin/packages/arduino/tools/arm-none-eabi-gcc/7-2017q4/bin/../lib/gcc/arm-none-eabi/7.2.1/thumb/v6-m\libgcc.a(muldf3.o)
 *(.eh_frame*)
 .eh_frame      0x00007840        0x0 c:/users/b4t/downloads/sloeber-ide-v4.4.3-win32.win32.x86_64/sloeber/arduinoplugin/packages/arduino/tools/arm-none-eabi-gcc/7-2017q4/bin/../lib/gcc/arm-none-eabi/7.2.1/thumb/v6-m/crtbegin.o
 .eh_frame      0x00007840        0x4 c:/users/b4t/downloads/sloeber-ide-v4.4.3-win32.win32.x86_64/sloeber/arduinoplugin/packages/arduino/tools/arm-none-eabi-gcc/7-2017q4/bin/../lib/gcc/arm-none-eabi/7.2.1/thumb/v6-m/crtend.o

.glue_7         0x00007844        0x0
 .glue_7        0x00007844        0x0 linker stubs

.glue_7t        0x00007844        0x0
 .glue_7t       0x00007844        0x0 linker stubs

.vfp11_veneer   0x00007844        0x0
 .vfp11_veneer  0x00007844        0x0 linker stubs

.v4_bx          0x00007844        0x0
 .v4_bx         0x00007844        0x0 linker stubs

.iplt           0x00007844        0x0
 .iplt          0x00007844        0x0 c:/users/b4t/downloads/sloeber-ide-v4.4.3-win32.win32.x86_64/sloeber/arduinoplugin/packages/arduino/tools/arm-none-eabi-gcc/7-2017q4/bin/../lib/gcc/arm-none-eabi/7.2.1/thumb/v6-m/crtbegin.o

.rel.dyn        0x00007844        0x0
 .rel.iplt      0x00007844        0x0 c:/users/b4t/downloads/sloeber-ide-v4.4.3-win32.win32.x86_64/sloeber/arduinoplugin/packages/arduino/tools/arm-none-eabi-gcc/7-2017q4/bin/../lib/gcc/arm-none-eabi/7.2.1/thumb/v6-m/crtbegin.o

.ARM.extab
 *(.ARM.extab* .gnu.linkonce.armextab.*)
                0x00007844                __exidx_start = .

.ARM.exidx
 *(.ARM.exidx* .gnu.linkonce.armexidx.*)
                0x00007844                __exidx_end = .
                0x00007844                __etext = .

.data           0x20000000       0xa0 load address 0x00007844
                0x20000000                __data_start__ = .
 *(vtable)
 *(.data*)
 .data._ZL10breakValue
                0x20000000        0x4 C:\Users\B4T\Documents\sloeber-workspace\TEST_MKR1010\Release\arduino.ar(CDC.cpp.o)
 .data._ZL12_usbLineInfo
                0x20000004        0x8 C:\Users\B4T\Documents\sloeber-workspace\TEST_MKR1010\Release\arduino.ar(CDC.cpp.o)
 .data._serialPeek
                0x2000000c        0x4 C:\Users\B4T\Documents\sloeber-workspace\TEST_MKR1010\Release\arduino.ar(CDC.cpp.o)
                0x2000000c                _serialPeek
 .data._ZL5ticks
                0x20000010        0x4 C:\Users\B4T\Documents\sloeber-workspace\TEST_MKR1010\Release\arduino.ar(Reset.cpp.o)
 .data.SystemCoreClock
                0x20000014        0x4 C:\Users\B4T\Documents\sloeber-workspace\TEST_MKR1010\Release\arduino.ar(wiring.c.o)
                0x20000014                SystemCoreClock
 .data._ADCResolution
                0x20000018        0x4 C:\Users\B4T\Documents\sloeber-workspace\TEST_MKR1010\Release\arduino.ar(wiring_analog.c.o)
 .data._readResolution
                0x2000001c        0x4 C:\Users\B4T\Documents\sloeber-workspace\TEST_MKR1010\Release\arduino.ar(wiring_analog.c.o)
 .data._impure_ptr
                0x20000020        0x4 c:/users/b4t/downloads/sloeber-ide-v4.4.3-win32.win32.x86_64/sloeber/arduinoplugin/packages/arduino/tools/arm-none-eabi-gcc/7-2017q4/bin/../lib/gcc/arm-none-eabi/7.2.1/../../../../arm-none-eabi/lib/thumb/v6-m\libc_nano.a(lib_a-impure.o)
                0x20000020                _impure_ptr
 .data.impure_data
                0x20000024       0x60 c:/users/b4t/downloads/sloeber-ide-v4.4.3-win32.win32.x86_64/sloeber/arduinoplugin/packages/arduino/tools/arm-none-eabi-gcc/7-2017q4/bin/../lib/gcc/arm-none-eabi/7.2.1/../../../../arm-none-eabi/lib/thumb/v6-m\libc_nano.a(lib_a-impure.o)
                0x20000084                . = ALIGN (0x4)
                0x20000084                PROVIDE (__preinit_array_start, .)
 *(.preinit_array)
                0x20000084                PROVIDE (__preinit_array_end, .)
                0x20000084                . = ALIGN (0x4)
                0x20000084                PROVIDE (__init_array_start, .)
 *(SORT_BY_NAME(.init_array.*))
 *(.init_array)
 .init_array    0x20000084        0x4 c:/users/b4t/downloads/sloeber-ide-v4.4.3-win32.win32.x86_64/sloeber/arduinoplugin/packages/arduino/tools/arm-none-eabi-gcc/7-2017q4/bin/../lib/gcc/arm-none-eabi/7.2.1/thumb/v6-m/crtbegin.o
 .init_array    0x20000088        0x4 .\app.cpp.o
 .init_array    0x2000008c        0x4 .\core\variant\variant.cpp.o
 .init_array    0x20000090        0x4 C:\Users\B4T\Documents\sloeber-workspace\TEST_MKR1010\Release\arduino.ar(CDC.cpp.o)
 .init_array    0x20000094        0x4 C:\Users\B4T\Documents\sloeber-workspace\TEST_MKR1010\Release\arduino.ar(USBCore.cpp.o)
                0x20000098                PROVIDE (__init_array_end, .)
                0x20000098                . = ALIGN (0x4)
                [!provide]                PROVIDE (__fini_array_start, .)
 *(SORT_BY_NAME(.fini_array.*))
 *(.fini_array)
 .fini_array    0x20000098        0x4 c:/users/b4t/downloads/sloeber-ide-v4.4.3-win32.win32.x86_64/sloeber/arduinoplugin/packages/arduino/tools/arm-none-eabi-gcc/7-2017q4/bin/../lib/gcc/arm-none-eabi/7.2.1/thumb/v6-m/crtbegin.o
                [!provide]                PROVIDE (__fini_array_end, .)
 *(.jcr*)
                0x200000a0                . = ALIGN (0x10)
 *fill*         0x2000009c        0x4 
                0x200000a0                __data_end__ = .

.igot.plt       0x200000a0        0x0 load address 0x000078e4
 .igot.plt      0x200000a0        0x0 c:/users/b4t/downloads/sloeber-ide-v4.4.3-win32.win32.x86_64/sloeber/arduinoplugin/packages/arduino/tools/arm-none-eabi-gcc/7-2017q4/bin/../lib/gcc/arm-none-eabi/7.2.1/thumb/v6-m/crtbegin.o

.bss            0x200000a0      0xc60 load address 0x000078e4
                0x200000a0                . = ALIGN (0x4)
                0x200000a0                __bss_start__ = .
 *(.bss*)
 .bss           0x200000a0       0x1c c:/users/b4t/downloads/sloeber-ide-v4.4.3-win32.win32.x86_64/sloeber/arduinoplugin/packages/arduino/tools/arm-none-eabi-gcc/7-2017q4/bin/../lib/gcc/arm-none-eabi/7.2.1/thumb/v6-m/crtbegin.o
 .bss._ZL13dynamentState
                0x200000bc        0x1 .\app.cpp.o
 *fill*         0x200000bd        0x3 
 .bss._ZL13finishStartMs
                0x200000c0        0x4 .\app.cpp.o
 .bss._ZL14receiveStartMs
                0x200000c4        0x4 .\app.cpp.o
 .bss.dynament  0x200000c8      0x158 .\app.cpp.o
                0x200000c8                dynament
 .bss._ZL13latestReading
                0x20000220       0x14 .\store.cpp.o
 .bss.Serial1   0x20000234      0x23c .\core\variant\variant.cpp.o
                0x20000234                Serial1
 .bss.Serial2   0x20000470      0x23c .\core\variant\variant.cpp.o
                0x20000470                Serial2
 .bss.sercom0   0x200006ac        0x4 .\core\variant\variant.cpp.o
                0x200006ac                sercom0
 .bss.sercom1   0x200006b0        0x4 .\core\variant\variant.cpp.o
                0x200006b0                sercom1
 .bss.sercom2   0x200006b4        0x4 .\core\variant\variant.cpp.o
                0x200006b4                sercom2
 .bss.sercom3   0x200006b8        0x4 .\core\variant\variant.cpp.o
                0x200006b8                sercom3
 .bss.sercom4   0x200006bc        0x4 .\core\variant\variant.cpp.o
                0x200006bc                sercom4
 .bss.sercom5   0x200006c0        0x4 .\core\variant\variant.cpp.o
                0x200006c0                sercom5
 .bss.SerialUSB
                0x200006c4       0x34 C:\Users\B4T\Documents\sloeber-workspace\TEST_MKR1010\Release\arduino.ar(CDC.cpp.o)
                0x200006c4                SerialUSB
 .bss._ZGVZ12PluggableUSBvE3obj
                0x200006f8        0x4 C:\Users\B4T\Documents\sloeber-workspace\TEST_MKR1010\Release\arduino.ar(PluggableUSB.cpp.o)
 .bss._ZZ12PluggableUSBvE3obj
                0x200006fc        0x8 C:\Users\B4T\Documents\sloeber-workspace\TEST_MKR1010\Release\arduino.ar(PluggableUSB.cpp.o)
 .bss.EndPoints
                0x20000704       0x28 C:\Users\B4T\Documents\sloeber-workspace\TEST_MKR1010\Release\arduino.ar(USBCore.cpp.o)
                0x20000704                EndPoints
 .bss.USBDevice
                0x2000072c        0x1 C:\Users\B4T\Documents\sloeber-workspace\TEST_MKR1010\Release\arduino.ar(USBCore.cpp.o)
                0x2000072c                USBDevice
 *fill*         0x2000072d        0x3 
 .bss._ZL10epHandlers
                0x20000730       0x1c C:\Users\B4T\Documents\sloeber-workspace\TEST_MKR1010\Release\arduino.ar(USBCore.cpp.o)
 .bss._ZL14isEndpointHalt
                0x2000074c        0x1 C:\Users\B4T\Documents\sloeber-workspace\TEST_MKR1010\Release\arduino.ar(USBCore.cpp.o)
 .bss._ZL20LastTransmitTimedOut
                0x2000074d        0x7 C:\Users\B4T\Documents\sloeber-workspace\TEST_MKR1010\Release\arduino.ar(USBCore.cpp.o)
 .bss._ZL21isRemoteWakeUpEnabled
                0x20000754        0x1 C:\Users\B4T\Documents\sloeber-workspace\TEST_MKR1010\Release\arduino.ar(USBCore.cpp.o)
 *fill*         0x20000755        0x3 
 .bss._ZL22udd_ep_in_cache_buffer
                0x20000758      0x1c0 C:\Users\B4T\Documents\sloeber-workspace\TEST_MKR1010\Release\arduino.ar(USBCore.cpp.o)
 .bss._ZL23udd_ep_out_cache_buffer
                0x20000918      0x1c0 C:\Users\B4T\Documents\sloeber-workspace\TEST_MKR1010\Release\arduino.ar(USBCore.cpp.o)
 .bss._dry_run  0x20000ad8        0x1 C:\Users\B4T\Documents\sloeber-workspace\TEST_MKR1010\Release\arduino.ar(USBCore.cpp.o)
                0x20000ad8                _dry_run
 .bss._pack_buffer
                0x20000ad9      0x100 C:\Users\B4T\Documents\sloeber-workspace\TEST_MKR1010\Release\arduino.ar(USBCore.cpp.o)
                0x20000ad9                _pack_buffer
 .bss._pack_message
                0x20000bd9        0x1 C:\Users\B4T\Documents\sloeber-workspace\TEST_MKR1010\Release\arduino.ar(USBCore.cpp.o)
                0x20000bd9                _pack_message
 .bss._pack_size
                0x20000bda        0x2 C:\Users\B4T\Documents\sloeber-workspace\TEST_MKR1010\Release\arduino.ar(USBCore.cpp.o)
                0x20000bda                _pack_size
 .bss._usbConfiguration
                0x20000bdc        0x4 C:\Users\B4T\Documents\sloeber-workspace\TEST_MKR1010\Release\arduino.ar(USBCore.cpp.o)
                0x20000bdc                _usbConfiguration
 .bss._usbSetInterface
                0x20000be0        0x4 C:\Users\B4T\Documents\sloeber-workspace\TEST_MKR1010\Release\arduino.ar(USBCore.cpp.o)
                0x20000be0                _usbSetInterface
 .bss.usbd      0x20000be4      0x104 C:\Users\B4T\Documents\sloeber-workspace\TEST_MKR1010\Release\arduino.ar(USBCore.cpp.o)
                0x20000be4                usbd
 .bss.usb_isr   0x20000ce8        0x4 C:\Users\B4T\Documents\sloeber-workspace\TEST_MKR1010\Release\arduino.ar(cortex_handlers.c.o)
 .bss._ulTickCount
                0x20000cec        0x4 C:\Users\B4T\Documents\sloeber-workspace\TEST_MKR1010\Release\arduino.ar(delay.c.o)
 .bss.__malloc_free_list
                0x20000cf0        0x4 c:/users/b4t/downloads/sloeber-ide-v4.4.3-win32.win32.x86_64/sloeber/arduinoplugin/packages/arduino/tools/arm-none-eabi-gcc/7-2017q4/bin/../lib/gcc/arm-none-eabi/7.2.1/../../../../arm-none-eabi/lib/thumb/v6-m\libc_nano.a(lib_a-nano-mallocr.o)
                0x20000cf0                __malloc_free_list
 .bss.__malloc_sbrk_start
                0x20000cf4        0x4 c:/users/b4t/downloads/sloeber-ide-v4.4.3-win32.win32.x86_64/sloeber/arduinoplugin/packages/arduino/tools/arm-none-eabi-gcc/7-2017q4/bin/../lib/gcc/arm-none-eabi/7.2.1/../../../../arm-none-eabi/lib/thumb/v6-m\libc_nano.a(lib_a-nano-mallocr.o)
                0x20000cf4                __malloc_sbrk_start
 .bss.heap_end.4102
                0x20000cf8        0x4 c:/users/b4t/downloads/sloeber-ide-v4.4.3-win32.win32.x86_64/sloeber/arduinoplugin/packages/arduino/tools/arm-none-eabi-gcc/7-2017q4/bin/../lib/gcc/arm-none-eabi/7.2.1/../../../../arm-none-eabi/lib/thumb/v6-m\libnosys.a(sbrk.o)
 *(COMMON)
 COMMON         0x20000cfc        0x4 c:/users/b4t/downloads/sloeber-ide-v4.4.3-win32.win32.x86_64/sloeber/arduinoplugin/packages/arduino/tools/arm-none-eabi-gcc/7-2017q4/bin/../lib/gcc/arm-none-eabi/7.2.1/../../../../arm-none-eabi/lib/thumb/v6-m\libc_nano.a(lib_a-reent.o)
                0x20000cfc                errno
                0x20000d00                . = ALIGN (0x4)
                0x20000d00                __bss_end__ = .

.heap           0x20000d00        0x0
                0x20000d00                __end__ = .
                0x20000d00                PROVIDE (end, .)
 *(.heap*)
                0x20000d00                __HeapLimit = .

.stack_dummy    0x20000d00        0x0
 *(.stack*)
                0x20008000                __StackTop = (ORIGIN (RAM) + LENGTH (RAM))
                0x20008000                __StackLimit = (__StackTop - SIZEOF (.stack_dummy))
                0x20008000                PROVIDE (__stack, __StackTop)
                0x20007fff                __ram_end__ = ((ORIGIN (RAM) + LENGTH (RAM)) - 0x1)
                0x00000001                ASSERT ((__StackLimit >= __HeapLimit), region RAM overflowed with stack)
OUTPUT(C:\Users\B4T\Documents\sloeber-workspace\TEST_MKR1010\Release/TEST_MKR1010.elf elf32-littlearm)

.ARM.attributes
                0x00000000       0x28
 .ARM.attributes
                0x00000000       0x1e c:/users/b4t/downloads/sloeber-ide-v4.4.3-win32.win32.x86_64/sloeber/arduinoplugin/packages/arduino/tools/arm-none-eabi-gcc/7-2017q4/bin/../lib/gcc/arm-none-eabi/7.2.1/thumb/v6-m/crti.o
 .ARM.attributes
                0x0000001e       0x2c c:/users/b4t/downloads/sloeber-ide-v4.4.3-win32.win32.x86_64/sloeber/arduinoplugin/packages/arduino/tools/arm-none-eabi-gcc/7-2017q4/bin/../lib/gcc/arm-none-eabi/7.2.1/thumb/v6-m/crtbegin.o
 .ARM.attributes
                0x0000004a       0x32 .\DynamentSensor.cpp.o
 .ARM.attributes
                0x0000007c       0x32 .\app.cpp.o
 .ARM.attributes
                0x000000ae       0x32 .\sloeber.ino.cpp.o
 .ARM.attributes
                0x000000e0       0x32 .\store.cpp.o
 .ARM.attributes
                0x00000112       0x32 .\core\variant\variant.cpp.o
 .ARM.attributes
                0x00000144       0x32 C:\Users\B4T\Documents\sloeber-workspace\TEST_MKR1010\Release\arduino.ar(CDC.cpp.o)
 .ARM.attributes
                0x00000176       0x32 C:\Users\B4T\Documents\sloeber-workspace\TEST_MKR1010\Release\arduino.ar(PluggableUSB.cpp.o)
 .ARM.attributes
                0x000001a8       0x32 C:\Users\B4T\Documents\sloeber-workspace\TEST_MKR1010\Release\arduino.ar(USBCore.cpp.o)
 .ARM.attributes
                0x000001da       0x32 C:\Users\B4T\Documents\sloeber-workspace\TEST_MKR1010\Release\arduino.ar(Print.cpp.o)
 .ARM.attributes
                0x0000020c       0x32 C:\Users\B4T\Documents\sloeber-workspace\TEST_MKR1010\Release\arduino.ar(Reset.cpp.o)
 .ARM.attributes
                0x0000023e       0x32 C:\Users\B4T\Documents\sloeber-workspace\TEST_MKR1010\Release\arduino.ar(SERCOM.cpp.o)
 .ARM.attributes
                0x00000270       0x32 C:\Users\B4T\Documents\sloeber-workspace\TEST_MKR1010\Release\arduino.ar(Uart.cpp.o)
 .ARM.attributes
                0x000002a2       0x32 C:\Users\B4T\Documents\sloeber-workspace\TEST_MKR1010\Release\arduino.ar(cortex_handlers.c.o)
 .ARM.attributes
                0x000002d4       0x32 C:\Users\B4T\Documents\sloeber-workspace\TEST_MKR1010\Release\arduino.ar(delay.c.o)
 .ARM.attributes
                0x00000306       0x32 C:\Users\B4T\Documents\sloeber-workspace\TEST_MKR1010\Release\arduino.ar(hooks.c.o)
 .ARM.attributes
                0x00000338       0x32 C:\Users\B4T\Documents\sloeber-workspace\TEST_MKR1010\Release\arduino.ar(main.cpp.o)
 .ARM.attributes
                0x0000036a       0x32 C:\Users\B4T\Documents\sloeber-workspace\TEST_MKR1010\Release\arduino.ar(new.cpp.o)
 .ARM.attributes
                0x0000039c       0x32 C:\Users\B4T\Documents\sloeber-workspace\TEST_MKR1010\Release\arduino.ar(startup.c.o)
 .ARM.attributes
                0x000003ce       0x32 C:\Users\B4T\Documents\sloeber-workspace\TEST_MKR1010\Release\arduino.ar(wiring.c.o)
 .ARM.attributes
                0x00000400       0x32 C:\Users\B4T\Documents\sloeber-workspace\TEST_MKR1010\Release\arduino.ar(wiring_analog.c.o)
 .ARM.attributes
                0x00000432       0x32 C:\Users\B4T\Documents\sloeber-workspace\TEST_MKR1010\Release\arduino.ar(wiring_digital.c.o)
 .ARM.attributes
                0x00000464       0x32 C:\Users\B4T\Documents\sloeber-workspace\TEST_MKR1010\Release\arduino.ar(wiring_private.c.o)
 .ARM.attributes
                0x00000496       0x1e c:/users/b4t/downloads/sloeber-ide-v4.4.3-win32.win32.x86_64/sloeber/arduinoplugin/packages/arduino/tools/arm-none-eabi-gcc/7-2017q4/bin/../lib/gcc/arm-none-eabi/7.2.1/thumb/v6-m\libgcc.a(_thumb1_case_uqi.o)
 .ARM.attributes
                0x000004b4       0x1e c:/users/b4t/downloads/sloeber-ide-v4.4.3-win32.win32.x86_64/sloeber/arduinoplugin/packages/arduino/tools/arm-none-eabi-gcc/7-2017q4/bin/../lib/gcc/arm-none-eabi/7.2.1/thumb/v6-m\libgcc.a(_udivsi3.o)
 .ARM.attributes
                0x000004d2       0x1e c:/users/b4t/downloads/sloeber-ide-v4.4.3-win32.win32.x86_64/sloeber/arduinoplugin/packages/arduino/tools/arm-none-eabi-gcc/7-2017q4/bin/../lib/gcc/arm-none-eabi/7.2.1/thumb/v6-m\libgcc.a(_dvmd_tls.o)
 .ARM.attributes
                0x000004f0       0x1e c:/users/b4t/downloads/sloeber-ide-v4.4.3-win32.win32.x86_64/sloeber/arduinoplugin/packages/arduino/tools/arm-none-eabi-gcc/7-2017q4/bin/../lib/gcc/arm-none-eabi/7.2.1/thumb/v6-m\libgcc.a(_arm_cmpdf2.o)
 .ARM.attributes
                0x0000050e       0x1e c:/users/b4t/downloads/sloeber-ide-v4.4.3-win32.win32.x86_64/sloeber/arduinoplugin/packages/arduino/tools/arm-none-eabi-gcc/7-2017q4/bin/../lib/gcc/arm-none-eabi/7.2.1/thumb/v6-m\libgcc.a(_arm_cmpsf2.o)
 .ARM.attributes
                0x0000052c       0x2c c:/users/b4t/downloads/sloeber-ide-v4.4.3-win32.win32.x86_64/sloeber/arduinoplugin/packages/arduino/tools/arm-none-eabi-gcc/7-2017q4/bin/../lib/gcc/arm-none-eabi/7.2.1/thumb/v6-m\libgcc.a(_fixunsdfsi.o)
 .ARM.attributes
                0x00000558       0x2c c:/users/b4t/downloads/sloeber-ide-v4.4.3-win32.win32.x86_64/sloeber/arduinoplugin/packages/arduino/tools/arm-none-eabi-gcc/7-2017q4/bin/../lib/gcc/arm-none-eabi/7.2.1/thumb/v6-m\libgcc.a(eqsf2.o)
 .ARM.attributes
                0x00000584       0x2c c:/users/b4t/downloads/sloeber-ide-v4.4.3-win32.win32.x86_64/sloeber/arduinoplugin/packages/arduino/tools/arm-none-eabi-gcc/7-2017q4/bin/../lib/gcc/arm-none-eabi/7.2.1/thumb/v6-m\libgcc.a(gesf2.o)
 .ARM.attributes
                0x000005b0       0x2c c:/users/b4t/downloads/sloeber-ide-v4.4.3-win32.win32.x86_64/sloeber/arduinoplugin/packages/arduino/tools/arm-none-eabi-gcc/7-2017q4/bin/../lib/gcc/arm-none-eabi/7.2.1/thumb/v6-m\libgcc.a(lesf2.o)
 .ARM.attributes
                0x000005dc       0x2c c:/users/b4t/downloads/sloeber-ide-v4.4.3-win32.win32.x86_64/sloeber/arduinoplugin/packages/arduino/tools/arm-none-eabi-gcc/7-2017q4/bin/../lib/gcc/arm-none-eabi/7.2.1/thumb/v6-m\libgcc.a(adddf3.o)
 .ARM.attributes
                0x00000608       0x2c c:/users/b4t/downloads/sloeber-ide-v4.4.3-win32.win32.x86_64/sloeber/arduinoplugin/packages/arduino/tools/arm-none-eabi-gcc/7-2017q4/bin/../lib/gcc/arm-none-eabi/7.2.1/thumb/v6-m\libgcc.a(divdf3.o)
 .ARM.attributes
                0x00000634       0x2c c:/users/b4t/downloads/sloeber-ide-v4.4.3-win32.win32.x86_64/sloeber/arduinoplugin/packages/arduino/tools/arm-none-eabi-gcc/7-2017q4/bin/../lib/gcc/arm-none-eabi/7.2.1/thumb/v6-m\libgcc.a(eqdf2.o)
 .ARM.attributes
                0x00000660       0x2c c:/users/b4t/downloads/sloeber-ide-v4.4.3-win32.win32.x86_64/sloeber/arduinoplugin/packages/arduino/tools/arm-none-eabi-gcc/7-2017q4/bin/../lib/gcc/arm-none-eabi/7.2.1/thumb/v6-m\libgcc.a(gedf2.o)
 .ARM.attributes
                0x0000068c       0x2c c:/users/b4t/downloads/sloeber-ide-v4.4.3-win32.win32.x86_64/sloeber/arduinoplugin/packages/arduino/tools/arm-none-eabi-gcc/7-2017q4/bin/../lib/gcc/arm-none-eabi/7.2.1/thumb/v6-m\libgcc.a(ledf2.o)
 .ARM.attributes
                0x000006b8       0x2c c:/users/b4t/downloads/sloeber-ide-v4.4.3-win32.win32.x86_64/sloeber/arduinoplugin/packages/arduino/tools/arm-none-eabi-gcc/7-2017q4/bin/../lib/gcc/arm-none-eabi/7.2.1/thumb/v6-m\libgcc.a(muldf3.o)
 .ARM.attributes
                0x000006e4       0x2c c:/users/b4t/downloads/sloeber-ide-v4.4.3-win32.win32.x86_64/sloeber/arduinoplugin/packages/arduino/tools/arm-none-eabi-gcc/7-2017q4/bin/../lib/gcc/arm-none-eabi/7.2.1/thumb/v6-m\libgcc.a(subdf3.o)
 .ARM.attributes
                0x00000710       0x2c c:/users/b4t/downloads/sloeber-ide-v4.4.3-win32.win32.x86_64/sloeber/arduinoplugin/packages/arduino/tools/arm-none-eabi-gcc/7-2017q4/bin/../lib/gcc/arm-none-eabi/7.2.1/thumb/v6-m\libgcc.a(unorddf2.o)
 .ARM.attributes
                0x0000073c       0x2c c:/users/b4t/downloads/sloeber-ide-v4.4.3-win32.win32.x86_64/sloeber/arduinoplugin/packages/arduino/tools/arm-none-eabi-gcc/7-2017q4/bin/../lib/gcc/arm-none-eabi/7.2.1/thumb/v6-m\libgcc.a(fixdfsi.o)
 .ARM.attributes
                0x00000768       0x2c c:/users/b4t/downloads/sloeber-ide-v4.4.3-win32.win32.x86_64/sloeber/arduinoplugin/packages/arduino/tools/arm-none-eabi-gcc/7-2017q4/bin/../lib/gcc/arm-none-eabi/7.2.1/thumb/v6-m\libgcc.a(floatunsidf.o)
 .ARM.attributes
                0x00000794       0x2c c:/users/b4t/downloads/sloeber-ide-v4.4.3-win32.win32.x86_64/sloeber/arduinoplugin/packages/arduino/tools/arm-none-eabi-gcc/7-2017q4/bin/../lib/gcc/arm-none-eabi/7.2.1/thumb/v6-m\libgcc.a(extendsfdf2.o)
 .ARM.attributes
                0x000007c0       0x1e c:/users/b4t/downloads/sloeber-ide-v4.4.3-win32.win32.x86_64/sloeber/arduinoplugin/packages/arduino/tools/arm-none-eabi-gcc/7-2017q4/bin/../lib/gcc/arm-none-eabi/7.2.1/thumb/v6-m\libgcc.a(_clzsi2.o)
 .ARM.attributes
                0x000007de       0x2c c:/users/b4t/downloads/sloeber-ide-v4.4.3-win32.win32.x86_64/sloeber/arduinoplugin/packages/arduino/tools/arm-none-eabi-gcc/7-2017q4/bin/../lib/gcc/arm-none-eabi/7.2.1/../../../../arm-none-eabi/lib/thumb/v6-m\libc_nano.a(lib_a-impure.o)
 .ARM.attributes
                0x0000080a       0x2c c:/users/b4t/downloads/sloeber-ide-v4.4.3-win32.win32.x86_64/sloeber/arduinoplugin/packages/arduino/tools/arm-none-eabi-gcc/7-2017q4/bin/../lib/gcc/arm-none-eabi/7.2.1/../../../../arm-none-eabi/lib/thumb/v6-m\libc_nano.a(lib_a-init.o)
 .ARM.attributes
                0x00000836       0x2c c:/users/b4t/downloads/sloeber-ide-v4.4.3-win32.win32.x86_64/sloeber/arduinoplugin/packages/arduino/tools/arm-none-eabi-gcc/7-2017q4/bin/../lib/gcc/arm-none-eabi/7.2.1/../../../../arm-none-eabi/lib/thumb/v6-m\libc_nano.a(lib_a-malloc.o)
 .ARM.attributes
                0x00000862       0x2c c:/users/b4t/downloads/sloeber-ide-v4.4.3-win32.win32.x86_64/sloeber/arduinoplugin/packages/arduino/tools/arm-none-eabi-gcc/7-2017q4/bin/../lib/gcc/arm-none-eabi/7.2.1/../../../../arm-none-eabi/lib/thumb/v6-m\libc_nano.a(lib_a-memcpy-stub.o)
 .ARM.attributes
                0x0000088e       0x2c c:/users/b4t/downloads/sloeber-ide-v4.4.3-win32.win32.x86_64/sloeber/arduinoplugin/packages/arduino/tools/arm-none-eabi-gcc/7-2017q4/bin/../lib/gcc/arm-none-eabi/7.2.1/../../../../arm-none-eabi/lib/thumb/v6-m\libc_nano.a(lib_a-memset.o)
 .ARM.attributes
                0x000008ba       0x2c c:/users/b4t/downloads/sloeber-ide-v4.4.3-win32.win32.x86_64/sloeber/arduinoplugin/packages/arduino/tools/arm-none-eabi-gcc/7-2017q4/bin/../lib/gcc/arm-none-eabi/7.2.1/../../../../arm-none-eabi/lib/thumb/v6-m\libc_nano.a(lib_a-nano-freer.o)
 .ARM.attributes
                0x000008e6       0x2c c:/users/b4t/downloads/sloeber-ide-v4.4.3-win32.win32.x86_64/sloeber/arduinoplugin/packages/arduino/tools/arm-none-eabi-gcc/7-2017q4/bin/../lib/gcc/arm-none-eabi/7.2.1/../../../../arm-none-eabi/lib/thumb/v6-m\libc_nano.a(lib_a-nano-mallocr.o)
 .ARM.attributes
                0x00000912       0x2c c:/users/b4t/downloads/sloeber-ide-v4.4.3-win32.win32.x86_64/sloeber/arduinoplugin/packages/arduino/tools/arm-none-eabi-gcc/7-2017q4/bin/../lib/gcc/arm-none-eabi/7.2.1/../../../../arm-none-eabi/lib/thumb/v6-m\libc_nano.a(lib_a-sbrkr.o)
 .ARM.attributes
                0x0000093e       0x1c c:/users/b4t/downloads/sloeber-ide-v4.4.3-win32.win32.x86_64/sloeber/arduinoplugin/packages/arduino/tools/arm-none-eabi-gcc/7-2017q4/bin/../lib/gcc/arm-none-eabi/7.2.1/../../../../arm-none-eabi/lib/thumb/v6-m\libc_nano.a(lib_a-strlen.o)
 .ARM.attributes
                0x0000095a       0x2c c:/users/b4t/downloads/sloeber-ide-v4.4.3-win32.win32.x86_64/sloeber/arduinoplugin/packages/arduino/tools/arm-none-eabi-gcc/7-2017q4/bin/../lib/gcc/arm-none-eabi/7.2.1/../../../../arm-none-eabi/lib/thumb/v6-m\libc_nano.a(lib_a-mlock.o)
 .ARM.attributes
                0x00000986       0x2c c:/users/b4t/downloads/sloeber-ide-v4.4.3-win32.win32.x86_64/sloeber/arduinoplugin/packages/arduino/tools/arm-none-eabi-gcc/7-2017q4/bin/../lib/gcc/arm-none-eabi/7.2.1/../../../../arm-none-eabi/lib/thumb/v6-m\libc_nano.a(lib_a-reent.o)
 .ARM.attributes
                0x000009b2       0x2c c:/users/b4t/downloads/sloeber-ide-v4.4.3-win32.win32.x86_64/sloeber/arduinoplugin/packages/arduino/tools/arm-none-eabi-gcc/7-2017q4/bin/../lib/gcc/arm-none-eabi/7.2.1/../../../../arm-none-eabi/lib/thumb/v6-m\libnosys.a(sbrk.o)
 .ARM.attributes
                0x000009de       0x2c c:/users/b4t/downloads/sloeber-ide-v4.4.3-win32.win32.x86_64/sloeber/arduinoplugin/packages/arduino/tools/arm-none-eabi-gcc/7-2017q4/bin/../lib/gcc/arm-none-eabi/7.2.1/thumb/v6-m/crtend.o
 .ARM.attributes
                0x00000a0a       0x1e c:/users/b4t/downloads/sloeber-ide-v4.4.3-win32.win32.x86_64/sloeber/arduinoplugin/packages/arduino/tools/arm-none-eabi-gcc/7-2017q4/bin/../lib/gcc/arm-none-eabi/7.2.1/thumb/v6-m/crtn.o

.comment        0x00000000       0x7e
 .comment       0x00000000       0x7e .\DynamentSensor.cpp.o
                                 0x7f (size before relaxing)
 .comment       0x0000007e       0x7f .\app.cpp.o
 .comment       0x0000007e       0x7f .\sloeber.ino.cpp.o
 .comment       0x0000007e       0x7f .\store.cpp.o
 .comment       0x0000007e       0x7f .\core\variant\variant.cpp.o
 .comment       0x0000007e       0x7f C:\Users\B4T\Documents\sloeber-workspace\TEST_MKR1010\Release\arduino.ar(CDC.cpp.o)
 .comment       0x0000007e       0x7f C:\Users\B4T\Documents\sloeber-workspace\TEST_MKR1010\Release\arduino.ar(PluggableUSB.cpp.o)
 .comment       0x0000007e       0x7f C:\Users\B4T\Documents\sloeber-workspace\TEST_MKR1010\Release\arduino.ar(USBCore.cpp.o)
 .comment       0x0000007e       0x7f C:\Users\B4T\Documents\sloeber-workspace\TEST_MKR1010\Release\arduino.ar(Print.cpp.o)
 .comment       0x0000007e       0x7f C:\Users\B4T\Documents\sloeber-workspace\TEST_MKR1010\Release\arduino.ar(Reset.cpp.o)
 .comment       0x0000007e       0x7f C:\Users\B4T\Documents\sloeber-workspace\TEST_MKR1010\Release\arduino.ar(SERCOM.cpp.o)
 .comment       0x0000007e       0x7f C:\Users\B4T\Documents\sloeber-workspace\TEST_MKR1010\Release\arduino.ar(Uart.cpp.o)
 .comment       0x0000007e       0x7f C:\Users\B4T\Documents\sloeber-workspace\TEST_MKR1010\Release\arduino.ar(cortex_handlers.c.o)
 .comment       0x0000007e       0x7f C:\Users\B4T\Documents\sloeber-workspace\TEST_MKR1010\Release\arduino.ar(delay.c.o)
 .comment       0x0000007e       0x7f C:\Users\B4T\Documents\sloeber-workspace\TEST_MKR1010\Release\arduino.ar(hooks.c.o)
 .comment       0x0000007e       0x7f C:\Users\B4T\Documents\sloeber-workspace\TEST_MKR1010\Release\arduino.ar(main.cpp.o)
 .comment       0x0000007e       0x7f C:\Users\B4T\Documents\sloeber-workspace\TEST_MKR1010\Release\arduino.ar(new.cpp.o)
 .comment       0x0000007e       0x7f C:\Users\B4T\Documents\sloeber-workspace\TEST_MKR1010\Release\arduino.ar(startup.c.o)
 .comment       0x0000007e       0x7f C:\Users\B4T\Documents\sloeber-workspace\TEST_MKR1010\Release\arduino.ar(wiring.c.o)
 .comment       0x0000007e       0x7f C:\Users\B4T\Documents\sloeber-workspace\TEST_MKR1010\Release\arduino.ar(wiring_analog.c.o)
 .comment       0x0000007e       0x7f C:\Users\B4T\Documents\sloeber-workspace\TEST_MKR1010\Release\arduino.ar(wiring_digital.c.o)
 .comment       0x0000007e       0x7f C:\Users\B4T\Documents\sloeber-workspace\TEST_MKR1010\Release\arduino.ar(wiring_private.c.o)

.debug_info     0x00000000    0x62ab0
 .debug_info    0x00000000     0x584f .\DynamentSensor.cpp.o
 .debug_info    0x0000584f     0x52aa .\app.cpp.o
 .debug_info    0x0000aaf9     0x4a44 .\sloeber.ino.cpp.o
 .debug_info    0x0000f53d     0x4ae5 .\store.cpp.o
 .debug_info    0x00014022     0x780b .\core\variant\variant.cpp.o
 .debug_info    0x0001b82d     0x98d8 C:\Users\B4T\Documents\sloeber-workspace\TEST_MKR1010\Release\arduino.ar(CDC.cpp.o)
 .debug_info    0x00025105     0x1a87 C:\Users\B4T\Documents\sloeber-workspace\TEST_MKR1010\Release\arduino.ar(PluggableUSB.cpp.o)
 .debug_info    0x00026b8c     0xc5ea C:\Users\B4T\Documents\sloeber-workspace\TEST_MKR1010\Release\arduino.ar(USBCore.cpp.o)
 .debug_info    0x00033176     0x7135 C:\Users\B4T\Documents\sloeber-workspace\TEST_MKR1010\Release\arduino.ar(Print.cpp.o)
 .debug_info    0x0003a2ab     0x502e C:\Users\B4T\Documents\sloeber-workspace\TEST_MKR1010\Release\arduino.ar(Reset.cpp.o)
 .debug_info    0x0003f2d9     0x5f47 C:\Users\B4T\Documents\sloeber-workspace\TEST_MKR1010\Release\arduino.ar(SERCOM.cpp.o)
 .debug_info    0x00045220     0x794d C:\Users\B4T\Documents\sloeber-workspace\TEST_MKR1010\Release\arduino.ar(Uart.cpp.o)
 .debug_info    0x0004cb6d     0x10f5 C:\Users\B4T\Documents\sloeber-workspace\TEST_MKR1010\Release\arduino.ar(cortex_handlers.c.o)
 .debug_info    0x0004dc62     0x1389 C:\Users\B4T\Documents\sloeber-workspace\TEST_MKR1010\Release\arduino.ar(delay.c.o)
 .debug_info    0x0004efeb       0x64 C:\Users\B4T\Documents\sloeber-workspace\TEST_MKR1010\Release\arduino.ar(hooks.c.o)
 .debug_info    0x0004f04f     0x4a6c C:\Users\B4T\Documents\sloeber-workspace\TEST_MKR1010\Release\arduino.ar(main.cpp.o)
 .debug_info    0x00053abb      0xf3b C:\Users\B4T\Documents\sloeber-workspace\TEST_MKR1010\Release\arduino.ar(new.cpp.o)
 .debug_info    0x000549f6     0x34b7 C:\Users\B4T\Documents\sloeber-workspace\TEST_MKR1010\Release\arduino.ar(startup.c.o)
 .debug_info    0x00057ead     0x2d63 C:\Users\B4T\Documents\sloeber-workspace\TEST_MKR1010\Release\arduino.ar(wiring.c.o)
 .debug_info    0x0005ac10     0x4eef C:\Users\B4T\Documents\sloeber-workspace\TEST_MKR1010\Release\arduino.ar(wiring_analog.c.o)
 .debug_info    0x0005faff     0x17e3 C:\Users\B4T\Documents\sloeber-workspace\TEST_MKR1010\Release\arduino.ar(wiring_digital.c.o)
 .debug_info    0x000612e2     0x17ce C:\Users\B4T\Documents\sloeber-workspace\TEST_MKR1010\Release\arduino.ar(wiring_private.c.o)

.debug_abbrev   0x00000000     0x7863
 .debug_abbrev  0x00000000      0x841 .\DynamentSensor.cpp.o
 .debug_abbrev  0x00000841      0x63b .\app.cpp.o
 .debug_abbrev  0x00000e7c      0x4eb .\sloeber.ino.cpp.o
 .debug_abbrev  0x00001367      0x54a .\store.cpp.o
 .debug_abbrev  0x000018b1      0x644 .\core\variant\variant.cpp.o
 .debug_abbrev  0x00001ef5      0xade C:\Users\B4T\Documents\sloeber-workspace\TEST_MKR1010\Release\arduino.ar(CDC.cpp.o)
 .debug_abbrev  0x000029d3      0x550 C:\Users\B4T\Documents\sloeber-workspace\TEST_MKR1010\Release\arduino.ar(PluggableUSB.cpp.o)
 .debug_abbrev  0x00002f23      0xc1d C:\Users\B4T\Documents\sloeber-workspace\TEST_MKR1010\Release\arduino.ar(USBCore.cpp.o)
 .debug_abbrev  0x00003b40      0x826 C:\Users\B4T\Documents\sloeber-workspace\TEST_MKR1010\Release\arduino.ar(Print.cpp.o)
 .debug_abbrev  0x00004366      0x5b4 C:\Users\B4T\Documents\sloeber-workspace\TEST_MKR1010\Release\arduino.ar(Reset.cpp.o)
 .debug_abbrev  0x0000491a      0x786 C:\Users\B4T\Documents\sloeber-workspace\TEST_MKR1010\Release\arduino.ar(SERCOM.cpp.o)
 .debug_abbrev  0x000050a0      0x8a2 C:\Users\B4T\Documents\sloeber-workspace\TEST_MKR1010\Release\arduino.ar(Uart.cpp.o)
 .debug_abbrev  0x00005942      0x29a C:\Users\B4T\Documents\sloeber-workspace\TEST_MKR1010\Release\arduino.ar(cortex_handlers.c.o)
 .debug_abbrev  0x00005bdc      0x304 C:\Users\B4T\Documents\sloeber-workspace\TEST_MKR1010\Release\arduino.ar(delay.c.o)
 .debug_abbrev  0x00005ee0       0x49 C:\Users\B4T\Documents\sloeber-workspace\TEST_MKR1010\Release\arduino.ar(hooks.c.o)
 .debug_abbrev  0x00005f29      0x522 C:\Users\B4T\Documents\sloeber-workspace\TEST_MKR1010\Release\arduino.ar(main.cpp.o)
 .debug_abbrev  0x0000644b      0x301 C:\Users\B4T\Documents\sloeber-workspace\TEST_MKR1010\Release\arduino.ar(new.cpp.o)
 .debug_abbrev  0x0000674c      0x2ac C:\Users\B4T\Documents\sloeber-workspace\TEST_MKR1010\Release\arduino.ar(startup.c.o)
 .debug_abbrev  0x000069f8      0x3a1 C:\Users\B4T\Documents\sloeber-workspace\TEST_MKR1010\Release\arduino.ar(wiring.c.o)
 .debug_abbrev  0x00006d99      0x47e C:\Users\B4T\Documents\sloeber-workspace\TEST_MKR1010\Release\arduino.ar(wiring_analog.c.o)
 .debug_abbrev  0x00007217      0x330 C:\Users\B4T\Documents\sloeber-workspace\TEST_MKR1010\Release\arduino.ar(wiring_digital.c.o)
 .debug_abbrev  0x00007547      0x31c C:\Users\B4T\Documents\sloeber-workspace\TEST_MKR1010\Release\arduino.ar(wiring_private.c.o)

.debug_loc      0x00000000     0x7179