Archive member included to satisfy reference by file (symbol)

C:\Users\B4T\Documents\sloeber-workspace\TEST_MKR1010\Release\arduino.ar(CDC.cpp.o)
                              .\sloeber.ino.cpp.o (Serial_::begin(unsigned long))
C:\Users\B4T\Documents\sloeber-workspace\TEST_MKR1010\Release\arduino.ar(PluggableUSB.cpp.o)
                              C:\Users\B4T\Documents\sloeber-workspace\TEST_MKR1010\Release\arduino.ar(CDC.cpp.o) (PluggableUSB_::plug(PluggableUSBModule*))
C:\Users\B4T\Documents\sloeber-workspace\TEST_MKR1010\Release\arduino.ar(USBCore.cpp.o)
                              C:\Users\B4T\Documents\sloeber-workspace\TEST_MKR1010\Release\arduino.ar(CDC.cpp.o) (usbd)
C:\Users\B4T\Documents\sloeber-workspace\TEST_MKR1010\Release\arduino.ar(Print.cpp.o)
                              .\app.cpp.o (Print::print(char const*))
C:\Users\B4T\Documents\sloeber-workspace\TEST_MKR1010\Release\arduino.ar(Reset.cpp.o)
                              C:\Users\B4T\Documents\sloeber-workspace\TEST_MKR1010\Release\arduino.ar(CDC.cpp.o) (initiateReset)
C:\Users\B4T\Documents\sloeber-workspace\TEST_MKR1010\Release\arduino.ar(SERCOM.cpp.o)
                              .\core\variant\variant.cpp.o (SERCOM::SERCOM(Sercom*))
C:\Users\B4T\Documents\sloeber-workspace\TEST_MKR1010\Release\arduino.ar(Uart.cpp.o)
                              .\core\variant\variant.cpp.o (Uart::Uart(SERCOM*, unsigned char, unsigned char, SercomRXPad, SercomUartTXPad, unsigned char, unsigned char))
C:\Users\B4T\Documents\sloeber-workspace\TEST_MKR1010\Release\arduino.ar(abi.cpp.o)
                              C:\Users\B4T\Documents\sloeber-workspace\TEST_MKR1010\Release\arduino.ar(Print.cpp.o) (__cxa_pure_virtual)
C:\Users\B4T\Documents\sloeber-workspace\TEST_MKR1010\Release\arduino.ar(cortex_handlers.c.o)
                              (Reset_Handler)
C:\Users\B4T\Documents\sloeber-workspace\TEST_MKR1010\Release\arduino.ar(delay.c.o)
                              .\DynamentSensor.cpp.o (millis)
C:\Users\B4T\Documents\sloeber-workspace\TEST_MKR1010\Release\arduino.ar(hooks.c.o)
                              C:\Users\B4T\Documents\sloeber-workspace\TEST_MKR1010\Release\arduino.ar(delay.c.o) (yield)
C:\Users\B4T\Documents\sloeber-workspace\TEST_MKR1010\Release\arduino.ar(main.cpp.o)
                              c:/users/b4t/downloads/sloeber-ide-v4.4.3-win32.win32.x86_64/sloeber/arduinoplugin/packages/arduino/tools/arm-none-eabi-gcc/7-2017q4/bin/../lib/gcc/arm-none-eabi/7.2.1/../../../../arm-none-eabi/lib/thumb/v6-m/crt0.o (main)
C:\Users\B4T\Documents\sloeber-workspace\TEST_MKR1010\Release\arduino.ar(new.cpp.o)
                              C:\Users\B4T\Documents\sloeber-workspace\TEST_MKR1010\Release\arduino.ar(USBCore.cpp.o) (operator new(unsigned int))
C:\Users\B4T\Documents\sloeber-workspace\TEST_MKR1010\Release\arduino.ar(startup.c.o)
                              C:\Users\B4T\Documents\sloeber-workspace\TEST_MKR1010\Release\arduino.ar(cortex_handlers.c.o) (SystemInit)
C:\Users\B4T\Documents\sloeber-workspace\TEST_MKR1010\Release\arduino.ar(wiring.c.o)
                              C:\Users\B4T\Documents\sloeber-workspace\TEST_MKR1010\Release\arduino.ar(main.cpp.o) (init)
C:\Users\B4T\Documents\sloeber-workspace\TEST_MKR1010\Release\arduino.ar(wiring_analog.c.o)
                              C:\Users\B4T\Documents\sloeber-workspace\TEST_MKR1010\Release\arduino.ar(wiring.c.o) (analogReference)
C:\Users\B4T\Documents\sloeber-workspace\TEST_MKR1010\Release\arduino.ar(wiring_digital.c.o)
                              .\core\variant\variant.cpp.o (pinMode)
C:\Users\B4T\Documents\sloeber-workspace\TEST_MKR1010\Release\arduino.ar(wiring_private.c.o)
                              .\core\variant\variant.cpp.o (pinPeripheral)
c:/users/b4t/downloads/sloeber-ide-v4.4.3-win32.win32.x86_64/sloeber/arduinoplugin/packages/arduino/tools/arm-none-eabi-gcc/7-2017q4/bin/../lib/gcc/arm-none-eabi/7.2.1/thumb/v6-m\libgcc.a(_thumb1_case_uqi.o)
                              .\app.cpp.o (__gnu_thumb1_case_uqi)
c:/users/b4t/downloads/sloeber-ide-v4.4.3-win32.win32.x86_64/sloeber/arduinoplugin/packages/arduino/tools/arm-none-eabi-gcc/7-2017q4/bin/../lib/gcc/arm-none-eabi/7.2.1/thumb/v6-m\libgcc.a(_udivsi3.o)
                              C:\Users\B4T\Documents\sloeber-workspace\TEST_MKR1010\Release\arduino.ar(USBCore.cpp.o) (__aeabi_uidiv)
c:/users/b4t/downloads/sloeber-ide-v4.4.3-win32.win32.x86_64/sloeber/arduinoplugin/packages/arduino/tools/arm-none-eabi-gcc/7-2017q4/bin/../lib/gcc/arm-none-eabi/7.2.1/thumb/v6-m\libgcc.a(_divsi3.o)
                              C:\Users\B4T\Documents\sloeber-workspace\TEST_MKR1010\Release\arduino.ar(USBCore.cpp.o) (__aeabi_idiv)
c:/users/b4t/downloads/sloeber-ide-v4.4.3-win32.win32.x86_64/sloeber/arduinoplugin/packages/arduino/tools/arm-none-eabi-gcc/7-2017q4/bin/../lib/gcc/arm-none-eabi/7.2.1/thumb/v6-m\libgcc.a(_dvmd_tls.o)
[...]
Memory Configuration

Name             Origin             Length             Attributes
FLASH            0x00002000         0x0003e000         xr
RAM              0x20000000         0x00008000         xrw
*default*        0x00000000         0xffffffff

Linker script and memory map

LOAD c:/users/b4t/downloads/sloeber-ide-v4.4.3-win32.win32.x86_64/sloeber/arduinoplugin/packages/arduino/tools/arm-none-eabi-gcc/7-2017q4/bin/../lib/gcc/arm-none-eabi/7.2.1/thumb/v6-m/crti.o
LOAD c:/users/b4t/downloads/sloeber-ide-v4.4.3-win32.win32.x86_64/sloeber/arduinoplugin/packages/arduino/tools/arm-none-eabi-gcc/7-2017q4/bin/../lib/gcc/arm-none-eabi/7.2.1/thumb/v6-m/crtbegin.o
LOAD c:/users/b4t/downloads/sloeber-ide-v4.4.3-win32.win32.x86_64/sloeber/arduinoplugin/packages/arduino/tools/arm-none-eabi-gcc/7-2017q4/bin/../lib/gcc/arm-none-eabi/7.2.1/../../../../arm-none-eabi/lib/thumb/v6-m/crt0.o
LOAD .\DynamentSensor.cpp.o
LOAD .\app.cpp.o
LOAD .\sloeber.ino.cpp.o
LOAD .\core\variant\variant.cpp.o
START GROUP
LOAD C:\Users\B4T\Downloads\sloeber-ide-V4.4.3-win32.win32.x86_64\Sloeber\arduinoPlugin\packages\arduino\tools\CMSIS\4.5.0/CMSIS/Lib/GCC/\libarm_cortexM0l_math.a
LOAD C:\Users\B4T\Documents\sloeber-workspace\TEST_MKR1010\Release\arduino.ar
END GROUP
LOAD c:/users/b4t/downloads/sloeber-ide-v4.4.3-win32.win32.x86_64/sloeber/arduinoplugin/packages/arduino/tools/arm-none-eabi-gcc/7-2017q4/bin/../lib/gcc/arm-none-eabi/7.2.1/../../../../arm-none-eabi/lib/thumb/v6-m\libstdc++_nano.a
LOAD c:/users/b4t/downloads/sloeber-ide-v4.4.3-win32.win32.x86_64/sloeber/arduinoplugin/packages/arduino/tools/arm-none-eabi-gcc/7-2017q4/bin/../lib/gcc/arm-none-eabi/7.2.1/../../../../arm-none-eabi/lib/thumb/v6-m\libm.a
START GROUP
LOAD c:/users/b4t/downloads/sloeber-ide-v4.4.3-win32.win32.x86_64/sloeber/arduinoplugin/packages/arduino/tools/arm-none-eabi-gcc/7-2017q4/bin/../lib/gcc/arm-none-eabi/7.2.1/thumb/v6-m\libgcc.a
LOAD c:/users/b4t/downloads/sloeber-ide-v4.4.3-win32.win32.x86_64/sloeber/arduinoplugin/packages/arduino/tools/arm-none-eabi-gcc/7-2017q4/bin/../lib/gcc/arm-none-eabi/7.2.1/../../../../arm-none-eabi/lib/thumb/v6-m\libc_nano.a
END GROUP
START GROUP
LOAD c:/users/b4t/downloads/sloeber-ide-v4.4.3-win32.win32.x86_64/sloeber/arduinoplugin/packages/arduino/tools/arm-none-eabi-gcc/7-2017q4/bin/../lib/gcc/arm-none-eabi/7.2.1/thumb/v6-m\libgcc.a
LOAD c:/users/b4t/downloads/sloeber-ide-v4.4.3-win32.win32.x86_64/sloeber/arduinoplugin/packages/arduino/tools/arm-none-eabi-gcc/7-2017q4/bin/../lib/gcc/arm-none-eabi/7.2.1/../../../../arm-none-eabi/lib/thumb/v6-m\libc_nano.a
LOAD c:/users/b4t/downloads/sloeber-ide-v4.4.3-win32.win32.x86_64/sloeber/arduinoplugin/packages/arduino/tools/arm-none-eabi-gcc/7-2017q4/bin/../lib/gcc/arm-none-eabi/7.2.1/../../../../arm-none-eabi/lib/thumb/v6-m\libnosys.a
END GROUP
START GROUP
LOAD c:/users/b4t/downloads/sloeber-ide-v4.4.3-win32.win32.x86_64/sloeber/arduinoplugin/packages/arduino/tools/arm-none-eabi-gcc/7-2017q4/bin/../lib/gcc/arm-none-eabi/7.2.1/thumb/v6-m\libgcc.a
LOAD c:/users/b4t/downloads/sloeber-ide-v4.4.3-win32.win32.x86_64/sloeber/arduinoplugin/packages/arduino/tools/arm-none-eabi-gcc/7-2017q4/bin/../lib/gcc/arm-none-eabi/7.2.1/../../../../arm-none-eabi/lib/thumb/v6-m\libc_nano.a
LOAD c:/users/b4t/downloads/sloeber-ide-v4.4.3-win32.win32.x86_64/sloeber/arduinoplugin/packages/arduino/tools/arm-none-eabi-gcc/7-2017q4/bin/../lib/gcc/arm-none-eabi/7.2.1/../../../../arm-none-eabi/lib/thumb/v6-m\libnosys.a
END GROUP
LOAD c:/users/b4t/downloads/sloeber-ide-v4.4.3-win32.win32.x86_64/sloeber/arduinoplugin/packages/arduino/tools/arm-none-eabi-gcc/7-2017q4/bin/../lib/gcc/arm-none-eabi/7.2.1/thumb/v6-m/crtend.o
LOAD c:/users/b4t/downloads/sloeber-ide-v4.4.3-win32.win32.x86_64/sloeber/arduinoplugin/packages/arduino/tools/arm-none-eabi-gcc/7-2017q4/bin/../lib/gcc/arm-none-eabi/7.2.1/thumb/v6-m/crtn.o

.text           0x00002000     0x57a4
                0x00002000                __text_start__ = .
 *(.sketch_boot)
                0x00002000                . = ALIGN (0x2000)
 *(.isr_vector)
 .isr_vector    0x00002000       0xb4 C:\Users\B4T\Documents\sloeber-workspace\TEST_MKR1010\Release\arduino.ar(cortex_handlers.c.o)
                0x00002000                exception_table
 *(.text*)
 .text          0x000020b4       0x48 c:/users/b4t/downloads/sloeber-ide-v4.4.3-win32.win32.x86_64/sloeber/arduinoplugin/packages/arduino/tools/arm-none-eabi-gcc/7-2017q4/bin/../lib/gcc/arm-none-eabi/7.2.1/thumb/v6-m/crtbegin.o
 .text._ZN14DynamentSensorC2ER14HardwareSerial
                0x000020fc       0x56 .\DynamentSensor.cpp.o
                0x000020fc                DynamentSensor::DynamentSensor(HardwareSerial&)
                0x000020fc                DynamentSensor::DynamentSensor(HardwareSerial&)
 .text._ZNK14DynamentSensor11getResponseEv
                0x00002152        0x8 .\DynamentSensor.cpp.o
                0x00002152                DynamentSensor::getResponse() const
 .text._ZNK14DynamentSensor17getLatestGasValueEv
                0x0000215a        0x6 .\DynamentSensor.cpp.o
                0x0000215a                DynamentSensor::getLatestGasValue() const
 .text._ZNK14DynamentSensor18getLatestGasValue2Ev
                0x00002160        0x6 .\DynamentSensor.cpp.o
                0x00002160                DynamentSensor::getLatestGasValue2() const
 .text._ZNK14DynamentSensor16getLatestStatus1Ev
                0x00002166        0x8 .\DynamentSensor.cpp.o
                0x00002166                DynamentSensor::getLatestStatus1() const
 .text._ZNK14DynamentSensor16getLatestStatus2Ev
                0x0000216e        0x8 .\DynamentSensor.cpp.o
                0x0000216e                DynamentSensor::getLatestStatus2() const
 .text._ZN14DynamentSensor10resetStateEv
                0x00002176       0x46 .\DynamentSensor.cpp.o
                0x00002176                DynamentSensor::resetState()
 .text._ZN14DynamentSensor5beginEm
                0x000021bc       0x22 .\DynamentSensor.cpp.o
                0x000021bc                DynamentSensor::begin(unsigned long)
 *fill*         0x000021de        0x2 
 .text._ZN14DynamentSensor10sendPacketEhhhPKh
                0x000021e0       0xec .\DynamentSensor.cpp.o
                0x000021e0                DynamentSensor::sendPacket(unsigned char, unsigned char, unsigned char, unsigned char const*)
 .text._ZN14DynamentSensor20sendLiveData2RequestEv
                0x000022cc       0x1c .\DynamentSensor.cpp.o
                0x000022cc                DynamentSensor::sendLiveData2Request()
 .text._ZN14DynamentSensor21readLiveData2ResponseEPKhi
                0x000022e8       0x78 .\DynamentSensor.cpp.o
                0x000022e8                DynamentSensor::readLiveData2Response(unsigned char const*, int)
 .text._ZN14DynamentSensor21processReceivedPacketEv
                0x00002360       0x52 .\DynamentSensor.cpp.o
                0x00002360                DynamentSensor::processReceivedPacket()
 .text._ZN14DynamentSensor19processIncomingByteEh
                0x000023b2      0x16c .\DynamentSensor.cpp.o
                0x000023b2                DynamentSensor::processIncomingByte(unsigned char)
 .text._ZN14DynamentSensor4pollEv
                0x0000251e       0x26 .\DynamentSensor.cpp.o
                0x0000251e                DynamentSensor::poll()
 .text._Z28InitialiseDynamentSensorTaskv
                0x00002544      0x184 .\app.cpp.o
                0x00002544                InitialiseDynamentSensorTask()
 .text.startup._GLOBAL__sub_I_dynament
                0x000026c8       0x14 .\app.cpp.o
 .text.setup    0x000026dc       0x2c .\sloeber.ino.cpp.o
                0x000026dc                setup
 .text.loop     0x00002708        0x8 .\sloeber.ino.cpp.o
                0x00002708                loop
 .text._Z11initVariantv
                0x00002710       0xf8 .\core\variant\variant.cpp.o
                0x00002710                initVariant()
 .text.SERCOM5_Handler
                0x00002808       0x10 .\core\variant\variant.cpp.o
                0x00002808                SERCOM5_Handler
 .text.SERCOM4_Handler
                0x00002818       0x10 .\core\variant\variant.cpp.o
                0x00002818                SERCOM4_Handler
 .text.startup._GLOBAL__sub_I_g_APinDescription
                0x00002828       0xa0 .\core\variant\variant.cpp.o
 .text._ZN7Serial_13getDescriptorER8USBSetup
                0x000028c8        0x4 C:\Users\B4T\Documents\sloeber-workspace\TEST_MKR1010\Release\arduino.ar(CDC.cpp.o)
                0x000028c8                Serial_::getDescriptor(USBSetup&)
 .text._ZL5utox8mPc
                0x000028cc       0x24 C:\Users\B4T\Documents\sloeber-workspace\TEST_MKR1010\Release\arduino.ar(CDC.cpp.o)
 .text._ZN7Serial_12getShortNameEPc
                0x000028f0       0x44 C:\Users\B4T\Documents\sloeber-workspace\TEST_MKR1010\Release\arduino.ar(CDC.cpp.o)
                0x000028f0                Serial_::getShortName(char*)
 .text._ZThn16_N7Serial_12getShortNameEPc
                0x00002934       0x10 C:\Users\B4T\Documents\sloeber-workspace\TEST_MKR1010\Release\arduino.ar(CDC.cpp.o)
                0x00002934                non-virtual thunk to Serial_::getShortName(char*)
 .text._ZN7Serial_14handleEndpointEi
                0x00002944        0x2 C:\Users\B4T\Documents\sloeber-workspace\TEST_MKR1010\Release\arduino.ar(CDC.cpp.o)
                0x00002944                Serial_::handleEndpoint(int)
 .text._ZN7Serial_17availableForWriteEv
                0x00002946        0x4 C:\Users\B4T\Documents\sloeber-workspace\TEST_MKR1010\Release\arduino.ar(CDC.cpp.o)
                0x00002946                Serial_::availableForWrite()
 .text._ZN7Serial_5writeEh
                0x0000294a       0x14 C:\Users\B4T\Documents\sloeber-workspace\TEST_MKR1010\Release\arduino.ar(CDC.cpp.o)
                0x0000294a                Serial_::write(unsigned char)
 *fill*         0x0000295e        0x2 
 .text._ZN7Serial_12getInterfaceEPh
                0x00002960      0x11c C:\Users\B4T\Documents\sloeber-workspace\TEST_MKR1010\Release\arduino.ar(CDC.cpp.o)
                0x00002960                Serial_::getInterface(unsigned char*)
 .text._ZThn16_N7Serial_12getInterfaceEPh
                0x00002a7c       0x10 C:\Users\B4T\Documents\sloeber-workspace\TEST_MKR1010\Release\arduino.ar(CDC.cpp.o)
                0x00002a7c                non-virtual thunk to Serial_::getInterface(unsigned char*)
 .text._ZN7Serial_5setupER8USBSetup
                0x00002a8c       0xa8 C:\Users\B4T\Documents\sloeber-workspace\TEST_MKR1010\Release\arduino.ar(CDC.cpp.o)
                0x00002a8c                Serial_::setup(USBSetup&)
 .text._ZThn16_N7Serial_5setupER8USBSetup
                0x00002b34       0x10 C:\Users\B4T\Documents\sloeber-workspace\TEST_MKR1010\Release\arduino.ar(CDC.cpp.o)
                0x00002b34                non-virtual thunk to Serial_::setup(USBSetup&)
 .text._ZN7Serial_9availableEv
                0x00002b44       0x20 C:\Users\B4T\Documents\sloeber-workspace\TEST_MKR1010\Release\arduino.ar(CDC.cpp.o)
                0x00002b44                Serial_::available()
 .text._ZN7Serial_5flushEv
                0x00002b64        0xe C:\Users\B4T\Documents\sloeber-workspace\TEST_MKR1010\Release\arduino.ar(CDC.cpp.o)
                0x00002b64                Serial_::flush()
 .text._ZN7Serial_5clearEv
                0x00002b72        0xe C:\Users\B4T\Documents\sloeber-workspace\TEST_MKR1010\Release\arduino.ar(CDC.cpp.o)
                0x00002b72                Serial_::clear()
 .text._ZN7Serial_5writeEPKhj
                0x00002b80       0x1e C:\Users\B4T\Documents\sloeber-workspace\TEST_MKR1010\Release\arduino.ar(CDC.cpp.o)
                0x00002b80                Serial_::write(unsigned char const*, unsigned int)
 *fill*         0x00002b9e        0x2 
 .text._ZN7Serial_4peekEv
                0x00002ba0       0x1c C:\Users\B4T\Documents\sloeber-workspace\TEST_MKR1010\Release\arduino.ar(CDC.cpp.o)
                0x00002ba0                Serial_::peek()
 .text._ZN7Serial_4readEv
                0x00002bbc       0x24 C:\Users\B4T\Documents\sloeber-workspace\TEST_MKR1010\Release\arduino.ar(CDC.cpp.o)
                0x00002bbc                Serial_::read()
 .text._ZThn16_N7Serial_14handleEndpointEi
                0x00002be0        0x2 C:\Users\B4T\Documents\sloeber-workspace\TEST_MKR1010\Release\arduino.ar(CDC.cpp.o)
                0x00002be0                non-virtual thunk to Serial_::handleEndpoint(int)
 .text._ZThn16_N7Serial_13getDescriptorER8USBSetup
                0x00002be2        0x4 C:\Users\B4T\Documents\sloeber-workspace\TEST_MKR1010\Release\arduino.ar(CDC.cpp.o)
                0x00002be2                non-virtual thunk to Serial_::getDescriptor(USBSetup&)
 .text.resetExternalChip
                0x00002be6        0x2 C:\Users\B4T\Documents\sloeber-workspace\TEST_MKR1010\Release\arduino.ar(CDC.cpp.o)
                0x00002be6                resetExternalChip
 .text._ZN7Serial_C2ER14USBDeviceClass
                0x00002be8       0x50 C:\Users\B4T\Documents\sloeber-workspace\TEST_MKR1010\Release\arduino.ar(CDC.cpp.o)
                0x00002be8                Serial_::Serial_(USBDeviceClass&)
                0x00002be8                Serial_::Serial_(USBDeviceClass&)
 .text._ZN7Serial_15enableInterruptEv
                0x00002c38       0x30 C:\Users\B4T\Documents\sloeber-workspace\TEST_MKR1010\Release\arduino.ar(CDC.cpp.o)
                0x00002c38                Serial_::enableInterrupt()
 .text._ZN7Serial_5beginEm
                0x00002c68        0x2 C:\Users\B4T\Documents\sloeber-workspace\TEST_MKR1010\Release\arduino.ar(CDC.cpp.o)
                0x00002c68                Serial_::begin(unsigned long)
 *fill*         0x00002c6a        0x2 
 .text._ZN7Serial_cvbEv
                0x00002c6c       0x28 C:\Users\B4T\Documents\sloeber-workspace\TEST_MKR1010\Release\arduino.ar(CDC.cpp.o)
                0x00002c6c                Serial_::operator bool()
 .text.startup._GLOBAL__sub_I__ZN7Serial_12getInterfaceEPh
                0x00002c94       0x14 C:\Users\B4T\Documents\sloeber-workspace\TEST_MKR1010\Release\arduino.ar(CDC.cpp.o)
 .text._ZN13PluggableUSB_12getInterfaceEPh
                0x00002ca8       0x28 C:\Users\B4T\Documents\sloeber-workspace\TEST_MKR1010\Release\arduino.ar(PluggableUSB.cpp.o)
                0x00002ca8                PluggableUSB_::getInterface(unsigned char*)
 .text._ZN13PluggableUSB_13getDescriptorER8USBSetup
                0x00002cd0       0x20 C:\Users\B4T\Documents\sloeber-workspace\TEST_MKR1010\Release\arduino.ar(PluggableUSB.cpp.o)
                0x00002cd0                PluggableUSB_::getDescriptor(USBSetup&)
 .text._ZN13PluggableUSB_12getShortNameEPc
                0x00002cf0       0x26 C:\Users\B4T\Documents\sloeber-workspace\TEST_MKR1010\Release\arduino.ar(PluggableUSB.cpp.o)
                0x00002cf0                PluggableUSB_::getShortName(char*)
 .text._ZN13PluggableUSB_5setupER8USBSetup
                0x00002d16       0x20 C:\Users\B4T\Documents\sloeber-workspace\TEST_MKR1010\Release\arduino.ar(PluggableUSB.cpp.o)
                0x00002d16                PluggableUSB_::setup(USBSetup&)
 .text._ZN13PluggableUSB_14handleEndpointEi
                0x00002d36       0x1a C:\Users\B4T\Documents\sloeber-workspace\TEST_MKR1010\Release\arduino.ar(PluggableUSB.cpp.o)
                0x00002d36                PluggableUSB_::handleEndpoint(int)
 .text._ZN13PluggableUSB_4plugEP18PluggableUSBModule
                0x00002d50       0x58 C:\Users\B4T\Documents\sloeber-workspace\TEST_MKR1010\Release\arduino.ar(PluggableUSB.cpp.o)
                0x00002d50                PluggableUSB_::plug(PluggableUSBModule*)
 .text._Z12PluggableUSBv
                0x00002da8       0x24 C:\Users\B4T\Documents\sloeber-workspace\TEST_MKR1010\Release\arduino.ar(PluggableUSB.cpp.o)
                0x00002da8                PluggableUSB()
 .text._ZN26DoubleBufferedEPOutHandlerD2Ev
                0x00002dcc        0x2 C:\Users\B4T\Documents\sloeber-workspace\TEST_MKR1010\Release\arduino.ar(USBCore.cpp.o)
                0x00002dcc                DoubleBufferedEPOutHandler::~DoubleBufferedEPOutHandler()
                0x00002dcc                DoubleBufferedEPOutHandler::~DoubleBufferedEPOutHandler()
 .text._ZN26DoubleBufferedEPOutHandlerD0Ev
                0x00002dce        0xc C:\Users\B4T\Documents\sloeber-workspace\TEST_MKR1010\Release\arduino.ar(USBCore.cpp.o)
                0x00002dce                DoubleBufferedEPOutHandler::~DoubleBufferedEPOutHandler()
 *fill*         0x00002dda        0x2 
 .text._ZN14USBDeviceClass6initEPEmm.part.7
                0x00002ddc       0xc4 C:\Users\B4T\Documents\sloeber-workspace\TEST_MKR1010\Release\arduino.ar(USBCore.cpp.o)
 .text._ZN7__GuardC2Ev
                0x00002ea0        0xe C:\Users\B4T\Documents\sloeber-workspace\TEST_MKR1010\Release\arduino.ar(USBCore.cpp.o)
                0x00002ea0                __Guard::__Guard()
                0x00002ea0                __Guard::__Guard()
 .text._ZN7__GuardD2Ev
                0x00002eae        0xe C:\Users\B4T\Documents\sloeber-workspace\TEST_MKR1010\Release\arduino.ar(USBCore.cpp.o)
                0x00002eae                __Guard::~__Guard()
                0x00002eae                __Guard::~__Guard()
 .text._ZNK26DoubleBufferedEPOutHandler10_availableEv
                0x00002ebc       0x70 C:\Users\B4T\Documents\sloeber-workspace\TEST_MKR1010\Release\arduino.ar(USBCore.cpp.o)
                0x00002ebc                DoubleBufferedEPOutHandler::_available() const
 .text._ZN26DoubleBufferedEPOutHandler7releaseEv
                0x00002f2c       0x3c C:\Users\B4T\Documents\sloeber-workspace\TEST_MKR1010\Release\arduino.ar(USBCore.cpp.o)
                0x00002f2c                DoubleBufferedEPOutHandler::release()
 .text._ZN26DoubleBufferedEPOutHandler14handleEndpointEv
                0x00002f68       0xea C:\Users\B4T\Documents\sloeber-workspace\TEST_MKR1010\Release\arduino.ar(USBCore.cpp.o)
                0x00002f68                DoubleBufferedEPOutHandler::handleEndpoint()
 .text._ZN26DoubleBufferedEPOutHandler5_recvEv
                0x00003052      0x198 C:\Users\B4T\Documents\sloeber-workspace\TEST_MKR1010\Release\arduino.ar(USBCore.cpp.o)
                0x00003052                DoubleBufferedEPOutHandler::_recv()
 .text._ZN26DoubleBufferedEPOutHandler4peekEv
                0x000031ea       0x22 C:\Users\B4T\Documents\sloeber-workspace\TEST_MKR1010\Release\arduino.ar(USBCore.cpp.o)
                0x000031ea                DoubleBufferedEPOutHandler::peek()
 .text._ZN26DoubleBufferedEPOutHandler9availableEv
                0x0000320c       0x18 C:\Users\B4T\Documents\sloeber-workspace\TEST_MKR1010\Release\arduino.ar(USBCore.cpp.o)
                0x0000320c                DoubleBufferedEPOutHandler::available()
 .text._ZN26DoubleBufferedEPOutHandler4recvEPvm
                0x00003224       0x72 C:\Users\B4T\Documents\sloeber-workspace\TEST_MKR1010\Release\arduino.ar(USBCore.cpp.o)
                0x00003224                DoubleBufferedEPOutHandler::recv(void*, unsigned long)
 .text._ZN14USBDeviceClass14SendInterfacesEPm
                0x00003296       0x20 C:\Users\B4T\Documents\sloeber-workspace\TEST_MKR1010\Release\arduino.ar(USBCore.cpp.o)
                0x00003296                USBDeviceClass::SendInterfaces(unsigned long*)
 *fill*         0x000032b6        0x2 
 .text._ZN14USBDeviceClass4initEv
                0x000032b8      0x15c C:\Users\B4T\Documents\sloeber-workspace\TEST_MKR1010\Release\arduino.ar(USBCore.cpp.o)
                0x000032b8                USBDeviceClass::init()
 .text._ZN14USBDeviceClass6attachEv
                0x00003414       0x34 C:\Users\B4T\Documents\sloeber-workspace\TEST_MKR1010\Release\arduino.ar(USBCore.cpp.o)
                0x00003414                USBDeviceClass::attach()
 .text._ZN14USBDeviceClass10setAddressEm
                0x00003448       0x48 C:\Users\B4T\Documents\sloeber-workspace\TEST_MKR1010\Release\arduino.ar(USBCore.cpp.o)
                0x00003448                USBDeviceClass::setAddress(unsigned long)
 .text._ZN14USBDeviceClass25handleClassInterfaceSetupER8USBSetup
                0x00003490       0x24 C:\Users\B4T\Documents\sloeber-workspace\TEST_MKR1010\Release\arduino.ar(USBCore.cpp.o)
                0x00003490                USBDeviceClass::handleClassInterfaceSetup(USBSetup&)
 .text._ZN14USBDeviceClass6initEPEmm
                0x000034b4      0x120 C:\Users\B4T\Documents\sloeber-workspace\TEST_MKR1010\Release\arduino.ar(USBCore.cpp.o)
                0x000034b4                USBDeviceClass::initEP(unsigned long, unsigned long)
 .text._ZN14USBDeviceClass13initEndpointsEv
                0x000035d4       0x24 C:\Users\B4T\Documents\sloeber-workspace\TEST_MKR1010\Release\arduino.ar(USBCore.cpp.o)
                0x000035d4                USBDeviceClass::initEndpoints()
 .text._ZN14USBDeviceClass5clearEm
                0x000035f8       0x38 C:\Users\B4T\Documents\sloeber-workspace\TEST_MKR1010\Release\arduino.ar(USBCore.cpp.o)
                0x000035f8                USBDeviceClass::clear(unsigned long)
 .text._ZN14USBDeviceClass9availableEm
                0x00003630       0x2c C:\Users\B4T\Documents\sloeber-workspace\TEST_MKR1010\Release\arduino.ar(USBCore.cpp.o)
                0x00003630                USBDeviceClass::available(unsigned long)
 .text._ZN14USBDeviceClass5flushEm
                0x0000365c       0x2c C:\Users\B4T\Documents\sloeber-workspace\TEST_MKR1010\Release\arduino.ar(USBCore.cpp.o)
                0x0000365c                USBDeviceClass::flush(unsigned long)
 .text._ZN14USBDeviceClass4recvEmPvm
                0x00003688       0xc0 C:\Users\B4T\Documents\sloeber-workspace\TEST_MKR1010\Release\arduino.ar(USBCore.cpp.o)
                0x00003688                USBDeviceClass::recv(unsigned long, void*, unsigned long)
 .text._ZN14USBDeviceClass4recvEm
                0x00003748       0x1c C:\Users\B4T\Documents\sloeber-workspace\TEST_MKR1010\Release\arduino.ar(USBCore.cpp.o)
                0x00003748                USBDeviceClass::recv(unsigned long)
 .text._ZN14USBDeviceClass14armRecvCtrlOUTEm
                0x00003764       0x5c C:\Users\B4T\Documents\sloeber-workspace\TEST_MKR1010\Release\arduino.ar(USBCore.cpp.o)
                0x00003764                USBDeviceClass::armRecvCtrlOUT(unsigned long)
 .text._ZN14USBDeviceClass11recvControlEPvm
                0x000037c0       0x28 C:\Users\B4T\Documents\sloeber-workspace\TEST_MKR1010\Release\arduino.ar(USBCore.cpp.o)
                0x000037c0                USBDeviceClass::recvControl(void*, unsigned long)
 .text._ZN14USBDeviceClass4sendEmPKvm
                0x000037e8      0x10c C:\Users\B4T\Documents\sloeber-workspace\TEST_MKR1010\Release\arduino.ar(USBCore.cpp.o)
                0x000037e8                USBDeviceClass::send(unsigned long, void const*, unsigned long)
 .text._ZN14USBDeviceClass7armSendEmPKvm
                0x000038f4       0x48 C:\Users\B4T\Documents\sloeber-workspace\TEST_MKR1010\Release\arduino.ar(USBCore.cpp.o)
                0x000038f4                USBDeviceClass::armSend(unsigned long, void const*, unsigned long)
 .text._ZN14USBDeviceClass11sendControlEPKvm
                0x0000393c       0x54 C:\Users\B4T\Documents\sloeber-workspace\TEST_MKR1010\Release\arduino.ar(USBCore.cpp.o)
                0x0000393c                USBDeviceClass::sendControl(void const*, unsigned long)
 .text._ZN14USBDeviceClass20sendStringDescriptorEPKhm
                0x00003990       0x64 C:\Users\B4T\Documents\sloeber-workspace\TEST_MKR1010\Release\arduino.ar(USBCore.cpp.o)
                0x00003990                USBDeviceClass::sendStringDescriptor(unsigned char const*, unsigned long)
 .text._ZN14USBDeviceClass17sendConfigurationEm
                0x000039f4       0x80 C:\Users\B4T\Documents\sloeber-workspace\TEST_MKR1010\Release\arduino.ar(USBCore.cpp.o)
                0x000039f4                USBDeviceClass::sendConfiguration(unsigned long)
 .text._ZN14USBDeviceClass14sendDescriptorER8USBSetup
                0x00003a74       0xe0 C:\Users\B4T\Documents\sloeber-workspace\TEST_MKR1010\Release\arduino.ar(USBCore.cpp.o)
                0x00003a74                USBDeviceClass::sendDescriptor(USBSetup&)
 .text._ZN14USBDeviceClass7sendZlpEm
                0x00003b54       0x18 C:\Users\B4T\Documents\sloeber-workspace\TEST_MKR1010\Release\arduino.ar(USBCore.cpp.o)
                0x00003b54                USBDeviceClass::sendZlp(unsigned long)
 .text._ZN14USBDeviceClass19handleStandardSetupER8USBSetup
                0x00003b6c       0xf0 C:\Users\B4T\Documents\sloeber-workspace\TEST_MKR1010\Release\arduino.ar(USBCore.cpp.o)
                0x00003b6c                USBDeviceClass::handleStandardSetup(USBSetup&)
 .text._ZN14USBDeviceClass10ISRHandlerEv
                0x00003c5c      0x108 C:\Users\B4T\Documents\sloeber-workspace\TEST_MKR1010\Release\arduino.ar(USBCore.cpp.o)
                0x00003c5c                USBDeviceClass::ISRHandler()
 .text.UDD_Handler
                0x00003d64       0x10 C:\Users\B4T\Documents\sloeber-workspace\TEST_MKR1010\Release\arduino.ar(USBCore.cpp.o)
                0x00003d64                UDD_Handler
 .text.startup._GLOBAL__sub_I_usbd
                0x00003d74       0x10 C:\Users\B4T\Documents\sloeber-workspace\TEST_MKR1010\Release\arduino.ar(USBCore.cpp.o)
 .text._ZN5Print5writeEPKhj
                0x00003d84       0x28 C:\Users\B4T\Documents\sloeber-workspace\TEST_MKR1010\Release\arduino.ar(Print.cpp.o)
                0x00003d84                Print::write(unsigned char const*, unsigned int)
 .text._ZN5Print5writeEPKc.part.2
                0x00003dac       0x1a C:\Users\B4T\Documents\sloeber-workspace\TEST_MKR1010\Release\arduino.ar(Print.cpp.o)
 .text._ZN5Print5writeEPKc
                0x00003dc6       0x10 C:\Users\B4T\Documents\sloeber-workspace\TEST_MKR1010\Release\arduino.ar(Print.cpp.o)
                0x00003dc6                Print::write(char const*)
 .text._ZN5Print5printEPKc
                0x00003dd6        0x8 C:\Users\B4T\Documents\sloeber-workspace\TEST_MKR1010\Release\arduino.ar(Print.cpp.o)
                0x00003dd6                Print::print(char const*)
 .text._ZN5Print5printEc
                0x00003dde        0xa C:\Users\B4T\Documents\sloeber-workspace\TEST_MKR1010\Release\arduino.ar(Print.cpp.o)
                0x00003dde                Print::print(char)
 .text._ZN5Print7printlnEv
                0x00003de8       0x10 C:\Users\B4T\Documents\sloeber-workspace\TEST_MKR1010\Release\arduino.ar(Print.cpp.o)
                0x00003de8                Print::println()
 .text._ZN5Print7printlnEPKc
                0x00003df8       0x14 C:\Users\B4T\Documents\sloeber-workspace\TEST_MKR1010\Release\arduino.ar(Print.cpp.o)
                0x00003df8                Print::println(char const*)
 .text._ZN5Print11printNumberEmh
                0x00003e0c       0x48 C:\Users\B4T\Documents\sloeber-workspace\TEST_MKR1010\Release\arduino.ar(Print.cpp.o)
                0x00003e0c                Print::printNumber(unsigned long, unsigned char)
 .text._ZN5Print5printEli
                0x00003e54       0x3e C:\Users\B4T\Documents\sloeber-workspace\TEST_MKR1010\Release\arduino.ar(Print.cpp.o)
                0x00003e54                Print::print(long, int)
 .text._ZN5Print7printlnEii
                0x00003e92       0x14 C:\Users\B4T\Documents\sloeber-workspace\TEST_MKR1010\Release\arduino.ar(Print.cpp.o)
                0x00003e92                Print::println(int, int)
 *fill*         0x00003ea6        0x2 
 .text._ZN5Print10printFloatEdh
                0x00003ea8      0x168 C:\Users\B4T\Documents\sloeber-workspace\TEST_MKR1010\Release\arduino.ar(Print.cpp.o)
                0x00003ea8                Print::printFloat(double, unsigned char)
 .text._ZN5Print7printlnEdi
                0x00004010       0x20 C:\Users\B4T\Documents\sloeber-workspace\TEST_MKR1010\Release\arduino.ar(Print.cpp.o)
                0x00004010                Print::println(double, int)
 .text.initiateReset
                0x00004030       0x14 C:\Users\B4T\Documents\sloeber-workspace\TEST_MKR1010\Release\arduino.ar(Reset.cpp.o)
                0x00004030                initiateReset
 .text.cancelReset
                0x00004044       0x10 C:\Users\B4T\Documents\sloeber-workspace\TEST_MKR1010\Release\arduino.ar(Reset.cpp.o)
                0x00004044                cancelReset
 .text.tickReset
                0x00004054       0x78 C:\Users\B4T\Documents\sloeber-workspace\TEST_MKR1010\Release\arduino.ar(Reset.cpp.o)
                0x00004054                tickReset
 .text._ZN6SERCOMC2EP6Sercom
                0x000040cc        0x4 C:\Users\B4T\Documents\sloeber-workspace\TEST_MKR1010\Release\arduino.ar(SERCOM.cpp.o)
                0x000040cc                SERCOM::SERCOM(Sercom*)
                0x000040cc                SERCOM::SERCOM(Sercom*)
 .text._ZN6SERCOM9initFrameE18SercomUartCharSize15SercomDataOrder16SercomParityMode19SercomNumberStopBit
                0x000040d0       0x3a C:\Users\B4T\Documents\sloeber-workspace\TEST_MKR1010\Release\arduino.ar(SERCOM.cpp.o)
                0x000040d0                SERCOM::initFrame(SercomUartCharSize, SercomDataOrder, SercomParityMode, SercomNumberStopBit)
 .text._ZN6SERCOM8initPadsE15SercomUartTXPad11SercomRXPad
                0x0000410a       0x26 C:\Users\B4T\Documents\sloeber-workspace\TEST_MKR1010\Release\arduino.ar(SERCOM.cpp.o)
                0x0000410a                SERCOM::initPads(SercomUartTXPad, SercomRXPad)
 .text._ZN6SERCOM9resetUARTEv
                0x00004130       0x1a C:\Users\B4T\Documents\sloeber-workspace\TEST_MKR1010\Release\arduino.ar(SERCOM.cpp.o)
                0x00004130                SERCOM::resetUART()
 .text._ZN6SERCOM10enableUARTEv
                0x0000414a       0x14 C:\Users\B4T\Documents\sloeber-workspace\TEST_MKR1010\Release\arduino.ar(SERCOM.cpp.o)
                0x0000414a                SERCOM::enableUART()
 .text._ZN6SERCOM9flushUARTEv
                0x0000415e       0x10 C:\Users\B4T\Documents\sloeber-workspace\TEST_MKR1010\Release\arduino.ar(SERCOM.cpp.o)
                0x0000415e                SERCOM::flushUART()
 .text._ZN6SERCOM15clearStatusUARTEv
                0x0000416e        0x8 C:\Users\B4T\Documents\sloeber-workspace\TEST_MKR1010\Release\arduino.ar(SERCOM.cpp.o)
                0x0000416e                SERCOM::clearStatusUART()
 .text._ZN6SERCOM17availableDataUARTEv
                0x00004176        0xa C:\Users\B4T\Documents\sloeber-workspace\TEST_MKR1010\Release\arduino.ar(SERCOM.cpp.o)
                0x00004176                SERCOM::availableDataUART()
 .text._ZN6SERCOM11isUARTErrorEv
                0x00004180        0x8 C:\Users\B4T\Documents\sloeber-workspace\TEST_MKR1010\Release\arduino.ar(SERCOM.cpp.o)
                0x00004180                SERCOM::isUARTError()
 .text._ZN6SERCOM20acknowledgeUARTErrorEv
                0x00004188        0xe C:\Users\B4T\Documents\sloeber-workspace\TEST_MKR1010\Release\arduino.ar(SERCOM.cpp.o)
                0x00004188                SERCOM::acknowledgeUARTError()
 .text._ZN6SERCOM16isFrameErrorUARTEv
                0x00004196        0xa C:\Users\B4T\Documents\sloeber-workspace\TEST_MKR1010\Release\arduino.ar(SERCOM.cpp.o)
                0x00004196                SERCOM::isFrameErrorUART()
 .text._ZN6SERCOM19clearFrameErrorUARTEv
                0x000041a0        0xc C:\Users\B4T\Documents\sloeber-workspace\TEST_MKR1010\Release\arduino.ar(SERCOM.cpp.o)
                0x000041a0                SERCOM::clearFrameErrorUART()
 .text._ZN6SERCOM23isDataRegisterEmptyUARTEv
                0x000041ac        0xa C:\Users\B4T\Documents\sloeber-workspace\TEST_MKR1010\Release\arduino.ar(SERCOM.cpp.o)
                0x000041ac                SERCOM::isDataRegisterEmptyUART()
 .text._ZN6SERCOM12readDataUARTEv
                0x000041b6        0x8 C:\Users\B4T\Documents\sloeber-workspace\TEST_MKR1010\Release\arduino.ar(SERCOM.cpp.o)
                0x000041b6                SERCOM::readDataUART()
 .text._ZN6SERCOM13writeDataUARTEh
                0x000041be       0x10 C:\Users\B4T\Documents\sloeber-workspace\TEST_MKR1010\Release\arduino.ar(SERCOM.cpp.o)
                0x000041be                SERCOM::writeDataUART(unsigned char)
 .text._ZN6SERCOM36enableDataRegisterEmptyInterruptUARTEv
                0x000041ce        0x8 C:\Users\B4T\Documents\sloeber-workspace\TEST_MKR1010\Release\arduino.ar(SERCOM.cpp.o)
                0x000041ce                SERCOM::enableDataRegisterEmptyInterruptUART()
 .text._ZN6SERCOM37disableDataRegisterEmptyInterruptUARTEv
                0x000041d6        0x8 C:\Users\B4T\Documents\sloeber-workspace\TEST_MKR1010\Release\arduino.ar(SERCOM.cpp.o)
                0x000041d6                SERCOM::disableDataRegisterEmptyInterruptUART()
 .text._ZN6SERCOM9resetWIREEv
                0x000041de       0x1a C:\Users\B4T\Documents\sloeber-workspace\TEST_MKR1010\Release\arduino.ar(SERCOM.cpp.o)
                0x000041de                SERCOM::resetWIRE()
 .text._ZN6SERCOM10enableWIREEv
                0x000041f8       0x2a C:\Users\B4T\Documents\sloeber-workspace\TEST_MKR1010\Release\arduino.ar(SERCOM.cpp.o)
                0x000041f8                SERCOM::enableWIRE()
 .text._ZN6SERCOM11disableWIREEv
                0x00004222       0x14 C:\Users\B4T\Documents\sloeber-workspace\TEST_MKR1010\Release\arduino.ar(SERCOM.cpp.o)
                0x00004222                SERCOM::disableWIRE()
 *fill*         0x00004236        0x2 
 .text._ZN6SERCOM22prepareCommandBitsWireEh
                0x00004238       0x2c C:\Users\B4T\Documents\sloeber-workspace\TEST_MKR1010\Release\arduino.ar(SERCOM.cpp.o)
                0x00004238                SERCOM::prepareCommandBitsWire(unsigned char)
 .text._ZN6SERCOM21startTransmissionWIREEh23SercomWireReadWriteFlag
                0x00004264       0x84 C:\Users\B4T\Documents\sloeber-workspace\TEST_MKR1010\Release\arduino.ar(SERCOM.cpp.o)
                0x00004264                SERCOM::startTransmissionWIRE(unsigned char, SercomWireReadWriteFlag)
 .text._ZN6SERCOM18sendDataMasterWIREEh
                0x000042e8       0x24 C:\Users\B4T\Documents\sloeber-workspace\TEST_MKR1010\Release\arduino.ar(SERCOM.cpp.o)
                0x000042e8                SERCOM::sendDataMasterWIRE(unsigned char)
 .text._ZN6SERCOM13initClockNVICEv
                0x0000430c       0xa8 C:\Users\B4T\Documents\sloeber-workspace\TEST_MKR1010\Release\arduino.ar(SERCOM.cpp.o)
                0x0000430c                SERCOM::initClockNVIC()
 .text._ZN6SERCOM8initUARTE14SercomUartMode20SercomUartSampleRatem
                0x000043b4       0x6c C:\Users\B4T\Documents\sloeber-workspace\TEST_MKR1010\Release\arduino.ar(SERCOM.cpp.o)
                0x000043b4                SERCOM::initUART(SercomUartMode, SercomUartSampleRate, unsigned long)
 .text._ZN6SERCOM14initMasterWIREEm
                0x00004420       0x54 C:\Users\B4T\Documents\sloeber-workspace\TEST_MKR1010\Release\arduino.ar(SERCOM.cpp.o)
                0x00004420                SERCOM::initMasterWIRE(unsigned long)
 .text._ZN4UartcvbEv
                0x00004474        0x4 C:\Users\B4T\Documents\sloeber-workspace\TEST_MKR1010\Release\arduino.ar(Uart.cpp.o)
                0x00004474                Uart::operator bool()
 .text._ZN4Uart5beginEm
                0x00004478       0x10 C:\Users\B4T\Documents\sloeber-workspace\TEST_MKR1010\Release\arduino.ar(Uart.cpp.o)
                0x00004478                Uart::begin(unsigned long)
 .text._ZN4Uart4peekEv
                0x00004488       0x1a C:\Users\B4T\Documents\sloeber-workspace\TEST_MKR1010\Release\arduino.ar(Uart.cpp.o)
                0x00004488                Uart::peek()
 .text._ZN4Uart3endEv
                0x000044a2       0x20 C:\Users\B4T\Documents\sloeber-workspace\TEST_MKR1010\Release\arduino.ar(Uart.cpp.o)
                0x000044a2                Uart::end()
 .text._ZN4Uart16extractNbStopBitEt
                0x000044c2        0xc C:\Users\B4T\Documents\sloeber-workspace\TEST_MKR1010\Release\arduino.ar(Uart.cpp.o)
                0x000044c2                Uart::extractNbStopBit(unsigned short)
 .text._ZN4Uart15extractCharSizeEt
                0x000044ce       0x28 C:\Users\B4T\Documents\sloeber-workspace\TEST_MKR1010\Release\arduino.ar(Uart.cpp.o)
                0x000044ce                Uart::extractCharSize(unsigned short)
 .text._ZN4Uart13extractParityEt
                0x000044f6       0x14 C:\Users\B4T\Documents\sloeber-workspace\TEST_MKR1010\Release\arduino.ar(Uart.cpp.o)
                0x000044f6                Uart::extractParity(unsigned short)
 *fill*         0x0000450a        0x2 
 .text._ZN4Uart5beginEmt
                0x0000450c       0xf8 C:\Users\B4T\Documents\sloeber-workspace\TEST_MKR1010\Release\arduino.ar(Uart.cpp.o)
                0x0000450c                Uart::begin(unsigned long, unsigned short)
 .text._ZN11RingBufferNILi256EEC2Ev
                0x00004604       0x1c C:\Users\B4T\Documents\sloeber-workspace\TEST_MKR1010\Release\arduino.ar(Uart.cpp.o)
                0x00004604                RingBufferN<256>::RingBufferN()
                0x00004604                RingBufferN<256>::RingBufferN()
 .text._ZN4UartC2EP6SERCOMhh11SercomRXPad15SercomUartTXPadhh
                0x00004620       0x88 C:\Users\B4T\Documents\sloeber-workspace\TEST_MKR1010\Release\arduino.ar(Uart.cpp.o)
                0x00004620                Uart::Uart(SERCOM*, unsigned char, unsigned char, SercomRXPad, SercomUartTXPad, unsigned char, unsigned char)
                0x00004620                Uart::Uart(SERCOM*, unsigned char, unsigned char, SercomRXPad, SercomUartTXPad, unsigned char, unsigned char)
 .text._ZN4UartC2EP6SERCOMhh11SercomRXPad15SercomUartTXPad
                0x000046a8       0x74 C:\Users\B4T\Documents\sloeber-workspace\TEST_MKR1010\Release\arduino.ar(Uart.cpp.o)
                0x000046a8                Uart::Uart(SERCOM*, unsigned char, unsigned char, SercomRXPad, SercomUartTXPad)
                0x000046a8                Uart::Uart(SERCOM*, unsigned char, unsigned char, SercomRXPad, SercomUartTXPad)
 .text._ZN11RingBufferNILi256EE9availableEv
                0x0000471c       0x12 C:\Users\B4T\Documents\sloeber-workspace\TEST_MKR1010\Release\arduino.ar(Uart.cpp.o)
                0x0000471c                RingBufferN<256>::available()
 .text._ZN4Uart5flushEv
                0x0000472e       0x1a C:\Users\B4T\Documents\sloeber-workspace\TEST_MKR1010\Release\arduino.ar(Uart.cpp.o)
                0x0000472e                Uart::flush()
 .text._ZN4Uart9availableEv
                0x00004748        0xa C:\Users\B4T\Documents\sloeber-workspace\TEST_MKR1010\Release\arduino.ar(Uart.cpp.o)
                0x00004748                Uart::available()
 .text._ZN11RingBufferNILi256EE17availableForStoreEv
                0x00004752       0x20 C:\Users\B4T\Documents\sloeber-workspace\TEST_MKR1010\Release\arduino.ar(Uart.cpp.o)
                0x00004752                RingBufferN<256>::availableForStore()
 .text._ZN4Uart17availableForWriteEv
                0x00004772        0xc C:\Users\B4T\Documents\sloeber-workspace\TEST_MKR1010\Release\arduino.ar(Uart.cpp.o)
                0x00004772                Uart::availableForWrite()
 .text._ZN4Uart10IrqHandlerEv
                0x0000477e       0xcc C:\Users\B4T\Documents\sloeber-workspace\TEST_MKR1010\Release\arduino.ar(Uart.cpp.o)
                0x0000477e                Uart::IrqHandler()
 *fill*         0x0000484a        0x2 
 .text._ZN4Uart5writeEh
                0x0000484c       0xb4 C:\Users\B4T\Documents\sloeber-workspace\TEST_MKR1010\Release\arduino.ar(Uart.cpp.o)
                0x0000484c                Uart::write(unsigned char)
 .text._ZN4Uart4readEv
                0x00004900       0x4c C:\Users\B4T\Documents\sloeber-workspace\TEST_MKR1010\Release\arduino.ar(Uart.cpp.o)
                0x00004900                Uart::read()
 .text.Dummy_Handler
                0x0000494c        0x2 C:\Users\B4T\Documents\sloeber-workspace\TEST_MKR1010\Release\arduino.ar(cortex_handlers.c.o)
                0x0000494c                DMAC_Handler
                0x0000494c                HardFault_Handler
                0x0000494c                AC_Handler
                0x0000494c                PendSV_Handler
                0x0000494c                NMI_Handler
                0x0000494c                TC7_Handler
                0x0000494c                SERCOM1_Handler
                0x0000494c                ADC_Handler
                0x0000494c                TCC1_Handler
                0x0000494c                SERCOM2_Handler
                0x0000494c                TCC0_Handler
                0x0000494c                RTC_Handler
                0x0000494c                EIC_Handler
                0x0000494c                TC6_Handler
                0x0000494c                WDT_Handler
                0x0000494c                TC4_Handler
                0x0000494c                TC3_Handler
                0x0000494c                Dummy_Handler
                0x0000494c                PM_Handler
                0x0000494c                SVC_Handler
                0x0000494c                TCC2_Handler
                0x0000494c                EVSYS_Handler
                0x0000494c                SERCOM3_Handler
                0x0000494c                I2S_Handler
                0x0000494c                NVMCTRL_Handler
                0x0000494c                SERCOM0_Handler
                0x0000494c                DAC_Handler
                0x0000494c                PTC_Handler
                0x0000494c                SYSCTRL_Handler
 *fill*         0x0000494e        0x2 
 .text.USB_Handler
                0x00004950       0x14 C:\Users\B4T\Documents\sloeber-workspace\TEST_MKR1010\Release\arduino.ar(cortex_handlers.c.o)
                0x00004950                USB_Handler
 .text.Reset_Handler
                0x00004964       0x54 C:\Users\B4T\Documents\sloeber-workspace\TEST_MKR1010\Release\arduino.ar(cortex_handlers.c.o)
                0x00004964                Reset_Handler
 .text.SysTick_Handler
                0x000049b8       0x10 C:\Users\B4T\Documents\sloeber-workspace\TEST_MKR1010\Release\arduino.ar(cortex_handlers.c.o)
                0x000049b8                SysTick_Handler
 .text.USB_SetHandler
                0x000049c8        0xc C:\Users\B4T\Documents\sloeber-workspace\TEST_MKR1010\Release\arduino.ar(cortex_handlers.c.o)
                0x000049c8                USB_SetHandler
 .text.millis   0x000049d4        0xc C:\Users\B4T\Documents\sloeber-workspace\TEST_MKR1010\Release\arduino.ar(delay.c.o)
                0x000049d4                millis
 .text.micros   0x000049e0       0x60 C:\Users\B4T\Documents\sloeber-workspace\TEST_MKR1010\Release\arduino.ar(delay.c.o)
                0x000049e0                micros
 .text.delay    0x00004a40       0x30 C:\Users\B4T\Documents\sloeber-workspace\TEST_MKR1010\Release\arduino.ar(delay.c.o)
                0x00004a40                delay
 .text.SysTick_DefaultHandler
                0x00004a70       0x14 C:\Users\B4T\Documents\sloeber-workspace\TEST_MKR1010\Release\arduino.ar(delay.c.o)
                0x00004a70                SysTick_DefaultHandler
 .text.__empty  0x00004a84        0x2 C:\Users\B4T\Documents\sloeber-workspace\TEST_MKR1010\Release\arduino.ar(hooks.c.o)
                0x00004a84                yield
 .text.__false  0x00004a86        0x4 C:\Users\B4T\Documents\sloeber-workspace\TEST_MKR1010\Release\arduino.ar(hooks.c.o)
                0x00004a86                sysTickHook
 *fill*         0x00004a8a        0x2 
 .text.startup.main
                0x00004a8c       0x40 C:\Users\B4T\Documents\sloeber-workspace\TEST_MKR1010\Release\arduino.ar(main.cpp.o)
                0x00004a8c                main
 .text._Znwj    0x00004acc        0x8 C:\Users\B4T\Documents\sloeber-workspace\TEST_MKR1010\Release\arduino.ar(new.cpp.o)
                0x00004acc                operator new(unsigned int)
 .text._ZdlPv   0x00004ad4        0x8 C:\Users\B4T\Documents\sloeber-workspace\TEST_MKR1010\Release\arduino.ar(new.cpp.o)
                0x00004ad4                operator delete(void*)
 .text.SystemInit
                0x00004adc      0x160 C:\Users\B4T\Documents\sloeber-workspace\TEST_MKR1010\Release\arduino.ar(startup.c.o)
                0x00004adc                SystemInit
 .text.init     0x00004c3c       0xf0 C:\Users\B4T\Documents\sloeber-workspace\TEST_MKR1010\Release\arduino.ar(wiring.c.o)
                0x00004c3c                init
 .text.mapResolution
                0x00004d2c       0x12 C:\Users\B4T\Documents\sloeber-workspace\TEST_MKR1010\Release\arduino.ar(wiring_analog.c.o)
 *fill*         0x00004d3e        0x2 
 .text.analogReference
                0x00004d40       0x64 C:\Users\B4T\Documents\sloeber-workspace\TEST_MKR1010\Release\arduino.ar(wiring_analog.c.o)
                0x00004d40                analogReference
 .text.analogRead
                0x00004da4       0xd8 C:\Users\B4T\Documents\sloeber-workspace\TEST_MKR1010\Release\arduino.ar(wiring_analog.c.o)
                0x00004da4                analogRead
 .text.pinMode  0x00004e7c       0x98 C:\Users\B4T\Documents\sloeber-workspace\TEST_MKR1010\Release\arduino.ar(wiring_digital.c.o)
                0x00004e7c                pinMode
 .text.digitalWrite
                0x00004f14       0x58 C:\Users\B4T\Documents\sloeber-workspace\TEST_MKR1010\Release\arduino.ar(wiring_digital.c.o)
                0x00004f14                digitalWrite
 .text.pinPeripheral
                0x00004f6c       0xc0 C:\Users\B4T\Documents\sloeber-workspace\TEST_MKR1010\Release\arduino.ar(wiring_private.c.o)
                0x00004f6c                pinPeripheral
 .text          0x0000502c       0x14 c:/users/b4t/downloads/sloeber-ide-v4.4.3-win32.win32.x86_64/sloeber/arduinoplugin/packages/arduino/tools/arm-none-eabi-gcc/7-2017q4/bin/../lib/gcc/arm-none-eabi/7.2.1/thumb/v6-m\libgcc.a(_thumb1_case_uqi.o)
                0x0000502c                __gnu_thumb1_case_uqi
 .text          0x00005040      0x114 c:/users/b4t/downloads/sloeber-ide-v4.4.3-win32.win32.x86_64/sloeber/arduinoplugin/packages/arduino/tools/arm-none-eabi-gcc/7-2017q4/bin/../lib/gcc/arm-none-eabi/7.2.1/thumb/v6-m\libgcc.a(_udivsi3.o)
                0x00005040                __aeabi_uidiv
                0x00005040                __udivsi3
                0x0000514c                __aeabi_uidivmod
 .text          0x00005154        0x4 c:/users/b4t/downloads/sloeber-ide-v4.4.3-win32.win32.x86_64/sloeber/arduinoplugin/packages/arduino/tools/arm-none-eabi-gcc/7-2017q4/bin/../lib/gcc/arm-none-eabi/7.2.1/thumb/v6-m\libgcc.a(_dvmd_tls.o)
                0x00005154                __aeabi_idiv0
                0x00005154                __aeabi_ldiv0
 .text          0x00005158       0x7c c:/users/b4t/downloads/sloeber-ide-v4.4.3-win32.win32.x86_64/sloeber/arduinoplugin/packages/arduino/tools/arm-none-eabi-gcc/7-2017q4/bin/../lib/gcc/arm-none-eabi/7.2.1/thumb/v6-m\libgcc.a(_arm_cmpdf2.o)
                0x00005158                __aeabi_cdrcmple
                0x00005168                __aeabi_cdcmple
                0x00005168                __aeabi_cdcmpeq
                0x00005178                __aeabi_dcmpeq
                0x00005184                __aeabi_dcmplt
                0x00005198                __aeabi_dcmple
                0x000051ac                __aeabi_dcmpgt
                0x000051c0                __aeabi_dcmpge
 .text          0x000051d4       0x74 c:/users/b4t/downloads/sloeber-ide-v4.4.3-win32.win32.x86_64/sloeber/arduinoplugin/packages/arduino/tools/arm-none-eabi-gcc/7-2017q4/bin/../lib/gcc/arm-none-eabi/7.2.1/thumb/v6-m\libgcc.a(_arm_cmpsf2.o)
                0x000051d4                __aeabi_cfrcmple
                0x000051dc                __aeabi_cfcmpeq
                0x000051dc                __aeabi_cfcmple
                0x000051ec                __aeabi_fcmpeq
                0x000051f8                __aeabi_fcmplt
                0x0000520c                __aeabi_fcmple
                0x00005220                __aeabi_fcmpgt
                0x00005234                __aeabi_fcmpge
 .text          0x00005248       0x3c c:/users/b4t/downloads/sloeber-ide-v4.4.3-win32.win32.x86_64/sloeber/arduinoplugin/packages/arduino/tools/arm-none-eabi-gcc/7-2017q4/bin/../lib/gcc/arm-none-eabi/7.2.1/thumb/v6-m\libgcc.a(_fixunsdfsi.o)
                0x00005248                __aeabi_d2uiz
                0x00005248                __fixunsdfsi
 .text          0x00005284       0x50 c:/users/b4t/downloads/sloeber-ide-v4.4.3-win32.win32.x86_64/sloeber/arduinoplugin/packages/arduino/tools/arm-none-eabi-gcc/7-2017q4/bin/../lib/gcc/arm-none-eabi/7.2.1/thumb/v6-m\libgcc.a(eqsf2.o)
                0x00005284                __eqsf2
                0x00005284                __nesf2
 .text          0x000052d4       0x9c c:/users/b4t/downloads/sloeber-ide-v4.4.3-win32.win32.x86_64/sloeber/arduinoplugin/packages/arduino/tools/arm-none-eabi-gcc/7-2017q4/bin/../lib/gcc/arm-none-eabi/7.2.1/thumb/v6-m\libgcc.a(gesf2.o)
                0x000052d4                __gesf2
                0x000052d4                __gtsf2
 .text          0x00005370       0xa0 c:/users/b4t/downloads/sloeber-ide-v4.4.3-win32.win32.x86_64/sloeber/arduinoplugin/packages/arduino/tools/arm-none-eabi-gcc/7-2017q4/bin/../lib/gcc/arm-none-eabi/7.2.1/thumb/v6-m\libgcc.a(lesf2.o)
                0x00005370                __ltsf2
                0x00005370                __lesf2
 .text          0x00005410      0x638 c:/users/b4t/downloads/sloeber-ide-v4.4.3-win32.win32.x86_64/sloeber/arduinoplugin/packages/arduino/tools/arm-none-eabi-gcc/7-2017q4/bin/../lib/gcc/arm-none-eabi/7.2.1/thumb/v6-m\libgcc.a(adddf3.o)
                0x00005410                __aeabi_dadd
 .text          0x00005a48      0x604 c:/users/b4t/downloads/sloeber-ide-v4.4.3-win32.win32.x86_64/sloeber/arduinoplugin/packages/arduino/tools/arm-none-eabi-gcc/7-2017q4/bin/../lib/gcc/arm-none-eabi/7.2.1/thumb/v6-m\libgcc.a(divdf3.o)
                0x00005a48                __aeabi_ddiv
 .text          0x0000604c       0x78 c:/users/b4t/downloads/sloeber-ide-v4.4.3-win32.win32.x86_64/sloeber/arduinoplugin/packages/arduino/tools/arm-none-eabi-gcc/7-2017q4/bin/../lib/gcc/arm-none-eabi/7.2.1/thumb/v6-m\libgcc.a(eqdf2.o)
                0x0000604c                __nedf2
                0x0000604c                __eqdf2
 .text          0x000060c4       0xc8 c:/users/b4t/downloads/sloeber-ide-v4.4.3-win32.win32.x86_64/sloeber/arduinoplugin/packages/arduino/tools/arm-none-eabi-gcc/7-2017q4/bin/../lib/gcc/arm-none-eabi/7.2.1/thumb/v6-m\libgcc.a(gedf2.o)
                0x000060c4                __gedf2
                0x000060c4                __gtdf2
 .text          0x0000618c       0xd0 c:/users/b4t/downloads/sloeber-ide-v4.4.3-win32.win32.x86_64/sloeber/arduinoplugin/packages/arduino/tools/arm-none-eabi-gcc/7-2017q4/bin/../lib/gcc/arm-none-eabi/7.2.1/thumb/v6-m\libgcc.a(ledf2.o)
                0x0000618c                __ledf2
                0x0000618c                __ltdf2
 .text          0x0000625c      0x4e4 c:/users/b4t/downloads/sloeber-ide-v4.4.3-win32.win32.x86_64/sloeber/arduinoplugin/packages/arduino/tools/arm-none-eabi-gcc/7-2017q4/bin/../lib/gcc/arm-none-eabi/7.2.1/thumb/v6-m\libgcc.a(muldf3.o)
                0x0000625c                __aeabi_dmul
 .text          0x00006740      0x690 c:/users/b4t/downloads/sloeber-ide-v4.4.3-win32.win32.x86_64/sloeber/arduinoplugin/packages/arduino/tools/arm-none-eabi-gcc/7-2017q4/bin/../lib/gcc/arm-none-eabi/7.2.1/thumb/v6-m\libgcc.a(subdf3.o)
                0x00006740                __aeabi_dsub
 .text          0x00006dd0       0x38 c:/users/b4t/downloads/sloeber-ide-v4.4.3-win32.win32.x86_64/sloeber/arduinoplugin/packages/arduino/tools/arm-none-eabi-gcc/7-2017q4/bin/../lib/gcc/arm-none-eabi/7.2.1/thumb/v6-m\libgcc.a(unorddf2.o)
                0x00006dd0                __aeabi_dcmpun
 .text          0x00006e08       0x6c c:/users/b4t/downloads/sloeber-ide-v4.4.3-win32.win32.x86_64/sloeber/arduinoplugin/packages/arduino/tools/arm-none-eabi-gcc/7-2017q4/bin/../lib/gcc/arm-none-eabi/7.2.1/thumb/v6-m\libgcc.a(fixdfsi.o)
                0x00006e08                __aeabi_d2iz
 .text          0x00006e74       0x64 c:/users/b4t/downloads/sloeber-ide-v4.4.3-win32.win32.x86_64/sloeber/arduinoplugin/packages/arduino/tools/arm-none-eabi-gcc/7-2017q4/bin/../lib/gcc/arm-none-eabi/7.2.1/thumb/v6-m\libgcc.a(floatunsidf.o)
                0x00006e74                __aeabi_ui2d
 .text          0x00006ed8       0xa4 c:/users/b4t/downloads/sloeber-ide-v4.4.3-win32.win32.x86_64/sloeber/arduinoplugin/packages/arduino/tools/arm-none-eabi-gcc/7-2017q4/bin/../lib/gcc/arm-none-eabi/7.2.1/thumb/v6-m\libgcc.a(extendsfdf2.o)
                0x00006ed8                __aeabi_f2d
 .text          0x00006f7c       0x3c c:/users/b4t/downloads/sloeber-ide-v4.4.3-win32.win32.x86_64/sloeber/arduinoplugin/packages/arduino/tools/arm-none-eabi-gcc/7-2017q4/bin/../lib/gcc/arm-none-eabi/7.2.1/thumb/v6-m\libgcc.a(_clzsi2.o)
                0x00006f7c                __clzsi2
 .text.__libc_init_array
                0x00006fb8       0x48 c:/users/b4t/downloads/sloeber-ide-v4.4.3-win32.win32.x86_64/sloeber/arduinoplugin/packages/arduino/tools/arm-none-eabi-gcc/7-2017q4/bin/../lib/gcc/arm-none-eabi/7.2.1/../../../../arm-none-eabi/lib/thumb/v6-m\libc_nano.a(lib_a-init.o)
                0x00006fb8                __libc_init_array
 .text.malloc   0x00007000       0x14 c:/users/b4t/downloads/sloeber-ide-v4.4.3-win32.win32.x86_64/sloeber/arduinoplugin/packages/arduino/tools/arm-none-eabi-gcc/7-2017q4/bin/../lib/gcc/arm-none-eabi/7.2.1/../../../../arm-none-eabi/lib/thumb/v6-m\libc_nano.a(lib_a-malloc.o)
                0x00007000                malloc
 .text.free     0x00007014       0x14 c:/users/b4t/downloads/sloeber-ide-v4.4.3-win32.win32.x86_64/sloeber/arduinoplugin/packages/arduino/tools/arm-none-eabi-gcc/7-2017q4/bin/../lib/gcc/arm-none-eabi/7.2.1/../../../../arm-none-eabi/lib/thumb/v6-m\libc_nano.a(lib_a-malloc.o)
                0x00007014                free
 .text.memcpy   0x00007028       0x12 c:/users/b4t/downloads/sloeber-ide-v4.4.3-win32.win32.x86_64/sloeber/arduinoplugin/packages/arduino/tools/arm-none-eabi-gcc/7-2017q4/bin/../lib/gcc/arm-none-eabi/7.2.1/../../../../arm-none-eabi/lib/thumb/v6-m\libc_nano.a(lib_a-memcpy-stub.o)
                0x00007028                memcpy
 .text.memset   0x0000703a       0x10 c:/users/b4t/downloads/sloeber-ide-v4.4.3-win32.win32.x86_64/sloeber/arduinoplugin/packages/arduino/tools/arm-none-eabi-gcc/7-2017q4/bin/../lib/gcc/arm-none-eabi/7.2.1/../../../../arm-none-eabi/lib/thumb/v6-m\libc_nano.a(lib_a-memset.o)
                0x0000703a                memset
 *fill*         0x0000704a        0x2 
 .text._free_r  0x0000704c       0x94 c:/users/b4t/downloads/sloeber-ide-v4.4.3-win32.win32.x86_64/sloeber/arduinoplugin/packages/arduino/tools/arm-none-eabi-gcc/7-2017q4/bin/../lib/gcc/arm-none-eabi/7.2.1/../../../../arm-none-eabi/lib/thumb/v6-m\libc_nano.a(lib_a-nano-freer.o)
                0x0000704c                _free_r
 .text._malloc_r
                0x000070e0       0xbc c:/users/b4t/downloads/sloeber-ide-v4.4.3-win32.win32.x86_64/sloeber/arduinoplugin/packages/arduino/tools/arm-none-eabi-gcc/7-2017q4/bin/../lib/gcc/arm-none-eabi/7.2.1/../../../../arm-none-eabi/lib/thumb/v6-m\libc_nano.a(lib_a-nano-mallocr.o)
                0x000070e0                _malloc_r
 .text._sbrk_r  0x0000719c       0x24 c:/users/b4t/downloads/sloeber-ide-v4.4.3-win32.win32.x86_64/sloeber/arduinoplugin/packages/arduino/tools/arm-none-eabi-gcc/7-2017q4/bin/../lib/gcc/arm-none-eabi/7.2.1/../../../../arm-none-eabi/lib/thumb/v6-m\libc_nano.a(lib_a-sbrkr.o)
                0x0000719c                _sbrk_r
 .text          0x000071c0        0xe c:/users/b4t/downloads/sloeber-ide-v4.4.3-win32.win32.x86_64/sloeber/arduinoplugin/packages/arduino/tools/arm-none-eabi-gcc/7-2017q4/bin/../lib/gcc/arm-none-eabi/7.2.1/../../../../arm-none-eabi/lib/thumb/v6-m\libc_nano.a(lib_a-strlen.o)
                0x000071c0                strlen
 .text.__malloc_lock
                0x000071ce        0x2 c:/users/b4t/downloads/sloeber-ide-v4.4.3-win32.win32.x86_64/sloeber/arduinoplugin/packages/arduino/tools/arm-none-eabi-gcc/7-2017q4/bin/../lib/gcc/arm-none-eabi/7.2.1/../../../../arm-none-eabi/lib/thumb/v6-m\libc_nano.a(lib_a-mlock.o)
                0x000071ce                __malloc_lock
 .text.__malloc_unlock
                0x000071d0        0x2 c:/users/b4t/downloads/sloeber-ide-v4.4.3-win32.win32.x86_64/sloeber/arduinoplugin/packages/arduino/tools/arm-none-eabi-gcc/7-2017q4/bin/../lib/gcc/arm-none-eabi/7.2.1/../../../../arm-none-eabi/lib/thumb/v6-m\libc_nano.a(lib_a-mlock.o)
                0x000071d0                __malloc_unlock
 *fill*         0x000071d2        0x2 
 .text._sbrk    0x000071d4       0x1c c:/users/b4t/downloads/sloeber-ide-v4.4.3-win32.win32.x86_64/sloeber/arduinoplugin/packages/arduino/tools/arm-none-eabi-gcc/7-2017q4/bin/../lib/gcc/arm-none-eabi/7.2.1/../../../../arm-none-eabi/lib/thumb/v6-m\libnosys.a(sbrk.o)
                0x000071d4                _sbrk
 *(.init)
 .init          0x000071f0        0x4 c:/users/b4t/downloads/sloeber-ide-v4.4.3-win32.win32.x86_64/sloeber/arduinoplugin/packages/arduino/tools/arm-none-eabi-gcc/7-2017q4/bin/../lib/gcc/arm-none-eabi/7.2.1/thumb/v6-m/crti.o
                0x000071f0                _init
 .init          0x000071f4        0x8 c:/users/b4t/downloads/sloeber-ide-v4.4.3-win32.win32.x86_64/sloeber/arduinoplugin/packages/arduino/tools/arm-none-eabi-gcc/7-2017q4/bin/../lib/gcc/arm-none-eabi/7.2.1/thumb/v6-m/crtn.o
 *(.fini)
 .fini          0x000071fc        0x4 c:/users/b4t/downloads/sloeber-ide-v4.4.3-win32.win32.x86_64/sloeber/arduinoplugin/packages/arduino/tools/arm-none-eabi-gcc/7-2017q4/bin/../lib/gcc/arm-none-eabi/7.2.1/thumb/v6-m/crti.o
                0x000071fc                _fini
 .fini          0x00007200        0x8 c:/users/b4t/downloads/sloeber-ide-v4.4.3-win32.win32.x86_64/sloeber/arduinoplugin/packages/arduino/tools/arm-none-eabi-gcc/7-2017q4/bin/../lib/gcc/arm-none-eabi/7.2.1/thumb/v6-m/crtn.o
 *crtbegin.o(.ctors)
 *crtbegin?.o(.ctors)
 *(EXCLUDE_FILE(*crtend.o *crtend?.o) .ctors)
 *(SORT_BY_NAME(.ctors.*))
 *(.ctors)
 *crtbegin.o(.dtors)
 *crtbegin?.o(.dtors)
 *(EXCLUDE_FILE(*crtend.o *crtend?.o) .dtors)
 *(SORT_BY_NAME(.dtors.*))
 *(.dtors)
 *(.rodata*)
 .rodata._Z28InitialiseDynamentSensorTaskv.str1.1
                0x00007208       0xb3 .\app.cpp.o
 .rodata.setup.str1.1
                0x000072bb        0xd .\sloeber.ino.cpp.o
 .rodata.g_APinDescription
                0x000072c8      0x360 .\core\variant\variant.cpp.o
                0x000072c8                g_APinDescription
 .rodata._ZTV7Serial_
                0x00007628       0x58 C:\Users\B4T\Documents\sloeber-workspace\TEST_MKR1010\Release\arduino.ar(CDC.cpp.o)
                0x00007628                vtable for Serial_
 .rodata._ZTV26DoubleBufferedEPOutHandler
                0x00007680       0x24 C:\Users\B4T\Documents\sloeber-workspace\TEST_MKR1010\Release\arduino.ar(USBCore.cpp.o)
                0x00007680                vtable for DoubleBufferedEPOutHandler
 .rodata._ZL14STRING_PRODUCT
                0x000076a4       0x16 C:\Users\B4T\Documents\sloeber-workspace\TEST_MKR1010\Release\arduino.ar(USBCore.cpp.o)
 .rodata._ZL15STRING_LANGUAGE
                0x000076ba        0x4 C:\Users\B4T\Documents\sloeber-workspace\TEST_MKR1010\Release\arduino.ar(USBCore.cpp.o)
 .rodata._ZL19STRING_MANUFACTURER
                0x000076be        0xc C:\Users\B4T\Documents\sloeber-workspace\TEST_MKR1010\Release\arduino.ar(USBCore.cpp.o)
 .rodata._ZL21USB_DeviceDescriptorB
                0x000076ca       0x12 C:\Users\B4T\Documents\sloeber-workspace\TEST_MKR1010\Release\arduino.ar(USBCore.cpp.o)
 .rodata._ZN5Print10printFloatEdh.str1.1
                0x000076dc        0xc C:\Users\B4T\Documents\sloeber-workspace\TEST_MKR1010\Release\arduino.ar(Print.cpp.o)
 .rodata._ZN5Print7printlnEv.str1.1
                0x000076e8        0x3 C:\Users\B4T\Documents\sloeber-workspace\TEST_MKR1010\Release\arduino.ar(Print.cpp.o)
 *fill*         0x000076eb        0x1 
 .rodata._ZTV4Uart
                0x000076ec       0x34 C:\Users\B4T\Documents\sloeber-workspace\TEST_MKR1010\Release\arduino.ar(Uart.cpp.o)
                0x000076ec                vtable for Uart
 .rodata        0x00007720       0x40 c:/users/b4t/downloads/sloeber-ide-v4.4.3-win32.win32.x86_64/sloeber/arduinoplugin/packages/arduino/tools/arm-none-eabi-gcc/7-2017q4/bin/../lib/gcc/arm-none-eabi/7.2.1/thumb/v6-m\libgcc.a(divdf3.o)
 .rodata        0x00007760       0x40 c:/users/b4t/downloads/sloeber-ide-v4.4.3-win32.win32.x86_64/sloeber/arduinoplugin/packages/arduino/tools/arm-none-eabi-gcc/7-2017q4/bin/../lib/gcc/arm-none-eabi/7.2.1/thumb/v6-m\libgcc.a(muldf3.o)
 *(.eh_frame*)
 .eh_frame      0x000077a0        0x0 c:/users/b4t/downloads/sloeber-ide-v4.4.3-win32.win32.x86_64/sloeber/arduinoplugin/packages/arduino/tools/arm-none-eabi-gcc/7-2017q4/bin/../lib/gcc/arm-none-eabi/7.2.1/thumb/v6-m/crtbegin.o
 .eh_frame      0x000077a0        0x4 c:/users/b4t/downloads/sloeber-ide-v4.4.3-win32.win32.x86_64/sloeber/arduinoplugin/packages/arduino/tools/arm-none-eabi-gcc/7-2017q4/bin/../lib/gcc/arm-none-eabi/7.2.1/thumb/v6-m/crtend.o

.glue_7         0x000077a4        0x0
 .glue_7        0x000077a4        0x0 linker stubs

.glue_7t        0x000077a4        0x0
 .glue_7t       0x000077a4        0x0 linker stubs

.vfp11_veneer   0x000077a4        0x0
 .vfp11_veneer  0x000077a4        0x0 linker stubs

.v4_bx          0x000077a4        0x0
 .v4_bx         0x000077a4        0x0 linker stubs

.iplt           0x000077a4        0x0
 .iplt          0x000077a4        0x0 c:/users/b4t/downloads/sloeber-ide-v4.4.3-win32.win32.x86_64/sloeber/arduinoplugin/packages/arduino/tools/arm-none-eabi-gcc/7-2017q4/bin/../lib/gcc/arm-none-eabi/7.2.1/thumb/v6-m/crtbegin.o

.rel.dyn        0x000077a4        0x0
 .rel.iplt      0x000077a4        0x0 c:/users/b4t/downloads/sloeber-ide-v4.4.3-win32.win32.x86_64/sloeber/arduinoplugin/packages/arduino/tools/arm-none-eabi-gcc/7-2017q4/bin/../lib/gcc/arm-none-eabi/7.2.1/thumb/v6-m/crtbegin.o

.ARM.extab
 *(.ARM.extab* .gnu.linkonce.armextab.*)
                0x000077a4                __exidx_start = .

.ARM.exidx
 *(.ARM.exidx* .gnu.linkonce.armexidx.*)
                0x000077a4                __exidx_end = .
                0x000077a4                __etext = .

.data           0x20000000       0xa0 load address 0x000077a4
                0x20000000                __data_start__ = .
 *(vtable)
 *(.data*)
 .data._ZL10breakValue
                0x20000000        0x4 C:\Users\B4T\Documents\sloeber-workspace\TEST_MKR1010\Release\arduino.ar(CDC.cpp.o)
 .data._ZL12_usbLineInfo
                0x20000004        0x8 C:\Users\B4T\Documents\sloeber-workspace\TEST_MKR1010\Release\arduino.ar(CDC.cpp.o)
 .data._serialPeek
                0x2000000c        0x4 C:\Users\B4T\Documents\sloeber-workspace\TEST_MKR1010\Release\arduino.ar(CDC.cpp.o)
                0x2000000c                _serialPeek
 .data._ZL5ticks
                0x20000010        0x4 C:\Users\B4T\Documents\sloeber-workspace\TEST_MKR1010\Release\arduino.ar(Reset.cpp.o)
 .data.SystemCoreClock
                0x20000014        0x4 C:\Users\B4T\Documents\sloeber-workspace\TEST_MKR1010\Release\arduino.ar(wiring.c.o)
                0x20000014                SystemCoreClock
 .data._ADCResolution
                0x20000018        0x4 C:\Users\B4T\Documents\sloeber-workspace\TEST_MKR1010\Release\arduino.ar(wiring_analog.c.o)
 .data._readResolution
                0x2000001c        0x4 C:\Users\B4T\Documents\sloeber-workspace\TEST_MKR1010\Release\arduino.ar(wiring_analog.c.o)
 .data._impure_ptr
                0x20000020        0x4 c:/users/b4t/downloads/sloeber-ide-v4.4.3-win32.win32.x86_64/sloeber/arduinoplugin/packages/arduino/tools/arm-none-eabi-gcc/7-2017q4/bin/../lib/gcc/arm-none-eabi/7.2.1/../../../../arm-none-eabi/lib/thumb/v6-m\libc_nano.a(lib_a-impure.o)
                0x20000020                _impure_ptr
 .data.impure_data
                0x20000024       0x60 c:/users/b4t/downloads/sloeber-ide-v4.4.3-win32.win32.x86_64/sloeber/arduinoplugin/packages/arduino/tools/arm-none-eabi-gcc/7-2017q4/bin/../lib/gcc/arm-none-eabi/7.2.1/../../../../arm-none-eabi/lib/thumb/v6-m\libc_nano.a(lib_a-impure.o)
                0x20000084                . = ALIGN (0x4)
                0x20000084                PROVIDE (__preinit_array_start, .)
 *(.preinit_array)
                0x20000084                PROVIDE (__preinit_array_end, .)
                0x20000084                . = ALIGN (0x4)
                0x20000084                PROVIDE (__init_array_start, .)
 *(SORT_BY_NAME(.init_array.*))
 *(.init_array)
 .init_array    0x20000084        0x4 c:/users/b4t/downloads/sloeber-ide-v4.4.3-win32.win32.x86_64/sloeber/arduinoplugin/packages/arduino/tools/arm-none-eabi-gcc/7-2017q4/bin/../lib/gcc/arm-none-eabi/7.2.1/thumb/v6-m/crtbegin.o
 .init_array    0x20000088        0x4 .\app.cpp.o
 .init_array    0x2000008c        0x4 .\core\variant\variant.cpp.o
 .init_array    0x20000090        0x4 C:\Users\B4T\Documents\sloeber-workspace\TEST_MKR1010\Release\arduino.ar(CDC.cpp.o)
 .init_array    0x20000094        0x4 C:\Users\B4T\Documents\sloeber-workspace\TEST_MKR1010\Release\arduino.ar(USBCore.cpp.o)
                0x20000098                PROVIDE (__init_array_end, .)
                0x20000098                . = ALIGN (0x4)
                [!provide]                PROVIDE (__fini_array_start, .)
 *(SORT_BY_NAME(.fini_array.*))
 *(.fini_array)
 .fini_array    0x20000098        0x4 c:/users/b4t/downloads/sloeber-ide-v4.4.3-win32.win32.x86_64/sloeber/arduinoplugin/packages/arduino/tools/arm-none-eabi-gcc/7-2017q4/bin/../lib/gcc/arm-none-eabi/7.2.1/thumb/v6-m/crtbegin.o
                [!provide]                PROVIDE (__fini_array_end, .)
 *(.jcr*)
                0x200000a0                . = ALIGN (0x10)
 *fill*         0x2000009c        0x4 
                0x200000a0                __data_end__ = .

.igot.plt       0x200000a0        0x0 load address 0x00007844
 .igot.plt      0x200000a0        0x0 c:/users/b4t/downloads/sloeber-ide-v4.4.3-win32.win32.x86_64/sloeber/arduinoplugin/packages/arduino/tools/arm-none-eabi-gcc/7-2017q4/bin/../lib/gcc/arm-none-eabi/7.2.1/thumb/v6-m/crtbegin.o

.bss            0x200000a0      0xc50 load address 0x00007844
                0x200000a0                . = ALIGN (0x4)
                0x200000a0                __bss_start__ = .
 *(.bss*)
 .bss           0x200000a0       0x1c c:/users/b4t/downloads/sloeber-ide-v4.4.3-win32.win32.x86_64/sloeber/arduinoplugin/packages/arduino/tools/arm-none-eabi-gcc/7-2017q4/bin/../lib/gcc/arm-none-eabi/7.2.1/thumb/v6-m/crtbegin.o
 .bss._ZL13dynamentState
                0x200000bc        0x1 .\app.cpp.o
 *fill*         0x200000bd        0x3 
 .bss._ZL13finishStartMs
                0x200000c0        0x4 .\app.cpp.o
 .bss._ZL14receiveStartMs
                0x200000c4        0x4 .\app.cpp.o
 .bss._ZL8gasValue
                0x200000c8        0x4 .\app.cpp.o
 .bss.dynament  0x200000cc      0x158 .\app.cpp.o
                0x200000cc                dynament
 .bss.Serial1   0x20000224      0x23c .\core\variant\variant.cpp.o
                0x20000224                Serial1
 .bss.Serial2   0x20000460      0x23c .\core\variant\variant.cpp.o
                0x20000460                Serial2
 .bss.sercom0   0x2000069c        0x4 .\core\variant\variant.cpp.o
                0x2000069c                sercom0
 .bss.sercom1   0x200006a0        0x4 .\core\variant\variant.cpp.o
                0x200006a0                sercom1
 .bss.sercom2   0x200006a4        0x4 .\core\variant\variant.cpp.o
                0x200006a4                sercom2
 .bss.sercom3   0x200006a8        0x4 .\core\variant\variant.cpp.o
                0x200006a8                sercom3
 .bss.sercom4   0x200006ac        0x4 .\core\variant\variant.cpp.o
                0x200006ac                sercom4
 .bss.sercom5   0x200006b0        0x4 .\core\variant\variant.cpp.o
                0x200006b0                sercom5
 .bss.SerialUSB
                0x200006b4       0x34 C:\Users\B4T\Documents\sloeber-workspace\TEST_MKR1010\Release\arduino.ar(CDC.cpp.o)
                0x200006b4                SerialUSB
 .bss._ZGVZ12PluggableUSBvE3obj
                0x200006e8        0x4 C:\Users\B4T\Documents\sloeber-workspace\TEST_MKR1010\Release\arduino.ar(PluggableUSB.cpp.o)
 .bss._ZZ12PluggableUSBvE3obj
                0x200006ec        0x8 C:\Users\B4T\Documents\sloeber-workspace\TEST_MKR1010\Release\arduino.ar(PluggableUSB.cpp.o)
 .bss.EndPoints
                0x200006f4       0x28 C:\Users\B4T\Documents\sloeber-workspace\TEST_MKR1010\Release\arduino.ar(USBCore.cpp.o)
                0x200006f4                EndPoints
 .bss.USBDevice
                0x2000071c        0x1 C:\Users\B4T\Documents\sloeber-workspace\TEST_MKR1010\Release\arduino.ar(USBCore.cpp.o)
                0x2000071c                USBDevice
 *fill*         0x2000071d        0x3 
 .bss._ZL10epHandlers
                0x20000720       0x1c C:\Users\B4T\Documents\sloeber-workspace\TEST_MKR1010\Release\arduino.ar(USBCore.cpp.o)
 .bss._ZL14isEndpointHalt
                0x2000073c        0x1 C:\Users\B4T\Documents\sloeber-workspace\TEST_MKR1010\Release\arduino.ar(USBCore.cpp.o)
 .bss._ZL20LastTransmitTimedOut
                0x2000073d        0x7 C:\Users\B4T\Documents\sloeber-workspace\TEST_MKR1010\Release\arduino.ar(USBCore.cpp.o)
 .bss._ZL21isRemoteWakeUpEnabled
                0x20000744        0x1 C:\Users\B4T\Documents\sloeber-workspace\TEST_MKR1010\Release\arduino.ar(USBCore.cpp.o)
 *fill*         0x20000745        0x3 
 .bss._ZL22udd_ep_in_cache_buffer
                0x20000748      0x1c0 C:\Users\B4T\Documents\sloeber-workspace\TEST_MKR1010\Release\arduino.ar(USBCore.cpp.o)
 .bss._ZL23udd_ep_out_cache_buffer
                0x20000908      0x1c0 C:\Users\B4T\Documents\sloeber-workspace\TEST_MKR1010\Release\arduino.ar(USBCore.cpp.o)
 .bss._dry_run  0x20000ac8        0x1 C:\Users\B4T\Documents\sloeber-workspace\TEST_MKR1010\Release\arduino.ar(USBCore.cpp.o)
                0x20000ac8                _dry_run
 .bss._pack_buffer
                0x20000ac9      0x100 C:\Users\B4T\Documents\sloeber-workspace\TEST_MKR1010\Release\arduino.ar(USBCore.cpp.o)
                0x20000ac9                _pack_buffer
 .bss._pack_message
                0x20000bc9        0x1 C:\Users\B4T\Documents\sloeber-workspace\TEST_MKR1010\Release\arduino.ar(USBCore.cpp.o)
                0x20000bc9                _pack_message
 .bss._pack_size
                0x20000bca        0x2 C:\Users\B4T\Documents\sloeber-workspace\TEST_MKR1010\Release\arduino.ar(USBCore.cpp.o)
                0x20000bca                _pack_size
 .bss._usbConfiguration
                0x20000bcc        0x4 C:\Users\B4T\Documents\sloeber-workspace\TEST_MKR1010\Release\arduino.ar(USBCore.cpp.o)
                0x20000bcc                _usbConfiguration
 .bss._usbSetInterface
                0x20000bd0        0x4 C:\Users\B4T\Documents\sloeber-workspace\TEST_MKR1010\Release\arduino.ar(USBCore.cpp.o)
                0x20000bd0                _usbSetInterface
 .bss.usbd      0x20000bd4      0x104 C:\Users\B4T\Documents\sloeber-workspace\TEST_MKR1010\Release\arduino.ar(USBCore.cpp.o)
                0x20000bd4                usbd
 .bss.usb_isr   0x20000cd8        0x4 C:\Users\B4T\Documents\sloeber-workspace\TEST_MKR1010\Release\arduino.ar(cortex_handlers.c.o)
 .bss._ulTickCount
                0x20000cdc        0x4 C:\Users\B4T\Documents\sloeber-workspace\TEST_MKR1010\Release\arduino.ar(delay.c.o)
 .bss.__malloc_free_list
                0x20000ce0        0x4 c:/users/b4t/downloads/sloeber-ide-v4.4.3-win32.win32.x86_64/sloeber/arduinoplugin/packages/arduino/tools/arm-none-eabi-gcc/7-2017q4/bin/../lib/gcc/arm-none-eabi/7.2.1/../../../../arm-none-eabi/lib/thumb/v6-m\libc_nano.a(lib_a-nano-mallocr.o)
                0x20000ce0                __malloc_free_list
 .bss.__malloc_sbrk_start
                0x20000ce4        0x4 c:/users/b4t/downloads/sloeber-ide-v4.4.3-win32.win32.x86_64/sloeber/arduinoplugin/packages/arduino/tools/arm-none-eabi-gcc/7-2017q4/bin/../lib/gcc/arm-none-eabi/7.2.1/../../../../arm-none-eabi/lib/thumb/v6-m\libc_nano.a(lib_a-nano-mallocr.o)
                0x20000ce4                __malloc_sbrk_start
 .bss.heap_end.4102
                0x20000ce8        0x4 c:/users/b4t/downloads/sloeber-ide-v4.4.3-win32.win32.x86_64/sloeber/arduinoplugin/packages/arduino/tools/arm-none-eabi-gcc/7-2017q4/bin/../lib/gcc/arm-none-eabi/7.2.1/../../../../arm-none-eabi/lib/thumb/v6-m\libnosys.a(sbrk.o)
 *(COMMON)
 COMMON         0x20000cec        0x4 c:/users/b4t/downloads/sloeber-ide-v4.4.3-win32.win32.x86_64/sloeber/arduinoplugin/packages/arduino/tools/arm-none-eabi-gcc/7-2017q4/bin/../lib/gcc/arm-none-eabi/7.2.1/../../../../arm-none-eabi/lib/thumb/v6-m\libc_nano.a(lib_a-reent.o)
                0x20000cec                errno
                0x20000cf0                . = ALIGN (0x4)
                0x20000cf0                __bss_end__ = .

.heap           0x20000cf0        0x0
                0x20000cf0                __end__ = .
                0x20000cf0                PROVIDE (end, .)
 *(.heap*)
                0x20000cf0                __HeapLimit = .

.stack_dummy    0x20000cf0        0x0
 *(.stack*)
                0x20008000                __StackTop = (ORIGIN (RAM) + LENGTH (RAM))
                0x20008000                __StackLimit = (__StackTop - SIZEOF (.stack_dummy))
                0x20008000                PROVIDE (__stack, __StackTop)
                0x20007fff                __ram_end__ = ((ORIGIN (RAM) + LENGTH (RAM)) - 0x1)
                0x00000001                ASSERT ((__StackLimit >= __HeapLimit), region RAM overflowed with stack)
OUTPUT(C:\Users\B4T\Documents\sloeber-workspace\TEST_MKR1010\Release/TEST_MKR1010.elf elf32-littlearm)

.ARM.attributes
                0x00000000       0x28
 .ARM.attributes
                0x00000000       0x1e c:/users/b4t/downloads/sloeber-ide-v4.4.3-win32.win32.x86_64/sloeber/arduinoplugin/packages/arduino/tools/arm-none-eabi-gcc/7-2017q4/bin/../lib/gcc/arm-none-eabi/7.2.1/thumb/v6-m/crti.o
 .ARM.attributes
                0x0000001e       0x2c c:/users/b4t/downloads/sloeber-ide-v4.4.3-win32.win32.x86_64/sloeber/arduinoplugin/packages/arduino/tools/arm-none-eabi-gcc/7-2017q4/bin/../lib/gcc/arm-none-eabi/7.2.1/thumb/v6-m/crtbegin.o
 .ARM.attributes
                0x0000004a       0x32 .\DynamentSensor.cpp.o
 .ARM.attributes
                0x0000007c       0x32 .\app.cpp.o
 .ARM.attributes
                0x000000ae       0x32 .\sloeber.ino.cpp.o
 .ARM.attributes
                0x000000e0       0x32 .\core\variant\variant.cpp.o
 .ARM.attributes
                0x00000112       0x32 C:\Users\B4T\Documents\sloeber-workspace\TEST_MKR1010\Release\arduino.ar(CDC.cpp.o)
 .ARM.attributes
                0x00000144       0x32 C:\Users\B4T\Documents\sloeber-workspace\TEST_MKR1010\Release\arduino.ar(PluggableUSB.cpp.o)
 .ARM.attributes
                0x00000176       0x32 C:\Users\B4T\Documents\sloeber-workspace\TEST_MKR1010\Release\arduino.ar(USBCore.cpp.o)
 .ARM.attributes
                0x000001a8       0x32 C:\Users\B4T\Documents\sloeber-workspace\TEST_MKR1010\Release\arduino.ar(Print.cpp.o)
 .ARM.attributes
                0x000001da       0x32 C:\Users\B4T\Documents\sloeber-workspace\TEST_MKR1010\Release\arduino.ar(Reset.cpp.o)
 .ARM.attributes
                0x0000020c       0x32 C:\Users\B4T\Documents\sloeber-workspace\TEST_MKR1010\Release\arduino.ar(SERCOM.cpp.o)
 .ARM.attributes
                0x0000023e       0x32 C:\Users\B4T\Documents\sloeber-workspace\TEST_MKR1010\Release\arduino.ar(Uart.cpp.o)
 .ARM.attributes
                0x00000270       0x32 C:\Users\B4T\Documents\sloeber-workspace\TEST_MKR1010\Release\arduino.ar(cortex_handlers.c.o)
 .ARM.attributes
                0x000002a2       0x32 C:\Users\B4T\Documents\sloeber-workspace\TEST_MKR1010\Release\arduino.ar(delay.c.o)
 .ARM.attributes
                0x000002d4       0x32 C:\Users\B4T\Documents\sloeber-workspace\TEST_MKR1010\Release\arduino.ar(hooks.c.o)
 .ARM.attributes
                0x00000306       0x32 C:\Users\B4T\Documents\sloeber-workspace\TEST_MKR1010\Release\arduino.ar(main.cpp.o)
 .ARM.attributes
                0x00000338       0x32 C:\Users\B4T\Documents\sloeber-workspace\TEST_MKR1010\Release\arduino.ar(new.cpp.o)
 .ARM.attributes
                0x0000036a       0x32 C:\Users\B4T\Documents\sloeber-workspace\TEST_MKR1010\Release\arduino.ar(startup.c.o)
 .ARM.attributes
                0x0000039c       0x32 C:\Users\B4T\Documents\sloeber-workspace\TEST_MKR1010\Release\arduino.ar(wiring.c.o)
 .ARM.attributes
                0x000003ce       0x32 C:\Users\B4T\Documents\sloeber-workspace\TEST_MKR1010\Release\arduino.ar(wiring_analog.c.o)
 .ARM.attributes
                0x00000400       0x32 C:\Users\B4T\Documents\sloeber-workspace\TEST_MKR1010\Release\arduino.ar(wiring_digital.c.o)
 .ARM.attributes
                0x00000432       0x32 C:\Users\B4T\Documents\sloeber-workspace\TEST_MKR1010\Release\arduino.ar(wiring_private.c.o)
 .ARM.attributes
                0x00000464       0x1e c:/users/b4t/downloads/sloeber-ide-v4.4.3-win32.win32.x86_64/sloeber/arduinoplugin/packages/arduino/tools/arm-none-eabi-gcc/7-2017q4/bin/../lib/gcc/arm-none-eabi/7.2.1/thumb/v6-m\libgcc.a(_thumb1_case_uqi.o)
 .ARM.attributes
                0x00000482       0x1e c:/users/b4t/downloads/sloeber-ide-v4.4.3-win32.win32.x86_64/sloeber/arduinoplugin/packages/arduino/tools/arm-none-eabi-gcc/7-2017q4/bin/../lib/gcc/arm-none-eabi/7.2.1/thumb/v6-m\libgcc.a(_udivsi3.o)
 .ARM.attributes
                0x000004a0       0x1e c:/users/b4t/downloads/sloeber-ide-v4.4.3-win32.win32.x86_64/sloeber/arduinoplugin/packages/arduino/tools/arm-none-eabi-gcc/7-2017q4/bin/../lib/gcc/arm-none-eabi/7.2.1/thumb/v6-m\libgcc.a(_dvmd_tls.o)
 .ARM.attributes
                0x000004be       0x1e c:/users/b4t/downloads/sloeber-ide-v4.4.3-win32.win32.x86_64/sloeber/arduinoplugin/packages/arduino/tools/arm-none-eabi-gcc/7-2017q4/bin/../lib/gcc/arm-none-eabi/7.2.1/thumb/v6-m\libgcc.a(_arm_cmpdf2.o)
 .ARM.attributes
                0x000004dc       0x1e c:/users/b4t/downloads/sloeber-ide-v4.4.3-win32.win32.x86_64/sloeber/arduinoplugin/packages/arduino/tools/arm-none-eabi-gcc/7-2017q4/bin/../lib/gcc/arm-none-eabi/7.2.1/thumb/v6-m\libgcc.a(_arm_cmpsf2.o)
 .ARM.attributes
                0x000004fa       0x2c c:/users/b4t/downloads/sloeber-ide-v4.4.3-win32.win32.x86_64/sloeber/arduinoplugin/packages/arduino/tools/arm-none-eabi-gcc/7-2017q4/bin/../lib/gcc/arm-none-eabi/7.2.1/thumb/v6-m\libgcc.a(_fixunsdfsi.o)
 .ARM.attributes
                0x00000526       0x2c c:/users/b4t/downloads/sloeber-ide-v4.4.3-win32.win32.x86_64/sloeber/arduinoplugin/packages/arduino/tools/arm-none-eabi-gcc/7-2017q4/bin/../lib/gcc/arm-none-eabi/7.2.1/thumb/v6-m\libgcc.a(eqsf2.o)
 .ARM.attributes
                0x00000552       0x2c c:/users/b4t/downloads/sloeber-ide-v4.4.3-win32.win32.x86_64/sloeber/arduinoplugin/packages/arduino/tools/arm-none-eabi-gcc/7-2017q4/bin/../lib/gcc/arm-none-eabi/7.2.1/thumb/v6-m\libgcc.a(gesf2.o)
 .ARM.attributes
                0x0000057e       0x2c c:/users/b4t/downloads/sloeber-ide-v4.4.3-win32.win32.x86_64/sloeber/arduinoplugin/packages/arduino/tools/arm-none-eabi-gcc/7-2017q4/bin/../lib/gcc/arm-none-eabi/7.2.1/thumb/v6-m\libgcc.a(lesf2.o)
 .ARM.attributes
                0x000005aa       0x2c c:/users/b4t/downloads/sloeber-ide-v4.4.3-win32.win32.x86_64/sloeber/arduinoplugin/packages/arduino/tools/arm-none-eabi-gcc/7-2017q4/bin/../lib/gcc/arm-none-eabi/7.2.1/thumb/v6-m\libgcc.a(adddf3.o)
 .ARM.attributes
                0x000005d6       0x2c c:/users/b4t/downloads/sloeber-ide-v4.4.3-win32.win32.x86_64/sloeber/arduinoplugin/packages/arduino/tools/arm-none-eabi-gcc/7-2017q4/bin/../lib/gcc/arm-none-eabi/7.2.1/thumb/v6-m\libgcc.a(divdf3.o)
 .ARM.attributes
                0x00000602       0x2c c:/users/b4t/downloads/sloeber-ide-v4.4.3-win32.win32.x86_64/sloeber/arduinoplugin/packages/arduino/tools/arm-none-eabi-gcc/7-2017q4/bin/../lib/gcc/arm-none-eabi/7.2.1/thumb/v6-m\libgcc.a(eqdf2.o)
 .ARM.attributes
                0x0000062e       0x2c c:/users/b4t/downloads/sloeber-ide-v4.4.3-win32.win32.x86_64/sloeber/arduinoplugin/packages/arduino/tools/arm-none-eabi-gcc/7-2017q4/bin/../lib/gcc/arm-none-eabi/7.2.1/thumb/v6-m\libgcc.a(gedf2.o)
 .ARM.attributes
                0x0000065a       0x2c c:/users/b4t/downloads/sloeber-ide-v4.4.3-win32.win32.x86_64/sloeber/arduinoplugin/packages/arduino/tools/arm-none-eabi-gcc/7-2017q4/bin/../lib/gcc/arm-none-eabi/7.2.1/thumb/v6-m\libgcc.a(ledf2.o)
 .ARM.attributes
                0x00000686       0x2c c:/users/b4t/downloads/sloeber-ide-v4.4.3-win32.win32.x86_64/sloeber/arduinoplugin/packages/arduino/tools/arm-none-eabi-gcc/7-2017q4/bin/../lib/gcc/arm-none-eabi/7.2.1/thumb/v6-m\libgcc.a(muldf3.o)
 .ARM.attributes
                0x000006b2       0x2c c:/users/b4t/downloads/sloeber-ide-v4.4.3-win32.win32.x86_64/sloeber/arduinoplugin/packages/arduino/tools/arm-none-eabi-gcc/7-2017q4/bin/../lib/gcc/arm-none-eabi/7.2.1/thumb/v6-m\libgcc.a(subdf3.o)
 .ARM.attributes
                0x000006de       0x2c c:/users/b4t/downloads/sloeber-ide-v4.4.3-win32.win32.x86_64/sloeber/arduinoplugin/packages/arduino/tools/arm-none-eabi-gcc/7-2017q4/bin/../lib/gcc/arm-none-eabi/7.2.1/thumb/v6-m\libgcc.a(unorddf2.o)
 .ARM.attributes
                0x0000070a       0x2c c:/users/b4t/downloads/sloeber-ide-v4.4.3-win32.win32.x86_64/sloeber/arduinoplugin/packages/arduino/tools/arm-none-eabi-gcc/7-2017q4/bin/../lib/gcc/arm-none-eabi/7.2.1/thumb/v6-m\libgcc.a(fixdfsi.o)
 .ARM.attributes
                0x00000736       0x2c c:/users/b4t/downloads/sloeber-ide-v4.4.3-win32.win32.x86_64/sloeber/arduinoplugin/packages/arduino/tools/arm-none-eabi-gcc/7-2017q4/bin/../lib/gcc/arm-none-eabi/7.2.1/thumb/v6-m\libgcc.a(floatunsidf.o)
 .ARM.attributes
                0x00000762       0x2c c:/users/b4t/downloads/sloeber-ide-v4.4.3-win32.win32.x86_64/sloeber/arduinoplugin/packages/arduino/tools/arm-none-eabi-gcc/7-2017q4/bin/../lib/gcc/arm-none-eabi/7.2.1/thumb/v6-m\libgcc.a(extendsfdf2.o)
 .ARM.attributes
                0x0000078e       0x1e c:/users/b4t/downloads/sloeber-ide-v4.4.3-win32.win32.x86_64/sloeber/arduinoplugin/packages/arduino/tools/arm-none-eabi-gcc/7-2017q4/bin/../lib/gcc/arm-none-eabi/7.2.1/thumb/v6-m\libgcc.a(_clzsi2.o)
 .ARM.attributes
                0x000007ac       0x2c c:/users/b4t/downloads/sloeber-ide-v4.4.3-win32.win32.x86_64/sloeber/arduinoplugin/packages/arduino/tools/arm-none-eabi-gcc/7-2017q4/bin/../lib/gcc/arm-none-eabi/7.2.1/../../../../arm-none-eabi/lib/thumb/v6-m\libc_nano.a(lib_a-impure.o)
 .ARM.attributes
                0x000007d8       0x2c c:/users/b4t/downloads/sloeber-ide-v4.4.3-win32.win32.x86_64/sloeber/arduinoplugin/packages/arduino/tools/arm-none-eabi-gcc/7-2017q4/bin/../lib/gcc/arm-none-eabi/7.2.1/../../../../arm-none-eabi/lib/thumb/v6-m\libc_nano.a(lib_a-init.o)
 .ARM.attributes
                0x00000804       0x2c c:/users/b4t/downloads/sloeber-ide-v4.4.3-win32.win32.x86_64/sloeber/arduinoplugin/packages/arduino/tools/arm-none-eabi-gcc/7-2017q4/bin/../lib/gcc/arm-none-eabi/7.2.1/../../../../arm-none-eabi/lib/thumb/v6-m\libc_nano.a(lib_a-malloc.o)
 .ARM.attributes
                0x00000830       0x2c c:/users/b4t/downloads/sloeber-ide-v4.4.3-win32.win32.x86_64/sloeber/arduinoplugin/packages/arduino/tools/arm-none-eabi-gcc/7-2017q4/bin/../lib/gcc/arm-none-eabi/7.2.1/../../../../arm-none-eabi/lib/thumb/v6-m\libc_nano.a(lib_a-memcpy-stub.o)
 .ARM.attributes
                0x0000085c       0x2c c:/users/b4t/downloads/sloeber-ide-v4.4.3-win32.win32.x86_64/sloeber/arduinoplugin/packages/arduino/tools/arm-none-eabi-gcc/7-2017q4/bin/../lib/gcc/arm-none-eabi/7.2.1/../../../../arm-none-eabi/lib/thumb/v6-m\libc_nano.a(lib_a-memset.o)
 .ARM.attributes
                0x00000888       0x2c c:/users/b4t/downloads/sloeber-ide-v4.4.3-win32.win32.x86_64/sloeber/arduinoplugin/packages/arduino/tools/arm-none-eabi-gcc/7-2017q4/bin/../lib/gcc/arm-none-eabi/7.2.1/../../../../arm-none-eabi/lib/thumb/v6-m\libc_nano.a(lib_a-nano-freer.o)
 .ARM.attributes
                0x000008b4       0x2c c:/users/b4t/downloads/sloeber-ide-v4.4.3-win32.win32.x86_64/sloeber/arduinoplugin/packages/arduino/tools/arm-none-eabi-gcc/7-2017q4/bin/../lib/gcc/arm-none-eabi/7.2.1/../../../../arm-none-eabi/lib/thumb/v6-m\libc_nano.a(lib_a-nano-mallocr.o)
 .ARM.attributes
                0x000008e0       0x2c c:/users/b4t/downloads/sloeber-ide-v4.4.3-win32.win32.x86_64/sloeber/arduinoplugin/packages/arduino/tools/arm-none-eabi-gcc/7-2017q4/bin/../lib/gcc/arm-none-eabi/7.2.1/../../../../arm-none-eabi/lib/thumb/v6-m\libc_nano.a(lib_a-sbrkr.o)
 .ARM.attributes
                0x0000090c       0x1c c:/users/b4t/downloads/sloeber-ide-v4.4.3-win32.win32.x86_64/sloeber/arduinoplugin/packages/arduino/tools/arm-none-eabi-gcc/7-2017q4/bin/../lib/gcc/arm-none-eabi/7.2.1/../../../../arm-none-eabi/lib/thumb/v6-m\libc_nano.a(lib_a-strlen.o)
 .ARM.attributes
                0x00000928       0x2c c:/users/b4t/downloads/sloeber-ide-v4.4.3-win32.win32.x86_64/sloeber/arduinoplugin/packages/arduino/tools/arm-none-eabi-gcc/7-2017q4/bin/../lib/gcc/arm-none-eabi/7.2.1/../../../../arm-none-eabi/lib/thumb/v6-m\libc_nano.a(lib_a-mlock.o)
 .ARM.attributes
                0x00000954       0x2c c:/users/b4t/downloads/sloeber-ide-v4.4.3-win32.win32.x86_64/sloeber/arduinoplugin/packages/arduino/tools/arm-none-eabi-gcc/7-2017q4/bin/../lib/gcc/arm-none-eabi/7.2.1/../../../../arm-none-eabi/lib/thumb/v6-m\libc_nano.a(lib_a-reent.o)
 .ARM.attributes
                0x00000980       0x2c c:/users/b4t/downloads/sloeber-ide-v4.4.3-win32.win32.x86_64/sloeber/arduinoplugin/packages/arduino/tools/arm-none-eabi-gcc/7-2017q4/bin/../lib/gcc/arm-none-eabi/7.2.1/../../../../arm-none-eabi/lib/thumb/v6-m\libnosys.a(sbrk.o)
 .ARM.attributes
                0x000009ac       0x2c c:/users/b4t/downloads/sloeber-ide-v4.4.3-win32.win32.x86_64/sloeber/arduinoplugin/packages/arduino/tools/arm-none-eabi-gcc/7-2017q4/bin/../lib/gcc/arm-none-eabi/7.2.1/thumb/v6-m/crtend.o
 .ARM.attributes
                0x000009d8       0x1e c:/users/b4t/downloads/sloeber-ide-v4.4.3-win32.win32.x86_64/sloeber/arduinoplugin/packages/arduino/tools/arm-none-eabi-gcc/7-2017q4/bin/../lib/gcc/arm-none-eabi/7.2.1/thumb/v6-m/crtn.o

.comment        0x00000000       0x7e
 .comment       0x00000000       0x7e .\DynamentSensor.cpp.o
                                 0x7f (size before relaxing)
 .comment       0x0000007e       0x7f .\app.cpp.o
 .comment       0x0000007e       0x7f .\sloeber.ino.cpp.o
 .comment       0x0000007e       0x7f .\core\variant\variant.cpp.o
 .comment       0x0000007e       0x7f C:\Users\B4T\Documents\sloeber-workspace\TEST_MKR1010\Release\arduino.ar(CDC.cpp.o)
 .comment       0x0000007e       0x7f C:\Users\B4T\Documents\sloeber-workspace\TEST_MKR1010\Release\arduino.ar(PluggableUSB.cpp.o)
 .comment       0x0000007e       0x7f C:\Users\B4T\Documents\sloeber-workspace\TEST_MKR1010\Release\arduino.ar(USBCore.cpp.o)
 .comment       0x0000007e       0x7f C:\Users\B4T\Documents\sloeber-workspace\TEST_MKR1010\Release\arduino.ar(Print.cpp.o)
 .comment       0x0000007e       0x7f C:\Users\B4T\Documents\sloeber-workspace\TEST_MKR1010\Release\arduino.ar(Reset.cpp.o)
 .comment       0x0000007e       0x7f C:\Users\B4T\Documents\sloeber-workspace\TEST_MKR1010\Release\arduino.ar(SERCOM.cpp.o)
 .comment       0x0000007e       0x7f C:\Users\B4T\Documents\sloeber-workspace\TEST_MKR1010\Release\arduino.ar(Uart.cpp.o)
 .comment       0x0000007e       0x7f C:\Users\B4T\Documents\sloeber-workspace\TEST_MKR1010\Release\arduino.ar(cortex_handlers.c.o)
 .comment       0x0000007e       0x7f C:\Users\B4T\Documents\sloeber-workspace\TEST_MKR1010\Release\arduino.ar(delay.c.o)
 .comment       0x0000007e       0x7f C:\Users\B4T\Documents\sloeber-workspace\TEST_MKR1010\Release\arduino.ar(hooks.c.o)
 .comment       0x0000007e       0x7f C:\Users\B4T\Documents\sloeber-workspace\TEST_MKR1010\Release\arduino.ar(main.cpp.o)
 .comment       0x0000007e       0x7f C:\Users\B4T\Documents\sloeber-workspace\TEST_MKR1010\Release\arduino.ar(new.cpp.o)
 .comment       0x0000007e       0x7f C:\Users\B4T\Documents\sloeber-workspace\TEST_MKR1010\Release\arduino.ar(startup.c.o)
 .comment       0x0000007e       0x7f C:\Users\B4T\Documents\sloeber-workspace\TEST_MKR1010\Release\arduino.ar(wiring.c.o)
 .comment       0x0000007e       0x7f C:\Users\B4T\Documents\sloeber-workspace\TEST_MKR1010\Release\arduino.ar(wiring_analog.c.o)
 .comment       0x0000007e       0x7f C:\Users\B4T\Documents\sloeber-workspace\TEST_MKR1010\Release\arduino.ar(wiring_digital.c.o)
 .comment       0x0000007e       0x7f C:\Users\B4T\Documents\sloeber-workspace\TEST_MKR1010\Release\arduino.ar(wiring_private.c.o)

.debug_info     0x00000000    0x5df4d
 .debug_info    0x00000000     0x5825 .\DynamentSensor.cpp.o
 .debug_info    0x00005825     0x5256 .\app.cpp.o
 .debug_info    0x0000aa7b     0x4a44 .\sloeber.ino.cpp.o
 .debug_info    0x0000f4bf     0x780b .\core\variant\variant.cpp.o
 .debug_info    0x00016cca     0x98d8 C:\Users\B4T\Documents\sloeber-workspace\TEST_MKR1010\Release\arduino.ar(CDC.cpp.o)
 .debug_info    0x000205a2     0x1a87 C:\Users\B4T\Documents\sloeber-workspace\TEST_MKR1010\Release\arduino.ar(PluggableUSB.cpp.o)
 .debug_info    0x00022029     0xc5ea C:\Users\B4T\Documents\sloeber-workspace\TEST_MKR1010\Release\arduino.ar(USBCore.cpp.o)
 .debug_info    0x0002e613     0x7135 C:\Users\B4T\Documents\sloeber-workspace\TEST_MKR1010\Release\arduino.ar(Print.cpp.o)
 .debug_info    0x00035748     0x502e C:\Users\B4T\Documents\sloeber-workspace\TEST_MKR1010\Release\arduino.ar(Reset.cpp.o)
 .debug_info    0x0003a776     0x5f47 C:\Users\B4T\Documents\sloeber-workspace\TEST_MKR1010\Release\arduino.ar(SERCOM.cpp.o)
 .debug_info    0x000406bd     0x794d C:\Users\B4T\Documents\sloeber-workspace\TEST_MKR1010\Release\arduino.ar(Uart.cpp.o)
 .debug_info    0x0004800a     0x10f5 C:\Users\B4T\Documents\sloeber-workspace\TEST_MKR1010\Release\arduino.ar(cortex_handlers.c.o)
 .debug_info    0x000490ff     0x1389 C:\Users\B4T\Documents\sloeber-workspace\TEST_MKR1010\Release\arduino.ar(delay.c.o)
 .debug_info    0x0004a488       0x64 C:\Users\B4T\Documents\sloeber-workspace\TEST_MKR1010\Release\arduino.ar(hooks.c.o)
 .debug_info    0x0004a4ec     0x4a6c C:\Users\B4T\Documents\sloeber-workspace\TEST_MKR1010\Release\arduino.ar(main.cpp.o)
 .debug_info    0x0004ef58      0xf3b C:\Users\B4T\Documents\sloeber-workspace\TEST_MKR1010\Release\arduino.ar(new.cpp.o)
 .debug_info    0x0004fe93     0x34b7 C:\Users\B4T\Documents\sloeber-workspace\TEST_MKR1010\Release\arduino.ar(startup.c.o)
 .debug_info    0x0005334a     0x2d63 C:\Users\B4T\Documents\sloeber-workspace\TEST_MKR1010\Release\arduino.ar(wiring.c.o)
 .debug_info    0x000560ad     0x4eef C:\Users\B4T\Documents\sloeber-workspace\TEST_MKR1010\Release\arduino.ar(wiring_analog.c.o)
 .debug_info    0x0005af9c     0x17e3 C:\Users\B4T\Documents\sloeber-workspace\TEST_MKR1010\Release\arduino.ar(wiring_digital.c.o)
 .debug_info    0x0005c77f     0x17ce C:\Users\B4T\Documents\sloeber-workspace\TEST_MKR1010\Release\arduino.ar(wiring_private.c.o)

.debug_abbrev   0x00000000     0x72f0
 .debug_abbrev  0x00000000      0x841 .\DynamentSensor.cpp.o
 .debug_abbrev  0x00000841      0x612 .\app.cpp.o
 .debug_abbrev  0x00000e53      0x4eb .\sloeber.ino.cpp.o
 .debug_abbrev  0x0000133e      0x644 .\core\variant\variant.cpp.o
 .debug_abbrev  0x00001982      0xade C:\Users\B4T\Documents\sloeber-workspace\TEST_MKR1010\Release\arduino.ar(CDC.cpp.o)
 .debug_abbrev  0x00002460      0x550 C:\Users\B4T\Documents\sloeber-workspace\TEST_MKR1010\Release\arduino.ar(PluggableUSB.cpp.o)
 .debug_abbrev  0x000029b0      0xc1d C:\Users\B4T\Documents\sloeber-workspace\TEST_MKR1010\Release\arduino.ar(USBCore.cpp.o)
 .debug_abbrev  0x000035cd      0x826 C:\Users\B4T\Documents\sloeber-workspace\TEST_MKR1010\Release\arduino.ar(Print.cpp.o)
 .debug_abbrev  0x00003df3      0x5b4 C:\Users\B4T\Documents\sloeber-workspace\TEST_MKR1010\Release\arduino.ar(Reset.cpp.o)
 .debug_abbrev  0x000043a7      0x786 C:\Users\B4T\Documents\sloeber-workspace\TEST_MKR1010\Release\arduino.ar(SERCOM.cpp.o)
 .debug_abbrev  0x00004b2d      0x8a2 C:\Users\B4T\Documents\sloeber-workspace\TEST_MKR1010\Release\arduino.ar(Uart.cpp.o)
 .debug_abbrev  0x000053cf      0x29a C:\Users\B4T\Documents\sloeber-workspace\TEST_MKR1010\Release\arduino.ar(cortex_handlers.c.o)
 .debug_abbrev  0x00005669      0x304 C:\Users\B4T\Documents\sloeber-workspace\TEST_MKR1010\Release\arduino.ar(delay.c.o)
 .debug_abbrev  0x0000596d       0x49 C:\Users\B4T\Documents\sloeber-workspace\TEST_MKR1010\Release\arduino.ar(hooks.c.o)
 .debug_abbrev  0x000059b6      0x522 C:\Users\B4T\Documents\sloeber-workspace\TEST_MKR1010\Release\arduino.ar(main.cpp.o)
 .debug_abbrev  0x00005ed8      0x301 C:\Users\B4T\Documents\sloeber-workspace\TEST_MKR1010\Release\arduino.ar(new.cpp.o)
 .debug_abbrev  0x000061d9      0x2ac C:\Users\B4T\Documents\sloeber-workspace\TEST_MKR1010\Release\arduino.ar(startup.c.o)
 .debug_abbrev  0x00006485      0x3a1 C:\Users\B4T\Documents\sloeber-workspace\TEST_MKR1010\Release\arduino.ar(wiring.c.o)
 .debug_abbrev  0x00006826      0x47e C:\Users\B4T\Documents\sloeber-workspace\TEST_MKR1010\Release\arduino.ar(wiring_analog.c.o)
 .debug_abbrev  0x00006ca4      0x330 C:\Users\B4T\Documents\sloeber-workspace\TEST_MKR1010\Release\arduino.ar(wiring_digital.c.o)
 .debug_abbrev  0x00006fd4      0x31c C:\Users\B4T\Documents\sloeber-workspace\TEST_MKR1010\Release\arduino.ar(wiring_private.c.o)

.debug_loc      0x00000000     0x7049
 .debug_loc     0x00000000      0xa54 .\DynamentSensor.cpp.o
 .debug_loc     0x00000a54       0x2a .\app.cpp.o
 .debug_loc     0x00000a7e       0x7f .\core\variant\variant.cpp.o
 .debug_loc     0x00000afd      0x806 C:\Users\B4T\Documents\sloeber-workspace\TEST_MKR1010\Release\arduino.ar(CDC.cpp.o)
 .debug_loc     0x00001303      0x2c7 C:\Users\B4T\Documents\sloeber-workspace\TEST_MKR1010\Release\arduino.ar(PluggableUSB.cpp.o)
 .debug_loc     0x000015ca     0x27b7 C:\Users\B4T\Documents\sloeber-workspace\TEST_MKR1010\Release\arduino.ar(USBCore.cpp.o)